../Core/Src/main.c:179:13:app_init_payload	16	static
../Core/Src/main.c:214:13:servo_ramp_one	32	static
../Core/Src/main.c:226:13:servo_ramp_pair	32	static
../Core/Src/main.c:242:13:servos_all_neutral	16	static
../Core/Src/main.c:264:13:app_servo_show	16	static
../Core/Src/main.c:306:19:mpu_send_packet	24	static,ignoring_inline_asm
../Core/Src/main.c:330:17:crc16_ccitt	24	static
../Core/Src/main.c:349:13:app_handle_link_rx	24	static
../Core/Src/main.c:411:21:clampf	24	static
../Core/Src/main.c:416:24:fin_us	24	static
../Core/Src/main.c:439:13:app_run_control	32	static
../Core/Src/main.c:487:13:wrap_mdeg_180	16	static
../Core/Src/main.c:494:12:fmt_milli_2dp	56	static
../Core/Src/main.c:518:13:app_emit_telemetry	160	static
../Core/Src/main.c:562:5:main	8	static
../Core/Src/main.c:630:6:SystemClock_Config	120	static
../Core/Src/main.c:689:13:MX_I2C1_Init	8	static
../Core/Src/main.c:737:13:MX_I2C2_Init	8	static
../Core/Src/main.c:785:13:MX_RTC_Init	8	static
../Core/Src/main.c:821:13:MX_SPI1_Init	8	static
../Core/Src/main.c:869:13:MX_SPI2_Init	8	static
../Core/Src/main.c:917:13:MX_SPI4_Init	8	static
../Core/Src/main.c:965:13:MX_USART1_UART_Init	8	static
../Core/Src/main.c:1013:13:MX_USART2_UART_Init	8	static
../Core/Src/main.c:1061:13:MX_USART3_UART_Init	8	static
../Core/Src/main.c:1109:13:MX_GPIO_Init	56	static
../Core/Src/main.c:1223:6:HAL_GPIO_EXTI_Callback	16	static
../Core/Src/main.c:1234:6:HAL_UART_RxCpltCallback	16	static
../Core/Src/main.c:1241:6:HAL_UART_TxCpltCallback	16	static
../Core/Src/main.c:1254:6:EXTI15_10_IRQHandler	8	static
../Core/Src/main.c:1263:6:USART1_IRQHandler	8	static
../Core/Src/main.c:1272:6:MPU_Config	24	static
../Core/Src/main.c:1303:6:Error_Handler	4	static,ignoring_inline_asm
