../Core/Src/main.c:97:5:main	6
../Core/Src/main.c:242:6:SystemClock_Config	4
../Core/Src/main.c:301:13:MX_I2C1_Init	4
../Core/Src/main.c:349:13:MX_I2C2_Init	4
../Core/Src/main.c:397:13:MX_RTC_Init	2
../Core/Src/main.c:433:13:MX_SPI1_Init	2
../Core/Src/main.c:481:13:MX_SPI2_Init	2
../Core/Src/main.c:529:13:MX_SPI4_Init	2
../Core/Src/main.c:577:13:MX_USART1_UART_Init	5
../Core/Src/main.c:625:13:MX_USART2_UART_Init	5
../Core/Src/main.c:673:13:MX_USART3_UART_Init	5
../Core/Src/main.c:721:13:MX_GPIO_Init	1
../Core/Src/main.c:827:6:MPU_Config	1
../Core/Src/main.c:858:6:Error_Handler	1
