../Core/Src/main.c:179:13:app_init_payload	2
../Core/Src/main.c:214:13:servo_ramp_one	6
../Core/Src/main.c:226:13:servo_ramp_pair	6
../Core/Src/main.c:242:13:servos_all_neutral	2
../Core/Src/main.c:264:13:app_servo_show	3
../Core/Src/main.c:306:19:mpu_send_packet	6
../Core/Src/main.c:330:17:crc16_ccitt	4
../Core/Src/main.c:349:13:app_handle_link_rx	7
../Core/Src/main.c:411:21:clampf	3
../Core/Src/main.c:416:24:fin_us	3
../Core/Src/main.c:439:13:app_run_control	5
../Core/Src/main.c:487:13:wrap_mdeg_180	3
../Core/Src/main.c:494:12:fmt_milli_2dp	3
../Core/Src/main.c:518:13:app_emit_telemetry	2
../Core/Src/main.c:562:5:main	1
../Core/Src/main.c:630:6:SystemClock_Config	4
../Core/Src/main.c:689:13:MX_I2C1_Init	4
../Core/Src/main.c:737:13:MX_I2C2_Init	4
../Core/Src/main.c:785:13:MX_RTC_Init	2
../Core/Src/main.c:821:13:MX_SPI1_Init	2
../Core/Src/main.c:869:13:MX_SPI2_Init	2
../Core/Src/main.c:917:13:MX_SPI4_Init	2
../Core/Src/main.c:965:13:MX_USART1_UART_Init	5
../Core/Src/main.c:1013:13:MX_USART2_UART_Init	5
../Core/Src/main.c:1061:13:MX_USART3_UART_Init	5
../Core/Src/main.c:1109:13:MX_GPIO_Init	1
../Core/Src/main.c:1223:6:HAL_GPIO_EXTI_Callback	3
../Core/Src/main.c:1234:6:HAL_UART_RxCpltCallback	2
../Core/Src/main.c:1241:6:HAL_UART_TxCpltCallback	2
../Core/Src/main.c:1254:6:EXTI15_10_IRQHandler	1
../Core/Src/main.c:1263:6:USART1_IRQHandler	1
../Core/Src/main.c:1272:6:MPU_Config	1
../Core/Src/main.c:1303:6:Error_Handler	1
