../Core/Src/W25X0XGV.c:9:20:CS_LOW	8	static
../Core/Src/W25X0XGV.c:10:20:CS_HIGH	8	static
../Core/Src/W25X0XGV.c:12:13:spi_tx	16	static
../Core/Src/W25X0XGV.c:18:13:spi_txrx	32	static
../Core/Src/W25X0XGV.c:24:13:spi_tx_then_rx	32	static
../Core/Src/W25X0XGV.c:33:17:max_page	4	static
../Core/Src/W25X0XGV.c:38:16:read_status_reg	24	static
../Core/Src/W25X0XGV.c:46:13:write_enable	16	static
../Core/Src/W25X0XGV.c:51:16:wait_ready	16	static
../Core/Src/W25X0XGV.c:60:16:ensure_wel	16	static
../Core/Src/W25X0XGV.c:69:16:write_status_reg	24	static
../Core/Src/W25X0XGV.c:82:13:die_select	24	static
../Core/Src/W25X0XGV.c:88:16:die_select_by_page	24	static
../Core/Src/W25X0XGV.c:99:16:read_jedec	24	static
../Core/Src/W25X0XGV.c:112:9:W25X0XGV_begin	16	static
../Core/Src/W25X0XGV.c:156:9:W25X0XGV_get_model	16	static
../Core/Src/W25X0XGV.c:162:9:W25X0XGV_block_erase	24	static
../Core/Src/W25X0XGV.c:180:9:W25X0XGV_bulk_erase	16	static
../Core/Src/W25X0XGV.c:189:9:W25X0XGV_load_prog_data	24	static
../Core/Src/W25X0XGV.c:209:9:W25X0XGV_program_execute	24	static
../Core/Src/W25X0XGV.c:227:9:W25X0XGV_page_data_read	24	static
../Core/Src/W25X0XGV.c:242:9:W25X0XGV_read	24	static
../Core/Src/W25X0XGV.c:269:9:flash_self_test	4120	static
