../Core/Src/W25X0XGV.c:104:20:CS_LOW	8	static
../Core/Src/W25X0XGV.c:105:20:CS_HIGH	8	static
../Core/Src/W25X0XGV.c:107:13:spi_tx	16	static
../Core/Src/W25X0XGV.c:113:13:spi_txrx	32	static
../Core/Src/W25X0XGV.c:119:13:spi_tx_then_rx	32	static
../Core/Src/W25X0XGV.c:128:17:max_page	4	static
../Core/Src/W25X0XGV.c:133:16:read_status_reg	24	static
../Core/Src/W25X0XGV.c:141:13:write_enable	16	static
../Core/Src/W25X0XGV.c:146:16:wait_ready	16	static
../Core/Src/W25X0XGV.c:155:16:ensure_wel	16	static
../Core/Src/W25X0XGV.c:164:16:write_status_reg	24	static
../Core/Src/W25X0XGV.c:177:13:die_select	24	static
../Core/Src/W25X0XGV.c:183:16:die_select_by_page	24	static
../Core/Src/W25X0XGV.c:194:16:read_jedec	24	static
../Core/Src/W25X0XGV.c:207:9:W25X0XGV_begin	16	static
../Core/Src/W25X0XGV.c:251:9:W25X0XGV_get_model	16	static
../Core/Src/W25X0XGV.c:257:9:W25X0XGV_block_erase	24	static
../Core/Src/W25X0XGV.c:275:9:W25X0XGV_bulk_erase	16	static
../Core/Src/W25X0XGV.c:284:9:W25X0XGV_load_prog_data	24	static
../Core/Src/W25X0XGV.c:304:9:W25X0XGV_program_execute	24	static
../Core/Src/W25X0XGV.c:322:9:W25X0XGV_page_data_read	24	static
../Core/Src/W25X0XGV.c:337:9:W25X0XGV_read	24	static
../Core/Src/W25X0XGV.c:364:9:flash_self_test	4120	static
