../Core/Src/main.c:113:19:phi_from_mag	56	static
../Core/Src/main.c:175:5:main	344	static
../Core/Src/main.c:475:6:SystemClock_Config	88	static
../Core/Src/main.c:521:13:MX_I2C1_Init	8	static
../Core/Src/main.c:555:13:MX_I2C2_Init	8	static
../Core/Src/main.c:589:13:MX_RTC_Init	8	static
../Core/Src/main.c:624:13:MX_SPI1_Init	8	static
../Core/Src/main.c:662:13:MX_SPI2_Init	8	static
../Core/Src/main.c:700:13:MX_USART1_UART_Init	8	static
../Core/Src/main.c:733:13:MX_USART2_UART_Init	8	static
../Core/Src/main.c:766:13:MX_GPIO_Init	48	static
../Core/Src/main.c:849:6:HAL_GPIO_EXTI_Callback	24	static
../Core/Src/main.c:879:6:Error_Handler	4	static,ignoring_inline_asm
