../Core/Src/main.c:173:19:phi_from_mag	56	static
../Core/Src/main.c:260:17:crc16_ccitt	24	static
../Core/Src/main.c:278:13:app_init_sensors	8	static
../Core/Src/main.c:298:13:app_arm_uart_rx	8	static
../Core/Src/main.c:312:13:app_handle_imu_accel	40	static
../Core/Src/main.c:342:13:app_handle_imu_gyro	120	static
../Core/Src/main.c:412:13:app_handle_baro	8	static
../Core/Src/main.c:427:13:app_handle_mag	64	static
../Core/Src/main.c:469:13:app_handle_link_rx	8	static
../Core/Src/main.c:487:13:app_emit_telemetry	144	static
../Core/Src/main.c:515:13:app_send_state	40	static
../Core/Src/main.c:551:19:nav_send_packet	24	static,ignoring_inline_asm
../Core/Src/main.c:579:5:main	8	static
../Core/Src/main.c:647:6:SystemClock_Config	88	static
../Core/Src/main.c:693:13:MX_I2C1_Init	8	static
../Core/Src/main.c:727:13:MX_I2C2_Init	8	static
../Core/Src/main.c:761:13:MX_RTC_Init	8	static
../Core/Src/main.c:796:13:MX_SPI1_Init	8	static
../Core/Src/main.c:834:13:MX_SPI2_Init	8	static
../Core/Src/main.c:872:13:MX_USART1_UART_Init	8	static
../Core/Src/main.c:905:13:MX_USART2_UART_Init	8	static
../Core/Src/main.c:938:13:MX_GPIO_Init	48	static
../Core/Src/main.c:1029:6:HAL_GPIO_EXTI_Callback	24	static
../Core/Src/main.c:1065:6:HAL_UART_RxCpltCallback	16	static
../Core/Src/main.c:1072:6:HAL_UART_TxCpltCallback	16	static
../Core/Src/main.c:1086:6:EXTI15_10_IRQHandler	8	static
../Core/Src/main.c:1096:6:USART1_IRQHandler	8	static
../Core/Src/main.c:1107:6:Error_Handler	4	static,ignoring_inline_asm
