../Core/Src/main.c:126:5:main	5
../Core/Src/main.c:313:6:SystemClock_Config	3
../Core/Src/main.c:359:13:MX_I2C1_Init	2
../Core/Src/main.c:393:13:MX_I2C2_Init	2
../Core/Src/main.c:427:13:MX_RTC_Init	2
../Core/Src/main.c:462:13:MX_SPI1_Init	2
../Core/Src/main.c:500:13:MX_SPI2_Init	2
../Core/Src/main.c:538:13:MX_USART1_UART_Init	2
../Core/Src/main.c:571:13:MX_USART2_UART_Init	2
../Core/Src/main.c:604:13:MX_GPIO_Init	1
../Core/Src/main.c:687:6:HAL_GPIO_EXTI_Callback	4
../Core/Src/main.c:717:6:Error_Handler	1
