Archive member included to satisfy reference by file (symbol)

/Applications/STM32CubeIDE.app/Contents/Eclipse/plugins/com.st.stm32cube.ide.mcu.externaltools.gnu-tools-for-stm32.13.3.rel1.macos64_1.0.0.202411102158/tools/bin/../lib/gcc/arm-none-eabi/13.3.1/../../../../arm-none-eabi/lib/thumb/v7e-m+dp/hard/libc_nano.a(libc_a-exit.o)
                              /Applications/STM32CubeIDE.app/Contents/Eclipse/plugins/com.st.stm32cube.ide.mcu.externaltools.gnu-tools-for-stm32.13.3.rel1.macos64_1.0.0.202411102158/tools/bin/../lib/gcc/arm-none-eabi/13.3.1/../../../../arm-none-eabi/lib/thumb/v7e-m+dp/hard/crt0.o (exit)
/Applications/STM32CubeIDE.app/Contents/Eclipse/plugins/com.st.stm32cube.ide.mcu.externaltools.gnu-tools-for-stm32.13.3.rel1.macos64_1.0.0.202411102158/tools/bin/../lib/gcc/arm-none-eabi/13.3.1/../../../../arm-none-eabi/lib/thumb/v7e-m+dp/hard/libc_nano.a(libc_a-findfp.o)
                              /Applications/STM32CubeIDE.app/Contents/Eclipse/plugins/com.st.stm32cube.ide.mcu.externaltools.gnu-tools-for-stm32.13.3.rel1.macos64_1.0.0.202411102158/tools/bin/../lib/gcc/arm-none-eabi/13.3.1/../../../../arm-none-eabi/lib/thumb/v7e-m+dp/hard/libc_nano.a(libc_a-exit.o) (__stdio_exit_handler)
/Applications/STM32CubeIDE.app/Contents/Eclipse/plugins/com.st.stm32cube.ide.mcu.externaltools.gnu-tools-for-stm32.13.3.rel1.macos64_1.0.0.202411102158/tools/bin/../lib/gcc/arm-none-eabi/13.3.1/../../../../arm-none-eabi/lib/thumb/v7e-m+dp/hard/libc_nano.a(libc_a-fwalk.o)
                              /Applications/STM32CubeIDE.app/Contents/Eclipse/plugins/com.st.stm32cube.ide.mcu.externaltools.gnu-tools-for-stm32.13.3.rel1.macos64_1.0.0.202411102158/tools/bin/../lib/gcc/arm-none-eabi/13.3.1/../../../../arm-none-eabi/lib/thumb/v7e-m+dp/hard/libc_nano.a(libc_a-findfp.o) (_fwalk_sglue)
/Applications/STM32CubeIDE.app/Contents/Eclipse/plugins/com.st.stm32cube.ide.mcu.externaltools.gnu-tools-for-stm32.13.3.rel1.macos64_1.0.0.202411102158/tools/bin/../lib/gcc/arm-none-eabi/13.3.1/../../../../arm-none-eabi/lib/thumb/v7e-m+dp/hard/libc_nano.a(libc_a-memset.o)
                              /Applications/STM32CubeIDE.app/Contents/Eclipse/plugins/com.st.stm32cube.ide.mcu.externaltools.gnu-tools-for-stm32.13.3.rel1.macos64_1.0.0.202411102158/tools/bin/../lib/gcc/arm-none-eabi/13.3.1/../../../../arm-none-eabi/lib/thumb/v7e-m+dp/hard/crt0.o (memset)
/Applications/STM32CubeIDE.app/Contents/Eclipse/plugins/com.st.stm32cube.ide.mcu.externaltools.gnu-tools-for-stm32.13.3.rel1.macos64_1.0.0.202411102158/tools/bin/../lib/gcc/arm-none-eabi/13.3.1/../../../../arm-none-eabi/lib/thumb/v7e-m+dp/hard/libc_nano.a(libc_a-errno.o)
                              ./Core/Src/syscalls.o (__errno)
/Applications/STM32CubeIDE.app/Contents/Eclipse/plugins/com.st.stm32cube.ide.mcu.externaltools.gnu-tools-for-stm32.13.3.rel1.macos64_1.0.0.202411102158/tools/bin/../lib/gcc/arm-none-eabi/13.3.1/../../../../arm-none-eabi/lib/thumb/v7e-m+dp/hard/libc_nano.a(libc_a-init.o)
                              /Applications/STM32CubeIDE.app/Contents/Eclipse/plugins/com.st.stm32cube.ide.mcu.externaltools.gnu-tools-for-stm32.13.3.rel1.macos64_1.0.0.202411102158/tools/bin/../lib/gcc/arm-none-eabi/13.3.1/../../../../arm-none-eabi/lib/thumb/v7e-m+dp/hard/crt0.o (__libc_init_array)
/Applications/STM32CubeIDE.app/Contents/Eclipse/plugins/com.st.stm32cube.ide.mcu.externaltools.gnu-tools-for-stm32.13.3.rel1.macos64_1.0.0.202411102158/tools/bin/../lib/gcc/arm-none-eabi/13.3.1/../../../../arm-none-eabi/lib/thumb/v7e-m+dp/hard/libc_nano.a(libc_a-lock.o)
                              /Applications/STM32CubeIDE.app/Contents/Eclipse/plugins/com.st.stm32cube.ide.mcu.externaltools.gnu-tools-for-stm32.13.3.rel1.macos64_1.0.0.202411102158/tools/bin/../lib/gcc/arm-none-eabi/13.3.1/../../../../arm-none-eabi/lib/thumb/v7e-m+dp/hard/libc_nano.a(libc_a-findfp.o) (__retarget_lock_init_recursive)
/Applications/STM32CubeIDE.app/Contents/Eclipse/plugins/com.st.stm32cube.ide.mcu.externaltools.gnu-tools-for-stm32.13.3.rel1.macos64_1.0.0.202411102158/tools/bin/../lib/gcc/arm-none-eabi/13.3.1/../../../../arm-none-eabi/lib/thumb/v7e-m+dp/hard/libc_nano.a(libc_a-impure.o)
                              /Applications/STM32CubeIDE.app/Contents/Eclipse/plugins/com.st.stm32cube.ide.mcu.externaltools.gnu-tools-for-stm32.13.3.rel1.macos64_1.0.0.202411102158/tools/bin/../lib/gcc/arm-none-eabi/13.3.1/../../../../arm-none-eabi/lib/thumb/v7e-m+dp/hard/libc_nano.a(libc_a-errno.o) (_impure_ptr)
/Applications/STM32CubeIDE.app/Contents/Eclipse/plugins/com.st.stm32cube.ide.mcu.externaltools.gnu-tools-for-stm32.13.3.rel1.macos64_1.0.0.202411102158/tools/bin/../lib/gcc/arm-none-eabi/13.3.1/../../../../arm-none-eabi/lib/thumb/v7e-m+dp/hard/libc_nano.a(libc_a-mallocr.o)
[...]
Memory Configuration

Name             Origin             Length             Attributes
FLASH            0x08000000         0x00200000         xr
DTCMRAM          0x20000000         0x00020000         xrw
RAM_D1           0x24000000         0x00080000         xrw
RAM_D2           0x30000000         0x00048000         xrw
RAM_D3           0x38000000         0x00010000         xrw
ITCMRAM          0x00000000         0x00010000         xrw
*default*        0x00000000         0xffffffff

Linker script and memory map

LOAD /Applications/STM32CubeIDE.app/Contents/Eclipse/plugins/com.st.stm32cube.ide.mcu.externaltools.gnu-tools-for-stm32.13.3.rel1.macos64_1.0.0.202411102158/tools/bin/../lib/gcc/arm-none-eabi/13.3.1/thumb/v7e-m+dp/hard/crti.o
LOAD /Applications/STM32CubeIDE.app/Contents/Eclipse/plugins/com.st.stm32cube.ide.mcu.externaltools.gnu-tools-for-stm32.13.3.rel1.macos64_1.0.0.202411102158/tools/bin/../lib/gcc/arm-none-eabi/13.3.1/thumb/v7e-m+dp/hard/crtbegin.o
LOAD /Applications/STM32CubeIDE.app/Contents/Eclipse/plugins/com.st.stm32cube.ide.mcu.externaltools.gnu-tools-for-stm32.13.3.rel1.macos64_1.0.0.202411102158/tools/bin/../lib/gcc/arm-none-eabi/13.3.1/../../../../arm-none-eabi/lib/thumb/v7e-m+dp/hard/crt0.o
LOAD ./Core/Src/PCA9685.o
LOAD ./Core/Src/W25X0XGV.o
LOAD ./Core/Src/main.o
LOAD ./Core/Src/rfm95.o
LOAD ./Core/Src/stm32h7xx_hal_msp.o
LOAD ./Core/Src/stm32h7xx_it.o
LOAD ./Core/Src/syscalls.o
LOAD ./Core/Src/sysmem.o
LOAD ./Core/Src/system_stm32h7xx.o
LOAD ./Core/Startup/startup_stm32h753vitx.o
LOAD ./Drivers/STM32H7xx_HAL_Driver/Src/stm32h7xx_hal.o
LOAD ./Drivers/STM32H7xx_HAL_Driver/Src/stm32h7xx_hal_cortex.o
LOAD ./Drivers/STM32H7xx_HAL_Driver/Src/stm32h7xx_hal_dma.o
LOAD ./Drivers/STM32H7xx_HAL_Driver/Src/stm32h7xx_hal_dma_ex.o
LOAD ./Drivers/STM32H7xx_HAL_Driver/Src/stm32h7xx_hal_exti.o
LOAD ./Drivers/STM32H7xx_HAL_Driver/Src/stm32h7xx_hal_flash.o
LOAD ./Drivers/STM32H7xx_HAL_Driver/Src/stm32h7xx_hal_flash_ex.o
LOAD ./Drivers/STM32H7xx_HAL_Driver/Src/stm32h7xx_hal_gpio.o
LOAD ./Drivers/STM32H7xx_HAL_Driver/Src/stm32h7xx_hal_hsem.o
LOAD ./Drivers/STM32H7xx_HAL_Driver/Src/stm32h7xx_hal_i2c.o
LOAD ./Drivers/STM32H7xx_HAL_Driver/Src/stm32h7xx_hal_i2c_ex.o
LOAD ./Drivers/STM32H7xx_HAL_Driver/Src/stm32h7xx_hal_mdma.o
LOAD ./Drivers/STM32H7xx_HAL_Driver/Src/stm32h7xx_hal_pcd.o
LOAD ./Drivers/STM32H7xx_HAL_Driver/Src/stm32h7xx_hal_pcd_ex.o
LOAD ./Drivers/STM32H7xx_HAL_Driver/Src/stm32h7xx_hal_pwr.o
LOAD ./Drivers/STM32H7xx_HAL_Driver/Src/stm32h7xx_hal_pwr_ex.o
LOAD ./Drivers/STM32H7xx_HAL_Driver/Src/stm32h7xx_hal_rcc.o
LOAD ./Drivers/STM32H7xx_HAL_Driver/Src/stm32h7xx_hal_rcc_ex.o
LOAD ./Drivers/STM32H7xx_HAL_Driver/Src/stm32h7xx_hal_rtc.o
LOAD ./Drivers/STM32H7xx_HAL_Driver/Src/stm32h7xx_hal_rtc_ex.o
LOAD ./Drivers/STM32H7xx_HAL_Driver/Src/stm32h7xx_hal_spi.o
LOAD ./Drivers/STM32H7xx_HAL_Driver/Src/stm32h7xx_hal_spi_ex.o
LOAD ./Drivers/STM32H7xx_HAL_Driver/Src/stm32h7xx_hal_tim.o
LOAD ./Drivers/STM32H7xx_HAL_Driver/Src/stm32h7xx_hal_tim_ex.o
LOAD ./Drivers/STM32H7xx_HAL_Driver/Src/stm32h7xx_hal_uart.o
LOAD ./Drivers/STM32H7xx_HAL_Driver/Src/stm32h7xx_hal_uart_ex.o
LOAD ./Drivers/STM32H7xx_HAL_Driver/Src/stm32h7xx_ll_usb.o
LOAD ./Middlewares/ST/STM32_USB_Device_Library/Class/CDC/Src/usbd_cdc.o
LOAD ./Middlewares/ST/STM32_USB_Device_Library/Core/Src/usbd_core.o
LOAD ./Middlewares/ST/STM32_USB_Device_Library/Core/Src/usbd_ctlreq.o
LOAD ./Middlewares/ST/STM32_USB_Device_Library/Core/Src/usbd_ioreq.o
LOAD ./USB_DEVICE/App/usb_device.o
LOAD ./USB_DEVICE/App/usbd_cdc_if.o
LOAD ./USB_DEVICE/App/usbd_desc.o
LOAD ./USB_DEVICE/Target/usbd_conf.o
START GROUP
LOAD /Applications/STM32CubeIDE.app/Contents/Eclipse/plugins/com.st.stm32cube.ide.mcu.externaltools.gnu-tools-for-stm32.13.3.rel1.macos64_1.0.0.202411102158/tools/bin/../lib/gcc/arm-none-eabi/13.3.1/../../../../arm-none-eabi/lib/thumb/v7e-m+dp/hard/libc_nano.a
LOAD /Applications/STM32CubeIDE.app/Contents/Eclipse/plugins/com.st.stm32cube.ide.mcu.externaltools.gnu-tools-for-stm32.13.3.rel1.macos64_1.0.0.202411102158/tools/bin/../lib/gcc/arm-none-eabi/13.3.1/../../../../arm-none-eabi/lib/thumb/v7e-m+dp/hard/libm.a
END GROUP
START GROUP
LOAD /Applications/STM32CubeIDE.app/Contents/Eclipse/plugins/com.st.stm32cube.ide.mcu.externaltools.gnu-tools-for-stm32.13.3.rel1.macos64_1.0.0.202411102158/tools/bin/../lib/gcc/arm-none-eabi/13.3.1/thumb/v7e-m+dp/hard/libgcc.a
LOAD /Applications/STM32CubeIDE.app/Contents/Eclipse/plugins/com.st.stm32cube.ide.mcu.externaltools.gnu-tools-for-stm32.13.3.rel1.macos64_1.0.0.202411102158/tools/bin/../lib/gcc/arm-none-eabi/13.3.1/../../../../arm-none-eabi/lib/thumb/v7e-m+dp/hard/libc_nano.a
END GROUP
START GROUP
LOAD /Applications/STM32CubeIDE.app/Contents/Eclipse/plugins/com.st.stm32cube.ide.mcu.externaltools.gnu-tools-for-stm32.13.3.rel1.macos64_1.0.0.202411102158/tools/bin/../lib/gcc/arm-none-eabi/13.3.1/thumb/v7e-m+dp/hard/libgcc.a
LOAD /Applications/STM32CubeIDE.app/Contents/Eclipse/plugins/com.st.stm32cube.ide.mcu.externaltools.gnu-tools-for-stm32.13.3.rel1.macos64_1.0.0.202411102158/tools/bin/../lib/gcc/arm-none-eabi/13.3.1/../../../../arm-none-eabi/lib/thumb/v7e-m+dp/hard/libc_nano.a
LOAD /Applications/STM32CubeIDE.app/Contents/Eclipse/plugins/com.st.stm32cube.ide.mcu.externaltools.gnu-tools-for-stm32.13.3.rel1.macos64_1.0.0.202411102158/tools/bin/../lib/gcc/arm-none-eabi/13.3.1/../../../../arm-none-eabi/lib/thumb/v7e-m+dp/hard/libnosys.a
END GROUP
START GROUP
LOAD /Applications/STM32CubeIDE.app/Contents/Eclipse/plugins/com.st.stm32cube.ide.mcu.externaltools.gnu-tools-for-stm32.13.3.rel1.macos64_1.0.0.202411102158/tools/bin/../lib/gcc/arm-none-eabi/13.3.1/thumb/v7e-m+dp/hard/libgcc.a
LOAD /Applications/STM32CubeIDE.app/Contents/Eclipse/plugins/com.st.stm32cube.ide.mcu.externaltools.gnu-tools-for-stm32.13.3.rel1.macos64_1.0.0.202411102158/tools/bin/../lib/gcc/arm-none-eabi/13.3.1/../../../../arm-none-eabi/lib/thumb/v7e-m+dp/hard/libc_nano.a
LOAD /Applications/STM32CubeIDE.app/Contents/Eclipse/plugins/com.st.stm32cube.ide.mcu.externaltools.gnu-tools-for-stm32.13.3.rel1.macos64_1.0.0.202411102158/tools/bin/../lib/gcc/arm-none-eabi/13.3.1/../../../../arm-none-eabi/lib/thumb/v7e-m+dp/hard/libnosys.a
END GROUP
LOAD /Applications/STM32CubeIDE.app/Contents/Eclipse/plugins/com.st.stm32cube.ide.mcu.externaltools.gnu-tools-for-stm32.13.3.rel1.macos64_1.0.0.202411102158/tools/bin/../lib/gcc/arm-none-eabi/13.3.1/thumb/v7e-m+dp/hard/crtend.o
LOAD /Applications/STM32CubeIDE.app/Contents/Eclipse/plugins/com.st.stm32cube.ide.mcu.externaltools.gnu-tools-for-stm32.13.3.rel1.macos64_1.0.0.202411102158/tools/bin/../lib/gcc/arm-none-eabi/13.3.1/thumb/v7e-m+dp/hard/crtn.o
                0x24080000                        _estack = (ORIGIN (RAM_D1) + LENGTH (RAM_D1))
                0x00000200                        _Min_Heap_Size = 0x200
                0x00000400                        _Min_Stack_Size = 0x400

.isr_vector     0x08000000      0x298
                0x08000000                        . = ALIGN (0x4)
 *(.isr_vector)
 .isr_vector    0x08000000      0x298 ./Core/Startup/startup_stm32h753vitx.o
                0x08000000                g_pfnVectors
                0x08000298                        . = ALIGN (0x4)

.text           0x08000298     0xe07c
                0x08000298                        . = ALIGN (0x4)
 *(.text)
 .text          0x08000298       0x40 /Applications/STM32CubeIDE.app/Contents/Eclipse/plugins/com.st.stm32cube.ide.mcu.externaltools.gnu-tools-for-stm32.13.3.rel1.macos64_1.0.0.202411102158/tools/bin/../lib/gcc/arm-none-eabi/13.3.1/thumb/v7e-m+dp/hard/crtbegin.o
 .text          0x080002d8       0x30 /Applications/STM32CubeIDE.app/Contents/Eclipse/plugins/com.st.stm32cube.ide.mcu.externaltools.gnu-tools-for-stm32.13.3.rel1.macos64_1.0.0.202411102158/tools/bin/../lib/gcc/arm-none-eabi/13.3.1/thumb/v7e-m+dp/hard/libgcc.a(_aeabi_uldivmod.o)
                0x080002d8                __aeabi_uldivmod
 .text          0x08000308      0x2f8 /Applications/STM32CubeIDE.app/Contents/Eclipse/plugins/com.st.stm32cube.ide.mcu.externaltools.gnu-tools-for-stm32.13.3.rel1.macos64_1.0.0.202411102158/tools/bin/../lib/gcc/arm-none-eabi/13.3.1/thumb/v7e-m+dp/hard/libgcc.a(_udivmoddi4.o)
                0x08000308                __udivmoddi4
 .text          0x08000600        0x4 /Applications/STM32CubeIDE.app/Contents/Eclipse/plugins/com.st.stm32cube.ide.mcu.externaltools.gnu-tools-for-stm32.13.3.rel1.macos64_1.0.0.202411102158/tools/bin/../lib/gcc/arm-none-eabi/13.3.1/thumb/v7e-m+dp/hard/libgcc.a(_dvmd_tls.o)
                0x08000600                __aeabi_ldiv0
                0x08000600                __aeabi_idiv0
 *(.text*)
 .text.PCA9685_Init
                0x08000604      0x174 ./Core/Src/PCA9685.o
                0x08000604                PCA9685_Init
 .text.PCA9685_SetMicros
                0x08000778       0x6c ./Core/Src/PCA9685.o
                0x08000778                PCA9685_SetMicros
 .text.PCA9685_SetPWM
                0x080007e4       0x62 ./Core/Src/PCA9685.o
                0x080007e4                PCA9685_SetPWM
 *fill*         0x08000846        0x2 
 .text.CS_LOW   0x08000848       0x18 ./Core/Src/W25X0XGV.o
 .text.CS_HIGH  0x08000860       0x18 ./Core/Src/W25X0XGV.o
 .text.spi_tx   0x08000878       0x2c ./Core/Src/W25X0XGV.o
 .text.spi_txrx
                0x080008a4       0x34 ./Core/Src/W25X0XGV.o
 .text.spi_tx_then_rx
                0x080008d8       0x4c ./Core/Src/W25X0XGV.o
 .text.max_page
                0x08000924       0x28 ./Core/Src/W25X0XGV.o
 .text.read_status_reg
                0x0800094c       0x3e ./Core/Src/W25X0XGV.o
 .text.write_enable
                0x0800098a       0x1c ./Core/Src/W25X0XGV.o
 *fill*         0x080009a6        0x2 
 .text.wait_ready
                0x080009a8       0x40 ./Core/Src/W25X0XGV.o
 .text.ensure_wel
                0x080009e8       0x3c ./Core/Src/W25X0XGV.o
 .text.write_status_reg
                0x08000a24       0x56 ./Core/Src/W25X0XGV.o
 *fill*         0x08000a7a        0x2 
 .text.die_select
                0x08000a7c       0x30 ./Core/Src/W25X0XGV.o
 .text.die_select_by_page
                0x08000aac       0x58 ./Core/Src/W25X0XGV.o
 .text.read_jedec
                0x08000b04       0x4c ./Core/Src/W25X0XGV.o
 .text.W25X0XGV_begin
                0x08000b50       0xcc ./Core/Src/W25X0XGV.o
                0x08000b50                W25X0XGV_begin
 .text.W25X0XGV_block_erase
                0x08000c1c       0x7c ./Core/Src/W25X0XGV.o
                0x08000c1c                W25X0XGV_block_erase
 .text.main     0x08000c98      0x188 ./Core/Src/main.o
                0x08000c98                main
 .text.SystemClock_Config
                0x08000e20       0xfc ./Core/Src/main.o
                0x08000e20                SystemClock_Config
 .text.MX_I2C1_Init
                0x08000f1c       0x80 ./Core/Src/main.o
 .text.MX_I2C2_Init
                0x08000f9c       0x80 ./Core/Src/main.o
 .text.MX_RTC_Init
                0x0800101c       0x50 ./Core/Src/main.o
 .text.MX_SPI1_Init
                0x0800106c       0xac ./Core/Src/main.o
 .text.MX_SPI2_Init
                0x08001118       0xac ./Core/Src/main.o
 .text.MX_SPI4_Init
                0x080011c4       0xac ./Core/Src/main.o
 .text.MX_USART1_UART_Init
                0x08001270       0x98 ./Core/Src/main.o
 .text.MX_USART2_UART_Init
                0x08001308       0x98 ./Core/Src/main.o
 .text.MX_USART3_UART_Init
                0x080013a0       0x98 ./Core/Src/main.o
 .text.MX_GPIO_Init
                0x08001438      0x204 ./Core/Src/main.o
 .text.MPU_Config
                0x0800163c       0x58 ./Core/Src/main.o
 .text.Error_Handler
                0x08001694        0xc ./Core/Src/main.o
                0x08001694                Error_Handler
 .text.rfm95_select
                0x080016a0       0x20 ./Core/Src/rfm95.o
 .text.rfm95_unselect
                0x080016c0       0x20 ./Core/Src/rfm95.o
 .text.rfm95_write_reg
                0x080016e0       0x52 ./Core/Src/rfm95.o
 .text.rfm95_read_reg
                0x08001732       0x6e ./Core/Src/rfm95.o
 .text.rfm95_reset
                0x080017a0       0x3e ./Core/Src/rfm95.o
                0x080017a0                rfm95_reset
 .text.rfm95_read_version
                0x080017de       0x1e ./Core/Src/rfm95.o
                0x080017de                rfm95_read_version
 .text.rfm95_init
                0x080017fc       0xe4 ./Core/Src/rfm95.o
                0x080017fc                rfm95_init
 .text.rfm95_set_frequency
                0x080018e0       0xb8 ./Core/Src/rfm95.o
                0x080018e0                rfm95_set_frequency
 .text.rfm95_config_lora
                0x08001998      0x1da ./Core/Src/rfm95.o
                0x08001998                rfm95_config_lora
 *fill*         0x08001b72        0x2 
 .text.HAL_MspInit
                0x08001b74       0x34 ./Core/Src/stm32h7xx_hal_msp.o
                0x08001b74                HAL_MspInit
 .text.HAL_I2C_MspInit
                0x08001ba8      0x170 ./Core/Src/stm32h7xx_hal_msp.o
                0x08001ba8                HAL_I2C_MspInit
 .text.HAL_RTC_MspInit
                0x08001d18       0x68 ./Core/Src/stm32h7xx_hal_msp.o
                0x08001d18                HAL_RTC_MspInit
 .text.HAL_SPI_MspInit
                0x08001d80      0x260 ./Core/Src/stm32h7xx_hal_msp.o
                0x08001d80                HAL_SPI_MspInit
 .text.HAL_UART_MspInit
                0x08001fe0      0x210 ./Core/Src/stm32h7xx_hal_msp.o
                0x08001fe0                HAL_UART_MspInit
 .text.NMI_Handler
                0x080021f0        0x8 ./Core/Src/stm32h7xx_it.o
                0x080021f0                NMI_Handler
 .text.HardFault_Handler
                0x080021f8        0x8 ./Core/Src/stm32h7xx_it.o
                0x080021f8                HardFault_Handler
 .text.MemManage_Handler
                0x08002200        0x8 ./Core/Src/stm32h7xx_it.o
                0x08002200                MemManage_Handler
 .text.BusFault_Handler
                0x08002208        0x8 ./Core/Src/stm32h7xx_it.o
                0x08002208                BusFault_Handler
 .text.UsageFault_Handler
                0x08002210        0x8 ./Core/Src/stm32h7xx_it.o
                0x08002210                UsageFault_Handler
 .text.SVC_Handler
                0x08002218        0xe ./Core/Src/stm32h7xx_it.o
                0x08002218                SVC_Handler
 .text.DebugMon_Handler
                0x08002226        0xe ./Core/Src/stm32h7xx_it.o
                0x08002226                DebugMon_Handler
 .text.PendSV_Handler
                0x08002234        0xe ./Core/Src/stm32h7xx_it.o
                0x08002234                PendSV_Handler
 .text.SysTick_Handler
                0x08002242        0xc ./Core/Src/stm32h7xx_it.o
                0x08002242                SysTick_Handler
 *fill*         0x0800224e        0x2 
 .text.OTG_FS_IRQHandler
                0x08002250       0x14 ./Core/Src/stm32h7xx_it.o
                0x08002250                OTG_FS_IRQHandler
 .text.SystemInit
                0x08002264      0x140 ./Core/Src/system_stm32h7xx.o
                0x08002264                SystemInit
 .text.ExitRun0Mode
                0x080023a4       0x30 ./Core/Src/system_stm32h7xx.o
                0x080023a4                ExitRun0Mode
 .text.Reset_Handler
                0x080023d4       0x54 ./Core/Startup/startup_stm32h753vitx.o
                0x080023d4                Reset_Handler
 .text.Default_Handler
                0x08002428        0x2 ./Core/Startup/startup_stm32h753vitx.o
                0x08002428                DMA1_Stream3_IRQHandler
                0x08002428                HASH_RNG_IRQHandler
                0x08002428                EXTI2_IRQHandler
                0x08002428                TIM8_CC_IRQHandler
                0x08002428                HRTIM1_Master_IRQHandler
                0x08002428                UART8_IRQHandler
                0x08002428                SPI4_IRQHandler
                0x08002428                TIM1_CC_IRQHandler
                0x08002428                BDMA_Channel6_IRQHandler
                0x08002428                DMA2_Stream5_IRQHandler
                0x08002428                HRTIM1_FLT_IRQHandler
                0x08002428                JPEG_IRQHandler
                0x08002428                DMA1_Stream5_IRQHandler
                0x08002428                BDMA_Channel1_IRQHandler
                0x08002428                HRTIM1_TIMD_IRQHandler
                0x08002428                TAMP_STAMP_IRQHandler
                0x08002428                EXTI3_IRQHandler
                0x08002428                LPTIM4_IRQHandler
                0x08002428                TIM8_TRG_COM_TIM14_IRQHandler
                0x08002428                LPTIM2_IRQHandler
                0x08002428                DFSDM1_FLT1_IRQHandler
                0x08002428                DMAMUX2_OVR_IRQHandler
                0x08002428                TIM8_UP_TIM13_IRQHandler
                0x08002428                I2C3_ER_IRQHandler
                0x08002428                DFSDM1_FLT2_IRQHandler
                0x08002428                MDMA_IRQHandler
                0x08002428                LPTIM3_IRQHandler
                0x08002428                HSEM1_IRQHandler
                0x08002428                EXTI0_IRQHandler
                0x08002428                I2C2_EV_IRQHandler
                0x08002428                DMA1_Stream2_IRQHandler
                0x08002428                FPU_IRQHandler
                0x08002428                OTG_HS_WKUP_IRQHandler
                0x08002428                FDCAN1_IT1_IRQHandler
                0x08002428                LTDC_ER_IRQHandler
                0x08002428                DMA2_Stream2_IRQHandler
                0x08002428                HRTIM1_TIME_IRQHandler
                0x08002428                SPI1_IRQHandler
                0x08002428                TIM6_DAC_IRQHandler
                0x08002428                DCMI_IRQHandler
                0x08002428                HRTIM1_TIMC_IRQHandler
                0x08002428                DMA2_Stream3_IRQHandler
                0x08002428                SAI2_IRQHandler
                0x08002428                DFSDM1_FLT3_IRQHandler
                0x08002428                USART6_IRQHandler
                0x08002428                TIM17_IRQHandler
                0x08002428                USART3_IRQHandler
                0x08002428                BDMA_Channel7_IRQHandler
                0x08002428                CRYP_IRQHandler
                0x08002428                LPTIM5_IRQHandler
                0x08002428                UART5_IRQHandler
                0x08002428                ADC3_IRQHandler
                0x08002428                DMA2_Stream0_IRQHandler
                0x08002428                TIM4_IRQHandler
                0x08002428                BDMA_Channel2_IRQHandler
                0x08002428                QUADSPI_IRQHandler
                0x08002428                I2C1_EV_IRQHandler
                0x08002428                DMA1_Stream6_IRQHandler
                0x08002428                DMAMUX1_OVR_IRQHandler
                0x08002428                DMA1_Stream1_IRQHandler
                0x08002428                TIM16_IRQHandler
                0x08002428                UART4_IRQHandler
                0x08002428                BDMA_Channel5_IRQHandler
                0x08002428                TIM3_IRQHandler
                0x08002428                RCC_IRQHandler
                0x08002428                TIM8_BRK_TIM12_IRQHandler
                0x08002428                TIM1_TRG_COM_IRQHandler
                0x08002428                Default_Handler
                0x08002428                ECC_IRQHandler
                0x08002428                CEC_IRQHandler
                0x08002428                EXTI15_10_IRQHandler
                0x08002428                BDMA_Channel0_IRQHandler
                0x08002428                ADC_IRQHandler
                0x08002428                DMA1_Stream7_IRQHandler
                0x08002428                HRTIM1_TIMA_IRQHandler
                0x08002428                SPI5_IRQHandler
                0x08002428                TIM7_IRQHandler
                0x08002428                SDMMC1_IRQHandler
                0x08002428                TIM5_IRQHandler
                0x08002428                DMA2_Stream7_IRQHandler
                0x08002428                TIM15_IRQHandler
                0x08002428                PVD_AVD_IRQHandler
                0x08002428                I2C3_EV_IRQHandler
                0x08002428                EXTI9_5_IRQHandler
                0x08002428                RTC_WKUP_IRQHandler
                0x08002428                LTDC_IRQHandler
                0x08002428                SAI3_IRQHandler
                0x08002428                ETH_WKUP_IRQHandler
                0x08002428                SPDIF_RX_IRQHandler
                0x08002428                SPI2_IRQHandler
                0x08002428                OTG_HS_EP1_IN_IRQHandler
                0x08002428                DMA1_Stream0_IRQHandler
                0x08002428                CRS_IRQHandler
                0x08002428                EXTI4_IRQHandler
                0x08002428                HRTIM1_TIMB_IRQHandler
                0x08002428                FDCAN2_IT1_IRQHandler
                0x08002428                ETH_IRQHandler
                0x08002428                TIM1_UP_IRQHandler
                0x08002428                BDMA_Channel4_IRQHandler
                0x08002428                OTG_HS_EP1_OUT_IRQHandler
                0x08002428                WWDG_IRQHandler
                0x08002428                SPI6_IRQHandler
                0x08002428                MDIOS_IRQHandler
                0x08002428                I2C4_EV_IRQHandler
                0x08002428                FDCAN2_IT0_IRQHandler
                0x08002428                LPUART1_IRQHandler
                0x08002428                FDCAN1_IT0_IRQHandler
                0x08002428                TIM2_IRQHandler
                0x08002428                OTG_FS_WKUP_IRQHandler
                0x08002428                OTG_HS_IRQHandler
                0x08002428                DMA2D_IRQHandler
                0x08002428                TIM1_BRK_IRQHandler
                0x08002428                EXTI1_IRQHandler
                0x08002428                SDMMC2_IRQHandler
                0x08002428                OTG_FS_EP1_OUT_IRQHandler
                0x08002428                BDMA_Channel3_IRQHandler
                0x08002428                UART7_IRQHandler
                0x08002428                MDIOS_WKUP_IRQHandler
                0x08002428                USART2_IRQHandler
                0x08002428                DFSDM1_FLT0_IRQHandler
                0x08002428                SAI4_IRQHandler
                0x08002428                I2C2_ER_IRQHandler
                0x08002428                DMA2_Stream1_IRQHandler
                0x08002428                FLASH_IRQHandler
                0x08002428                DMA2_Stream4_IRQHandler
                0x08002428                USART1_IRQHandler
                0x08002428                SPI3_IRQHandler
                0x08002428                WAKEUP_PIN_IRQHandler
                0x08002428                DMA1_Stream4_IRQHandler
                0x08002428                OTG_FS_EP1_IN_IRQHandler
                0x08002428                I2C1_ER_IRQHandler
                0x08002428                FMC_IRQHandler
                0x08002428                FDCAN_CAL_IRQHandler
                0x08002428                SWPMI1_IRQHandler
                0x08002428                COMP1_IRQHandler
                0x08002428                LPTIM1_IRQHandler
                0x08002428                I2C4_ER_IRQHandler
                0x08002428                DMA2_Stream6_IRQHandler
                0x08002428                SAI1_IRQHandler
                0x08002428                RTC_Alarm_IRQHandler
 *fill*         0x0800242a        0x2 
 .text.HAL_Init
                0x0800242c       0x78 ./Drivers/STM32H7xx_HAL_Driver/Src/stm32h7xx_hal.o
                0x0800242c                HAL_Init
 .text.HAL_InitTick
                0x080024a4       0x6c ./Drivers/STM32H7xx_HAL_Driver/Src/stm32h7xx_hal.o
                0x080024a4                HAL_InitTick
 .text.HAL_IncTick
                0x08002510       0x28 ./Drivers/STM32H7xx_HAL_Driver/Src/stm32h7xx_hal.o
                0x08002510                HAL_IncTick
 .text.HAL_GetTick
                0x08002538       0x18 ./Drivers/STM32H7xx_HAL_Driver/Src/stm32h7xx_hal.o
                0x08002538                HAL_GetTick
 .text.HAL_Delay
                0x08002550       0x48 ./Drivers/STM32H7xx_HAL_Driver/Src/stm32h7xx_hal.o
                0x08002550                HAL_Delay
 .text.HAL_GetREVID
                0x08002598       0x18 ./Drivers/STM32H7xx_HAL_Driver/Src/stm32h7xx_hal.o
                0x08002598                HAL_GetREVID
 .text.__NVIC_SetPriorityGrouping
                0x080025b0       0x48 ./Drivers/STM32H7xx_HAL_Driver/Src/stm32h7xx_hal_cortex.o
 .text.__NVIC_GetPriorityGrouping
                0x080025f8       0x1c ./Drivers/STM32H7xx_HAL_Driver/Src/stm32h7xx_hal_cortex.o
 .text.__NVIC_EnableIRQ
                0x08002614       0x3c ./Drivers/STM32H7xx_HAL_Driver/Src/stm32h7xx_hal_cortex.o
 .text.__NVIC_SetPriority
                0x08002650       0x54 ./Drivers/STM32H7xx_HAL_Driver/Src/stm32h7xx_hal_cortex.o
 .text.NVIC_EncodePriority
                0x080026a4       0x66 ./Drivers/STM32H7xx_HAL_Driver/Src/stm32h7xx_hal_cortex.o
 *fill*         0x0800270a        0x2 
 .text.SysTick_Config
                0x0800270c       0x44 ./Drivers/STM32H7xx_HAL_Driver/Src/stm32h7xx_hal_cortex.o
 .text.HAL_NVIC_SetPriorityGrouping
                0x08002750       0x16 ./Drivers/STM32H7xx_HAL_Driver/Src/stm32h7xx_hal_cortex.o
                0x08002750                HAL_NVIC_SetPriorityGrouping
 .text.HAL_NVIC_SetPriority
                0x08002766       0x34 ./Drivers/STM32H7xx_HAL_Driver/Src/stm32h7xx_hal_cortex.o
                0x08002766                HAL_NVIC_SetPriority
 .text.HAL_NVIC_EnableIRQ
                0x0800279a       0x1c ./Drivers/STM32H7xx_HAL_Driver/Src/stm32h7xx_hal_cortex.o
                0x0800279a                HAL_NVIC_EnableIRQ
 .text.HAL_SYSTICK_Config
                0x080027b6       0x18 ./Drivers/STM32H7xx_HAL_Driver/Src/stm32h7xx_hal_cortex.o
                0x080027b6                HAL_SYSTICK_Config
 *fill*         0x080027ce        0x2 
 .text.HAL_MPU_Disable
                0x080027d0       0x30 ./Drivers/STM32H7xx_HAL_Driver/Src/stm32h7xx_hal_cortex.o
                0x080027d0                HAL_MPU_Disable
 .text.HAL_MPU_Enable
                0x08002800       0x40 ./Drivers/STM32H7xx_HAL_Driver/Src/stm32h7xx_hal_cortex.o
                0x08002800                HAL_MPU_Enable
 .text.HAL_MPU_ConfigRegion
                0x08002840       0x80 ./Drivers/STM32H7xx_HAL_Driver/Src/stm32h7xx_hal_cortex.o
                0x08002840                HAL_MPU_ConfigRegion
 .text.HAL_GPIO_Init
                0x080028c0      0x360 ./Drivers/STM32H7xx_HAL_Driver/Src/stm32h7xx_hal_gpio.o
                0x080028c0                HAL_GPIO_Init
 .text.HAL_GPIO_WritePin
                0x08002c20       0x32 ./Drivers/STM32H7xx_HAL_Driver/Src/stm32h7xx_hal_gpio.o
                0x08002c20                HAL_GPIO_WritePin
 *fill*         0x08002c52        0x2 
 .text.HAL_I2C_Init
                0x08002c54      0x138 ./Drivers/STM32H7xx_HAL_Driver/Src/stm32h7xx_hal_i2c.o
                0x08002c54                HAL_I2C_Init
 .text.HAL_I2C_Master_Transmit
                0x08002d8c      0x230 ./Drivers/STM32H7xx_HAL_Driver/Src/stm32h7xx_hal_i2c.o
                0x08002d8c                HAL_I2C_Master_Transmit
 .text.HAL_I2C_Mem_Read
                0x08002fbc      0x234 ./Drivers/STM32H7xx_HAL_Driver/Src/stm32h7xx_hal_i2c.o
                0x08002fbc                HAL_I2C_Mem_Read
 .text.I2C_RequestMemoryRead
                0x080031f0       0xa8 ./Drivers/STM32H7xx_HAL_Driver/Src/stm32h7xx_hal_i2c.o
 .text.I2C_Flush_TXDR
                0x08003298       0x48 ./Drivers/STM32H7xx_HAL_Driver/Src/stm32h7xx_hal_i2c.o
 .text.I2C_WaitOnFlagUntilTimeout
                0x080032e0       0xb2 ./Drivers/STM32H7xx_HAL_Driver/Src/stm32h7xx_hal_i2c.o
 .text.I2C_WaitOnTXISFlagUntilTimeout
                0x08003392       0x8e ./Drivers/STM32H7xx_HAL_Driver/Src/stm32h7xx_hal_i2c.o
 .text.I2C_WaitOnSTOPFlagUntilTimeout
                0x08003420       0x86 ./Drivers/STM32H7xx_HAL_Driver/Src/stm32h7xx_hal_i2c.o
 *fill*         0x080034a6        0x2 
 .text.I2C_IsErrorOccurred
                0x080034a8      0x1c0 ./Drivers/STM32H7xx_HAL_Driver/Src/stm32h7xx_hal_i2c.o
 .text.I2C_TransferConfig
                0x08003668       0x64 ./Drivers/STM32H7xx_HAL_Driver/Src/stm32h7xx_hal_i2c.o
 .text.HAL_I2CEx_ConfigAnalogFilter
                0x080036cc       0x96 ./Drivers/STM32H7xx_HAL_Driver/Src/stm32h7xx_hal_i2c_ex.o
                0x080036cc                HAL_I2CEx_ConfigAnalogFilter
 .text.HAL_I2CEx_ConfigDigitalFilter
                0x08003762       0x98 ./Drivers/STM32H7xx_HAL_Driver/Src/stm32h7xx_hal_i2c_ex.o
                0x08003762                HAL_I2CEx_ConfigDigitalFilter
 .text.HAL_PCD_Init
                0x080037fa      0x218 ./Drivers/STM32H7xx_HAL_Driver/Src/stm32h7xx_hal_pcd.o
                0x080037fa                HAL_PCD_Init
 .text.HAL_PCD_Start
                0x08003a12       0x6a ./Drivers/STM32H7xx_HAL_Driver/Src/stm32h7xx_hal_pcd.o
                0x08003a12                HAL_PCD_Start
 .text.HAL_PCD_IRQHandler
                0x08003a7c      0x99c ./Drivers/STM32H7xx_HAL_Driver/Src/stm32h7xx_hal_pcd.o
                0x08003a7c                HAL_PCD_IRQHandler
 .text.HAL_PCD_SetAddress
                0x08004418       0x48 ./Drivers/STM32H7xx_HAL_Driver/Src/stm32h7xx_hal_pcd.o
                0x08004418                HAL_PCD_SetAddress
 .text.HAL_PCD_EP_Open
                0x08004460       0xd4 ./Drivers/STM32H7xx_HAL_Driver/Src/stm32h7xx_hal_pcd.o
                0x08004460                HAL_PCD_EP_Open
 .text.HAL_PCD_EP_Close
                0x08004534       0x94 ./Drivers/STM32H7xx_HAL_Driver/Src/stm32h7xx_hal_pcd.o
                0x08004534                HAL_PCD_EP_Close
 .text.HAL_PCD_EP_Receive
                0x080045c8       0x76 ./Drivers/STM32H7xx_HAL_Driver/Src/stm32h7xx_hal_pcd.o
                0x080045c8                HAL_PCD_EP_Receive
 .text.HAL_PCD_EP_GetRxCount
                0x0800463e       0x30 ./Drivers/STM32H7xx_HAL_Driver/Src/stm32h7xx_hal_pcd.o
                0x0800463e                HAL_PCD_EP_GetRxCount
 .text.HAL_PCD_EP_Transmit
                0x0800466e       0x74 ./Drivers/STM32H7xx_HAL_Driver/Src/stm32h7xx_hal_pcd.o
                0x0800466e                HAL_PCD_EP_Transmit
 .text.HAL_PCD_EP_SetStall
                0x080046e2       0xc6 ./Drivers/STM32H7xx_HAL_Driver/Src/stm32h7xx_hal_pcd.o
                0x080046e2                HAL_PCD_EP_SetStall
 .text.HAL_PCD_EP_ClrStall
                0x080047a8       0xac ./Drivers/STM32H7xx_HAL_Driver/Src/stm32h7xx_hal_pcd.o
                0x080047a8                HAL_PCD_EP_ClrStall
 .text.HAL_PCD_EP_Abort
                0x08004854       0x62 ./Drivers/STM32H7xx_HAL_Driver/Src/stm32h7xx_hal_pcd.o
                0x08004854                HAL_PCD_EP_Abort
 .text.PCD_WriteEmptyTxFifo
                0x080048b6      0x118 ./Drivers/STM32H7xx_HAL_Driver/Src/stm32h7xx_hal_pcd.o
 *fill*         0x080049ce        0x2 
 .text.PCD_EP_OutXfrComplete_int
                0x080049d0      0x1d0 ./Drivers/STM32H7xx_HAL_Driver/Src/stm32h7xx_hal_pcd.o
 .text.PCD_EP_OutSetupPacket_int
                0x08004ba0       0x8c ./Drivers/STM32H7xx_HAL_Driver/Src/stm32h7xx_hal_pcd.o
 .text.HAL_PCDEx_SetTxFiFo
                0x08004c2c       0x8e ./Drivers/STM32H7xx_HAL_Driver/Src/stm32h7xx_hal_pcd_ex.o
                0x08004c2c                HAL_PCDEx_SetTxFiFo
 .text.HAL_PCDEx_SetRxFiFo
                0x08004cba       0x22 ./Drivers/STM32H7xx_HAL_Driver/Src/stm32h7xx_hal_pcd_ex.o
                0x08004cba                HAL_PCDEx_SetRxFiFo
 .text.HAL_PCDEx_ActivateLPM
                0x08004cdc       0x48 ./Drivers/STM32H7xx_HAL_Driver/Src/stm32h7xx_hal_pcd_ex.o
                0x08004cdc                HAL_PCDEx_ActivateLPM
 .text.HAL_PCDEx_LPM_Callback
                0x08004d24       0x18 ./Drivers/STM32H7xx_HAL_Driver/Src/stm32h7xx_hal_pcd_ex.o
                0x08004d24                HAL_PCDEx_LPM_Callback
 .text.HAL_PWREx_ConfigSupply
                0x08004d3c       0x74 ./Drivers/STM32H7xx_HAL_Driver/Src/stm32h7xx_hal_pwr_ex.o
                0x08004d3c                HAL_PWREx_ConfigSupply
 .text.HAL_PWREx_EnableUSBVoltageDetector
                0x08004db0       0x20 ./Drivers/STM32H7xx_HAL_Driver/Src/stm32h7xx_hal_pwr_ex.o
                0x08004db0                HAL_PWREx_EnableUSBVoltageDetector
 .text.HAL_RCC_OscConfig
                0x08004dd0      0x8b4 ./Drivers/STM32H7xx_HAL_Driver/Src/stm32h7xx_hal_rcc.o
                0x08004dd0                HAL_RCC_OscConfig
 .text.HAL_RCC_ClockConfig
                0x08005684      0x36c ./Drivers/STM32H7xx_HAL_Driver/Src/stm32h7xx_hal_rcc.o
                0x08005684                HAL_RCC_ClockConfig
 .text.HAL_RCC_GetSysClockFreq
                0x080059f0      0x2f4 ./Drivers/STM32H7xx_HAL_Driver/Src/stm32h7xx_hal_rcc.o
                0x080059f0                HAL_RCC_GetSysClockFreq
 .text.HAL_RCC_GetHCLKFreq
                0x08005ce4       0x60 ./Drivers/STM32H7xx_HAL_Driver/Src/stm32h7xx_hal_rcc.o
                0x08005ce4                HAL_RCC_GetHCLKFreq
 .text.HAL_RCC_GetPCLK1Freq
                0x08005d44       0x2c ./Drivers/STM32H7xx_HAL_Driver/Src/stm32h7xx_hal_rcc.o
                0x08005d44                HAL_RCC_GetPCLK1Freq
 .text.HAL_RCC_GetPCLK2Freq
                0x08005d70       0x2c ./Drivers/STM32H7xx_HAL_Driver/Src/stm32h7xx_hal_rcc.o
                0x08005d70                HAL_RCC_GetPCLK2Freq
 .text.HAL_RCCEx_PeriphCLKConfig
                0x08005d9c     0x1414 ./Drivers/STM32H7xx_HAL_Driver/Src/stm32h7xx_hal_rcc_ex.o
                0x08005d9c                HAL_RCCEx_PeriphCLKConfig
 .text.HAL_RCCEx_GetD3PCLK1Freq
                0x080071b0       0x2c ./Drivers/STM32H7xx_HAL_Driver/Src/stm32h7xx_hal_rcc_ex.o
                0x080071b0                HAL_RCCEx_GetD3PCLK1Freq
 .text.HAL_RCCEx_GetPLL2ClockFreq
                0x080071dc      0x2a8 ./Drivers/STM32H7xx_HAL_Driver/Src/stm32h7xx_hal_rcc_ex.o
                0x080071dc                HAL_RCCEx_GetPLL2ClockFreq
 .text.HAL_RCCEx_GetPLL3ClockFreq
                0x08007484      0x2a8 ./Drivers/STM32H7xx_HAL_Driver/Src/stm32h7xx_hal_rcc_ex.o
                0x08007484                HAL_RCCEx_GetPLL3ClockFreq
 .text.RCCEx_PLL2_Config
                0x0800772c      0x164 ./Drivers/STM32H7xx_HAL_Driver/Src/stm32h7xx_hal_rcc_ex.o
 .text.RCCEx_PLL3_Config
                0x08007890      0x164 ./Drivers/STM32H7xx_HAL_Driver/Src/stm32h7xx_hal_rcc_ex.o
 .text.HAL_RTC_Init
                0x080079f4      0x104 ./Drivers/STM32H7xx_HAL_Driver/Src/stm32h7xx_hal_rtc.o
                0x080079f4                HAL_RTC_Init
 .text.HAL_RTC_WaitForSynchro
                0x08007af8       0x48 ./Drivers/STM32H7xx_HAL_Driver/Src/stm32h7xx_hal_rtc.o
                0x08007af8                HAL_RTC_WaitForSynchro
 .text.RTC_EnterInitMode
                0x08007b40       0x66 ./Drivers/STM32H7xx_HAL_Driver/Src/stm32h7xx_hal_rtc.o
                0x08007b40                RTC_EnterInitMode
 *fill*         0x08007ba6        0x2 
 .text.RTC_ExitInitMode
                0x08007ba8       0x7c ./Drivers/STM32H7xx_HAL_Driver/Src/stm32h7xx_hal_rtc.o
                0x08007ba8                RTC_ExitInitMode
 .text.HAL_SPI_Init
                0x08007c24      0x248 ./Drivers/STM32H7xx_HAL_Driver/Src/stm32h7xx_hal_spi.o
                0x08007c24                HAL_SPI_Init
 .text.HAL_SPI_Transmit
                0x08007e6c      0x3dc ./Drivers/STM32H7xx_HAL_Driver/Src/stm32h7xx_hal_spi.o
                0x08007e6c                HAL_SPI_Transmit
 .text.HAL_SPI_Receive
                0x08008248      0x4e4 ./Drivers/STM32H7xx_HAL_Driver/Src/stm32h7xx_hal_spi.o
                0x08008248                HAL_SPI_Receive
 .text.HAL_SPI_TransmitReceive
                0x0800872c      0x674 ./Drivers/STM32H7xx_HAL_Driver/Src/stm32h7xx_hal_spi.o
                0x0800872c                HAL_SPI_TransmitReceive
 .text.SPI_CloseTransfer
                0x08008da0      0x140 ./Drivers/STM32H7xx_HAL_Driver/Src/stm32h7xx_hal_spi.o
 .text.SPI_WaitOnFlagUntilTimeout
                0x08008ee0       0x5c ./Drivers/STM32H7xx_HAL_Driver/Src/stm32h7xx_hal_spi.o
 .text.SPI_GetPacketSize
                0x08008f3c       0x36 ./Drivers/STM32H7xx_HAL_Driver/Src/stm32h7xx_hal_spi.o
 .text.HAL_UART_Init
                0x08008f72       0xa0 ./Drivers/STM32H7xx_HAL_Driver/Src/stm32h7xx_hal_uart.o
                0x08008f72                HAL_UART_Init
 .text.HAL_UART_Transmit
                0x08009012      0x11c ./Drivers/STM32H7xx_HAL_Driver/Src/stm32h7xx_hal_uart.o
                0x08009012                HAL_UART_Transmit
 *fill*         0x0800912e        0x2 
 .text.UART_SetConfig
                0x08009130      0xad0 ./Drivers/STM32H7xx_HAL_Driver/Src/stm32h7xx_hal_uart.o
                0x08009130                UART_SetConfig
 .text.UART_AdvFeatureConfig
                0x08009c00      0x144 ./Drivers/STM32H7xx_HAL_Driver/Src/stm32h7xx_hal_uart.o
                0x08009c00                UART_AdvFeatureConfig
 .text.UART_CheckIdleState
                0x08009d44      0x154 ./Drivers/STM32H7xx_HAL_Driver/Src/stm32h7xx_hal_uart.o
                0x08009d44                UART_CheckIdleState
 .text.UART_WaitOnFlagUntilTimeout
                0x08009e98       0xda ./Drivers/STM32H7xx_HAL_Driver/Src/stm32h7xx_hal_uart.o
                0x08009e98                UART_WaitOnFlagUntilTimeout
 *fill*         0x08009f72        0x2 
 .text.UART_EndRxTransfer
                0x08009f74       0xcc ./Drivers/STM32H7xx_HAL_Driver/Src/stm32h7xx_hal_uart.o
 .text.HAL_UARTEx_DisableFifoMode
                0x0800a040       0x72 ./Drivers/STM32H7xx_HAL_Driver/Src/stm32h7xx_hal_uart_ex.o
                0x0800a040                HAL_UARTEx_DisableFifoMode
 .text.HAL_UARTEx_SetTxFifoThreshold
                0x0800a0b2       0x7c ./Drivers/STM32H7xx_HAL_Driver/Src/stm32h7xx_hal_uart_ex.o
                0x0800a0b2                HAL_UARTEx_SetTxFifoThreshold
 .text.HAL_UARTEx_SetRxFifoThreshold
                0x0800a12e       0x7c ./Drivers/STM32H7xx_HAL_Driver/Src/stm32h7xx_hal_uart_ex.o
                0x0800a12e                HAL_UARTEx_SetRxFifoThreshold
 *fill*         0x0800a1aa        0x2 
 .text.UARTEx_SetNbDataToProcess
                0x0800a1ac       0x9c ./Drivers/STM32H7xx_HAL_Driver/Src/stm32h7xx_hal_uart_ex.o
 .text.USB_CoreInit
                0x0800a248       0xe4 ./Drivers/STM32H7xx_HAL_Driver/Src/stm32h7xx_ll_usb.o
                0x0800a248                USB_CoreInit
 .text.USB_SetTurnaroundTime
                0x0800a32c      0x144 ./Drivers/STM32H7xx_HAL_Driver/Src/stm32h7xx_ll_usb.o
                0x0800a32c                USB_SetTurnaroundTime
 .text.USB_EnableGlobalInt
                0x0800a470       0x22 ./Drivers/STM32H7xx_HAL_Driver/Src/stm32h7xx_ll_usb.o
                0x0800a470                USB_EnableGlobalInt
 .text.USB_DisableGlobalInt
                0x0800a492       0x22 ./Drivers/STM32H7xx_HAL_Driver/Src/stm32h7xx_ll_usb.o
                0x0800a492                USB_DisableGlobalInt
 .text.USB_SetCurrentMode
                0x0800a4b4       0x98 ./Drivers/STM32H7xx_HAL_Driver/Src/stm32h7xx_ll_usb.o
                0x0800a4b4                USB_SetCurrentMode
 .text.USB_DevInit
                0x0800a54c      0x2bc ./Drivers/STM32H7xx_HAL_Driver/Src/stm32h7xx_ll_usb.o
                0x0800a54c                USB_DevInit
 .text.USB_FlushTxFifo
                0x0800a808       0x64 ./Drivers/STM32H7xx_HAL_Driver/Src/stm32h7xx_ll_usb.o
                0x0800a808                USB_FlushTxFifo
 .text.USB_FlushRxFifo
                0x0800a86c       0x5c ./Drivers/STM32H7xx_HAL_Driver/Src/stm32h7xx_ll_usb.o
                0x0800a86c                USB_FlushRxFifo
 .text.USB_SetDevSpeed
                0x0800a8c8       0x32 ./Drivers/STM32H7xx_HAL_Driver/Src/stm32h7xx_ll_usb.o
                0x0800a8c8                USB_SetDevSpeed
 .text.USB_GetDevSpeed
                0x0800a8fa       0x4a ./Drivers/STM32H7xx_HAL_Driver/Src/stm32h7xx_ll_usb.o
                0x0800a8fa                USB_GetDevSpeed
 .text.USB_ActivateEndpoint
                0x0800a944      0x110 ./Drivers/STM32H7xx_HAL_Driver/Src/stm32h7xx_ll_usb.o
                0x0800a944                USB_ActivateEndpoint
 .text.USB_DeactivateEndpoint
                0x0800aa54      0x1b8 ./Drivers/STM32H7xx_HAL_Driver/Src/stm32h7xx_ll_usb.o
                0x0800aa54                USB_DeactivateEndpoint
 .text.USB_EPStartXfer
                0x0800ac0c      0x548 ./Drivers/STM32H7xx_HAL_Driver/Src/stm32h7xx_ll_usb.o
                0x0800ac0c                USB_EPStartXfer
 .text.USB_EPStopXfer
                0x0800b154      0x154 ./Drivers/STM32H7xx_HAL_Driver/Src/stm32h7xx_ll_usb.o
                0x0800b154                USB_EPStopXfer
 .text.USB_WritePacket
                0x0800b2a8       0x7c ./Drivers/STM32H7xx_HAL_Driver/Src/stm32h7xx_ll_usb.o
                0x0800b2a8                USB_WritePacket
 .text.USB_ReadPacket
                0x0800b324       0xb0 ./Drivers/STM32H7xx_HAL_Driver/Src/stm32h7xx_ll_usb.o
                0x0800b324                USB_ReadPacket
 .text.USB_EPSetStall
                0x0800b3d4       0xdc ./Drivers/STM32H7xx_HAL_Driver/Src/stm32h7xx_ll_usb.o
                0x0800b3d4                USB_EPSetStall
 .text.USB_EPClearStall
                0x0800b4b0       0xcc ./Drivers/STM32H7xx_HAL_Driver/Src/stm32h7xx_ll_usb.o
                0x0800b4b0                USB_EPClearStall
 .text.USB_SetDevAddress
                0x0800b57c       0x4c ./Drivers/STM32H7xx_HAL_Driver/Src/stm32h7xx_ll_usb.o
                0x0800b57c                USB_SetDevAddress
 .text.USB_DevConnect
                0x0800b5c8       0x42 ./Drivers/STM32H7xx_HAL_Driver/Src/stm32h7xx_ll_usb.o
                0x0800b5c8                USB_DevConnect
 .text.USB_DevDisconnect
                0x0800b60a       0x42 ./Drivers/STM32H7xx_HAL_Driver/Src/stm32h7xx_ll_usb.o
                0x0800b60a                USB_DevDisconnect
 .text.USB_ReadInterrupts
                0x0800b64c       0x26 ./Drivers/STM32H7xx_HAL_Driver/Src/stm32h7xx_ll_usb.o
                0x0800b64c                USB_ReadInterrupts
 .text.USB_ReadDevAllOutEpInterrupt
                0x0800b672       0x34 ./Drivers/STM32H7xx_HAL_Driver/Src/stm32h7xx_ll_usb.o
                0x0800b672                USB_ReadDevAllOutEpInterrupt
 .text.USB_ReadDevAllInEpInterrupt
                0x0800b6a6       0x34 ./Drivers/STM32H7xx_HAL_Driver/Src/stm32h7xx_ll_usb.o
                0x0800b6a6                USB_ReadDevAllInEpInterrupt
 .text.USB_ReadDevOutEPInterrupt
                0x0800b6da       0x3c ./Drivers/STM32H7xx_HAL_Driver/Src/stm32h7xx_ll_usb.o
                0x0800b6da                USB_ReadDevOutEPInterrupt
 .text.USB_ReadDevInEPInterrupt
                0x0800b716       0x5c ./Drivers/STM32H7xx_HAL_Driver/Src/stm32h7xx_ll_usb.o
                0x0800b716                USB_ReadDevInEPInterrupt
 .text.USB_GetMode
                0x0800b772       0x1c ./Drivers/STM32H7xx_HAL_Driver/Src/stm32h7xx_ll_usb.o
                0x0800b772                USB_GetMode
 *fill*         0x0800b78e        0x2 
 .text.USB_ActivateSetup
                0x0800b790       0x48 ./Drivers/STM32H7xx_HAL_Driver/Src/stm32h7xx_ll_usb.o
                0x0800b790                USB_ActivateSetup
 .text.USB_EP0_OutStart
                0x0800b7d8       0xbc ./Drivers/STM32H7xx_HAL_Driver/Src/stm32h7xx_ll_usb.o
                0x0800b7d8                USB_EP0_OutStart
 .text.USB_CoreReset
                0x0800b894       0x62 ./Drivers/STM32H7xx_HAL_Driver/Src/stm32h7xx_ll_usb.o
 *fill*         0x0800b8f6        0x2 
 .text.USBD_CDC_Init
                0x0800b8f8      0x1f0 ./Middlewares/ST/STM32_USB_Device_Library/Class/CDC/Src/usbd_cdc.o
 .text.USBD_CDC_DeInit
                0x0800bae8      0x104 ./Middlewares/ST/STM32_USB_Device_Library/Class/CDC/Src/usbd_cdc.o
 .text.USBD_CDC_Setup
                0x0800bbec      0x1b8 ./Middlewares/ST/STM32_USB_Device_Library/Class/CDC/Src/usbd_cdc.o
 .text.USBD_CDC_DataIn
                0x0800bda4       0xfe ./Middlewares/ST/STM32_USB_Device_Library/Class/CDC/Src/usbd_cdc.o
 .text.USBD_CDC_DataOut
                0x0800bea2       0x70 ./Middlewares/ST/STM32_USB_Device_Library/Class/CDC/Src/usbd_cdc.o
 .text.USBD_CDC_EP0_RxReady
                0x0800bf12       0x74 ./Middlewares/ST/STM32_USB_Device_Library/Class/CDC/Src/usbd_cdc.o
 *fill*         0x0800bf86        0x2 
 .text.USBD_CDC_GetFSCfgDesc
                0x0800bf88       0x70 ./Middlewares/ST/STM32_USB_Device_Library/Class/CDC/Src/usbd_cdc.o
 .text.USBD_CDC_GetHSCfgDesc
                0x0800bff8       0x70 ./Middlewares/ST/STM32_USB_Device_Library/Class/CDC/Src/usbd_cdc.o
 .text.USBD_CDC_GetOtherSpeedCfgDesc
                0x0800c068       0x70 ./Middlewares/ST/STM32_USB_Device_Library/Class/CDC/Src/usbd_cdc.o
 .text.USBD_CDC_GetDeviceQualifierDescriptor
                0x0800c0d8       0x20 ./Middlewares/ST/STM32_USB_Device_Library/Class/CDC/Src/usbd_cdc.o
                0x0800c0d8                USBD_CDC_GetDeviceQualifierDescriptor
 .text.USBD_CDC_RegisterInterface
                0x0800c0f8       0x34 ./Middlewares/ST/STM32_USB_Device_Library/Class/CDC/Src/usbd_cdc.o
                0x0800c0f8                USBD_CDC_RegisterInterface
 .text.USBD_CDC_SetTxBuffer
                0x0800c12c       0x44 ./Middlewares/ST/STM32_USB_Device_Library/Class/CDC/Src/usbd_cdc.o
                0x0800c12c                USBD_CDC_SetTxBuffer
 .text.USBD_CDC_SetRxBuffer
                0x0800c170       0x3a ./Middlewares/ST/STM32_USB_Device_Library/Class/CDC/Src/usbd_cdc.o
                0x0800c170                USBD_CDC_SetRxBuffer
 *fill*         0x0800c1aa        0x2 
 .text.USBD_CDC_ReceivePacket
                0x0800c1ac       0x6c ./Middlewares/ST/STM32_USB_Device_Library/Class/CDC/Src/usbd_cdc.o
                0x0800c1ac                USBD_CDC_ReceivePacket
 .text.USBD_Init
                0x0800c218       0x60 ./Middlewares/ST/STM32_USB_Device_Library/Core/Src/usbd_core.o
                0x0800c218                USBD_Init
 .text.USBD_RegisterClass
                0x0800c278       0x6c ./Middlewares/ST/STM32_USB_Device_Library/Core/Src/usbd_core.o
                0x0800c278                USBD_RegisterClass
 .text.USBD_Start
                0x0800c2e4       0x18 ./Middlewares/ST/STM32_USB_Device_Library/Core/Src/usbd_core.o
                0x0800c2e4                USBD_Start
 .text.USBD_RunTestMode
                0x0800c2fc       0x16 ./Middlewares/ST/STM32_USB_Device_Library/Core/Src/usbd_core.o
                0x0800c2fc                USBD_RunTestMode
 .text.USBD_SetClassConfig
                0x0800c312       0x38 ./Middlewares/ST/STM32_USB_Device_Library/Core/Src/usbd_core.o
                0x0800c312                USBD_SetClassConfig
 .text.USBD_ClrClassConfig
                0x0800c34a       0x34 ./Middlewares/ST/STM32_USB_Device_Library/Core/Src/usbd_core.o
                0x0800c34a                USBD_ClrClassConfig
 .text.USBD_LL_SetupStage
                0x0800c37e       0xaa ./Middlewares/ST/STM32_USB_Device_Library/Core/Src/usbd_core.o
                0x0800c37e                USBD_LL_SetupStage
 .text.USBD_LL_DataOutStage
                0x0800c428      0x166 ./Middlewares/ST/STM32_USB_Device_Library/Core/Src/usbd_core.o
                0x0800c428                USBD_LL_DataOutStage
 .text.USBD_LL_DataInStage
                0x0800c58e      0x164 ./Middlewares/ST/STM32_USB_Device_Library/Core/Src/usbd_core.o
                0x0800c58e                USBD_LL_DataInStage
 .text.USBD_LL_Reset
                0x0800c6f2       0xa4 ./Middlewares/ST/STM32_USB_Device_Library/Core/Src/usbd_core.o
                0x0800c6f2                USBD_LL_Reset
 .text.USBD_LL_SetSpeed
                0x0800c796       0x20 ./Middlewares/ST/STM32_USB_Device_Library/Core/Src/usbd_core.o
                0x0800c796                USBD_LL_SetSpeed
 .text.USBD_LL_Suspend
                0x0800c7b6       0x38 ./Middlewares/ST/STM32_USB_Device_Library/Core/Src/usbd_core.o
                0x0800c7b6                USBD_LL_Suspend
 .text.USBD_LL_Resume
                0x0800c7ee       0x30 ./Middlewares/ST/STM32_USB_Device_Library/Core/Src/usbd_core.o
                0x0800c7ee                USBD_LL_Resume
 .text.USBD_LL_SOF
                0x0800c81e       0x40 ./Middlewares/ST/STM32_USB_Device_Library/Core/Src/usbd_core.o
                0x0800c81e                USBD_LL_SOF
 .text.USBD_LL_IsoINIncomplete
                0x0800c85e       0x64 ./Middlewares/ST/STM32_USB_Device_Library/Core/Src/usbd_core.o
                0x0800c85e                USBD_LL_IsoINIncomplete
 .text.USBD_LL_IsoOUTIncomplete
                0x0800c8c2       0x64 ./Middlewares/ST/STM32_USB_Device_Library/Core/Src/usbd_core.o
                0x0800c8c2                USBD_LL_IsoOUTIncomplete
 .text.USBD_LL_DevConnected
                0x0800c926       0x16 ./Middlewares/ST/STM32_USB_Device_Library/Core/Src/usbd_core.o
                0x0800c926                USBD_LL_DevConnected
 .text.USBD_LL_DevDisconnected
                0x0800c93c       0x46 ./Middlewares/ST/STM32_USB_Device_Library/Core/Src/usbd_core.o
                0x0800c93c                USBD_LL_DevDisconnected
 .text.USBD_CoreFindIF
                0x0800c982       0x1a ./Middlewares/ST/STM32_USB_Device_Library/Core/Src/usbd_core.o
                0x0800c982                USBD_CoreFindIF
 .text.USBD_CoreFindEP
                0x0800c99c       0x1a ./Middlewares/ST/STM32_USB_Device_Library/Core/Src/usbd_core.o
                0x0800c99c                USBD_CoreFindEP
 .text.USBD_GetEpDesc
                0x0800c9b6       0x70 ./Middlewares/ST/STM32_USB_Device_Library/Core/Src/usbd_core.o
                0x0800c9b6                USBD_GetEpDesc
 .text.USBD_GetNextDesc
                0x0800ca26       0x38 ./Middlewares/ST/STM32_USB_Device_Library/Core/Src/usbd_core.o
                0x0800ca26                USBD_GetNextDesc
 .text.SWAPBYTE
                0x0800ca5e       0x3e ./Middlewares/ST/STM32_USB_Device_Library/Core/Src/usbd_ctlreq.o
 .text.USBD_StdDevReq
                0x0800ca9c       0xe4 ./Middlewares/ST/STM32_USB_Device_Library/Core/Src/usbd_ctlreq.o
                0x0800ca9c                USBD_StdDevReq
 .text.USBD_StdItfReq
                0x0800cb80       0xd8 ./Middlewares/ST/STM32_USB_Device_Library/Core/Src/usbd_ctlreq.o
                0x0800cb80                USBD_StdItfReq
 .text.USBD_StdEPReq
                0x0800cc58      0x33a ./Middlewares/ST/STM32_USB_Device_Library/Core/Src/usbd_ctlreq.o
                0x0800cc58                USBD_StdEPReq
 *fill*         0x0800cf92        0x2 
 .text.USBD_GetDescriptor
                0x0800cf94      0x328 ./Middlewares/ST/STM32_USB_Device_Library/Core/Src/usbd_ctlreq.o
 .text.USBD_SetAddress
                0x0800d2bc       0x88 ./Middlewares/ST/STM32_USB_Device_Library/Core/Src/usbd_ctlreq.o
 .text.USBD_SetConfig
                0x0800d344      0x154 ./Middlewares/ST/STM32_USB_Device_Library/Core/Src/usbd_ctlreq.o
 .text.USBD_GetConfig
                0x0800d498       0x6c ./Middlewares/ST/STM32_USB_Device_Library/Core/Src/usbd_ctlreq.o
 .text.USBD_GetStatus
                0x0800d504       0x68 ./Middlewares/ST/STM32_USB_Device_Library/Core/Src/usbd_ctlreq.o
 .text.USBD_SetFeature
                0x0800d56c       0x52 ./Middlewares/ST/STM32_USB_Device_Library/Core/Src/usbd_ctlreq.o
 .text.USBD_ClrFeature
                0x0800d5be       0x44 ./Middlewares/ST/STM32_USB_Device_Library/Core/Src/usbd_ctlreq.o
 .text.USBD_ParseSetupRequest
                0x0800d602       0x74 ./Middlewares/ST/STM32_USB_Device_Library/Core/Src/usbd_ctlreq.o
                0x0800d602                USBD_ParseSetupRequest
 .text.USBD_CtlError
                0x0800d676       0x22 ./Middlewares/ST/STM32_USB_Device_Library/Core/Src/usbd_ctlreq.o
                0x0800d676                USBD_CtlError
 .text.USBD_GetString
                0x0800d698       0xa4 ./Middlewares/ST/STM32_USB_Device_Library/Core/Src/usbd_ctlreq.o
                0x0800d698                USBD_GetString
 .text.USBD_GetLen
                0x0800d73c       0x34 ./Middlewares/ST/STM32_USB_Device_Library/Core/Src/usbd_ctlreq.o
 .text.USBD_CtlSendData
                0x0800d770       0x36 ./Middlewares/ST/STM32_USB_Device_Library/Core/Src/usbd_ioreq.o
                0x0800d770                USBD_CtlSendData
 .text.USBD_CtlContinueSendData
                0x0800d7a6       0x22 ./Middlewares/ST/STM32_USB_Device_Library/Core/Src/usbd_ioreq.o
                0x0800d7a6                USBD_CtlContinueSendData
 .text.USBD_CtlPrepareRx
                0x0800d7c8       0x3a ./Middlewares/ST/STM32_USB_Device_Library/Core/Src/usbd_ioreq.o
                0x0800d7c8                USBD_CtlPrepareRx
 .text.USBD_CtlContinueRx
                0x0800d802       0x22 ./Middlewares/ST/STM32_USB_Device_Library/Core/Src/usbd_ioreq.o
                0x0800d802                USBD_CtlContinueRx
 .text.USBD_CtlSendStatus
                0x0800d824       0x26 ./Middlewares/ST/STM32_USB_Device_Library/Core/Src/usbd_ioreq.o
                0x0800d824                USBD_CtlSendStatus
 .text.USBD_CtlReceiveStatus
                0x0800d84a       0x26 ./Middlewares/ST/STM32_USB_Device_Library/Core/Src/usbd_ioreq.o
                0x0800d84a                USBD_CtlReceiveStatus
 .text.MX_USB_DEVICE_Init
                0x0800d870       0x64 ./USB_DEVICE/App/usb_device.o
                0x0800d870                MX_USB_DEVICE_Init
 .text.CDC_Init_FS
                0x0800d8d4       0x28 ./USB_DEVICE/App/usbd_cdc_if.o
 .text.CDC_DeInit_FS
                0x0800d8fc       0x10 ./USB_DEVICE/App/usbd_cdc_if.o
 .text.CDC_Control_FS
                0x0800d90c       0xbc ./USB_DEVICE/App/usbd_cdc_if.o
 .text.CDC_Receive_FS
                0x0800d9c8       0x28 ./USB_DEVICE/App/usbd_cdc_if.o
 .text.CDC_TransmitCplt_FS
                0x0800d9f0       0x22 ./USB_DEVICE/App/usbd_cdc_if.o
 *fill*         0x0800da12        0x2 
 .text.USBD_FS_DeviceDescriptor
                0x0800da14       0x24 ./USB_DEVICE/App/usbd_desc.o
                0x0800da14                USBD_FS_DeviceDescriptor
 .text.USBD_FS_LangIDStrDescriptor
                0x0800da38       0x24 ./USB_DEVICE/App/usbd_desc.o
                0x0800da38                USBD_FS_LangIDStrDescriptor
 .text.USBD_FS_ProductStrDescriptor
                0x0800da5c       0x3c ./USB_DEVICE/App/usbd_desc.o
                0x0800da5c                USBD_FS_ProductStrDescriptor
 .text.USBD_FS_ManufacturerStrDescriptor
                0x0800da98       0x28 ./USB_DEVICE/App/usbd_desc.o
                0x0800da98                USBD_FS_ManufacturerStrDescriptor
 .text.USBD_FS_SerialStrDescriptor
                0x0800dac0       0x24 ./USB_DEVICE/App/usbd_desc.o
                0x0800dac0                USBD_FS_SerialStrDescriptor
 .text.USBD_FS_ConfigStrDescriptor
                0x0800dae4       0x3c ./USB_DEVICE/App/usbd_desc.o
                0x0800dae4                USBD_FS_ConfigStrDescriptor
 .text.USBD_FS_InterfaceStrDescriptor
                0x0800db20       0x3c ./USB_DEVICE/App/usbd_desc.o
                0x0800db20                USBD_FS_InterfaceStrDescriptor
 .text.Get_SerialNum
                0x0800db5c       0x58 ./USB_DEVICE/App/usbd_desc.o
 .text.IntToUnicode
                0x0800dbb4       0x7e ./USB_DEVICE/App/usbd_desc.o
 *fill*         0x0800dc32        0x2 
 .text.HAL_PCD_MspInit
                0x0800dc34       0xe8 ./USB_DEVICE/Target/usbd_conf.o
                0x0800dc34                HAL_PCD_MspInit
 .text.HAL_PCD_SetupStageCallback
                0x0800dd1c       0x24 ./USB_DEVICE/Target/usbd_conf.o
                0x0800dd1c                HAL_PCD_SetupStageCallback
 .text.HAL_PCD_DataOutStageCallback
                0x0800dd40       0x36 ./USB_DEVICE/Target/usbd_conf.o
                0x0800dd40                HAL_PCD_DataOutStageCallback
 .text.HAL_PCD_DataInStageCallback
                0x0800dd76       0x34 ./USB_DEVICE/Target/usbd_conf.o
                0x0800dd76                HAL_PCD_DataInStageCallback
 .text.HAL_PCD_SOFCallback
                0x0800ddaa       0x1c ./USB_DEVICE/Target/usbd_conf.o
                0x0800ddaa                HAL_PCD_SOFCallback
 .text.HAL_PCD_ResetCallback
                0x0800ddc6       0x50 ./USB_DEVICE/Target/usbd_conf.o
                0x0800ddc6                HAL_PCD_ResetCallback
 *fill*         0x0800de16        0x2 
 .text.HAL_PCD_SuspendCallback
                0x0800de18       0x4c ./USB_DEVICE/Target/usbd_conf.o
                0x0800de18                HAL_PCD_SuspendCallback
 .text.HAL_PCD_ResumeCallback
                0x0800de64       0x1c ./USB_DEVICE/Target/usbd_conf.o
                0x0800de64                HAL_PCD_ResumeCallback
 .text.HAL_PCD_ISOOUTIncompleteCallback
                0x0800de80       0x24 ./USB_DEVICE/Target/usbd_conf.o
                0x0800de80                HAL_PCD_ISOOUTIncompleteCallback
 .text.HAL_PCD_ISOINIncompleteCallback
                0x0800dea4       0x24 ./USB_DEVICE/Target/usbd_conf.o
                0x0800dea4                HAL_PCD_ISOINIncompleteCallback
 .text.HAL_PCD_ConnectCallback
                0x0800dec8       0x1c ./USB_DEVICE/Target/usbd_conf.o
                0x0800dec8                HAL_PCD_ConnectCallback
 .text.HAL_PCD_DisconnectCallback
                0x0800dee4       0x1c ./USB_DEVICE/Target/usbd_conf.o
                0x0800dee4                HAL_PCD_DisconnectCallback
 .text.USBD_LL_Init
                0x0800df00       0xa0 ./USB_DEVICE/Target/usbd_conf.o
                0x0800df00                USBD_LL_Init
 .text.USBD_LL_Start
                0x0800dfa0       0x36 ./USB_DEVICE/Target/usbd_conf.o
                0x0800dfa0                USBD_LL_Start
 .text.USBD_LL_OpenEP
                0x0800dfd6       0x4c ./USB_DEVICE/Target/usbd_conf.o
                0x0800dfd6                USBD_LL_OpenEP
 .text.USBD_LL_CloseEP
                0x0800e022       0x3e ./USB_DEVICE/Target/usbd_conf.o
                0x0800e022                USBD_LL_CloseEP
 .text.USBD_LL_StallEP
                0x0800e060       0x3e ./USB_DEVICE/Target/usbd_conf.o
                0x0800e060                USBD_LL_StallEP
 .text.USBD_LL_ClearStallEP
                0x0800e09e       0x3e ./USB_DEVICE/Target/usbd_conf.o
                0x0800e09e                USBD_LL_ClearStallEP
 .text.USBD_LL_IsStallEP
                0x0800e0dc       0x58 ./USB_DEVICE/Target/usbd_conf.o
                0x0800e0dc                USBD_LL_IsStallEP
 .text.USBD_LL_SetUSBAddress
                0x0800e134       0x3e ./USB_DEVICE/Target/usbd_conf.o
                0x0800e134                USBD_LL_SetUSBAddress
 .text.USBD_LL_Transmit
                0x0800e172       0x42 ./USB_DEVICE/Target/usbd_conf.o
                0x0800e172                USBD_LL_Transmit
 .text.USBD_LL_PrepareReceive
                0x0800e1b4       0x42 ./USB_DEVICE/Target/usbd_conf.o
                0x0800e1b4                USBD_LL_PrepareReceive
 .text.USBD_LL_GetRxDataSize
                0x0800e1f6       0x26 ./USB_DEVICE/Target/usbd_conf.o
                0x0800e1f6                USBD_LL_GetRxDataSize
 .text.USBD_static_malloc
                0x0800e21c       0x1c ./USB_DEVICE/Target/usbd_conf.o
                0x0800e21c                USBD_static_malloc
 .text.USBD_static_free
                0x0800e238       0x14 ./USB_DEVICE/Target/usbd_conf.o
                0x0800e238                USBD_static_free
 .text.USBD_Get_USB_Status
                0x0800e24c       0x58 ./USB_DEVICE/Target/usbd_conf.o
                0x0800e24c                USBD_Get_USB_Status
 .text.memset   0x0800e2a4       0x10 /Applications/STM32CubeIDE.app/Contents/Eclipse/plugins/com.st.stm32cube.ide.mcu.externaltools.gnu-tools-for-stm32.13.3.rel1.macos64_1.0.0.202411102158/tools/bin/../lib/gcc/arm-none-eabi/13.3.1/../../../../arm-none-eabi/lib/thumb/v7e-m+dp/hard/libc_nano.a(libc_a-memset.o)
                0x0800e2a4                memset
 .text.__libc_init_array
                0x0800e2b4       0x48 /Applications/STM32CubeIDE.app/Contents/Eclipse/plugins/com.st.stm32cube.ide.mcu.externaltools.gnu-tools-for-stm32.13.3.rel1.macos64_1.0.0.202411102158/tools/bin/../lib/gcc/arm-none-eabi/13.3.1/../../../../arm-none-eabi/lib/thumb/v7e-m+dp/hard/libc_nano.a(libc_a-init.o)
                0x0800e2b4                __libc_init_array
 *(.glue_7)
 .glue_7        0x0800e2fc        0x0 linker stubs
 *(.glue_7t)
 .glue_7t       0x0800e2fc        0x0 linker stubs
 *(.eh_frame)
 .eh_frame      0x0800e2fc        0x0 /Applications/STM32CubeIDE.app/Contents/Eclipse/plugins/com.st.stm32cube.ide.mcu.externaltools.gnu-tools-for-stm32.13.3.rel1.macos64_1.0.0.202411102158/tools/bin/../lib/gcc/arm-none-eabi/13.3.1/thumb/v7e-m+dp/hard/crtbegin.o
 *(.init)
 .init          0x0800e2fc        0x4 /Applications/STM32CubeIDE.app/Contents/Eclipse/plugins/com.st.stm32cube.ide.mcu.externaltools.gnu-tools-for-stm32.13.3.rel1.macos64_1.0.0.202411102158/tools/bin/../lib/gcc/arm-none-eabi/13.3.1/thumb/v7e-m+dp/hard/crti.o
                0x0800e2fc                _init
 .init          0x0800e300        0x8 /Applications/STM32CubeIDE.app/Contents/Eclipse/plugins/com.st.stm32cube.ide.mcu.externaltools.gnu-tools-for-stm32.13.3.rel1.macos64_1.0.0.202411102158/tools/bin/../lib/gcc/arm-none-eabi/13.3.1/thumb/v7e-m+dp/hard/crtn.o
 *(.fini)
 .fini          0x0800e308        0x4 /Applications/STM32CubeIDE.app/Contents/Eclipse/plugins/com.st.stm32cube.ide.mcu.externaltools.gnu-tools-for-stm32.13.3.rel1.macos64_1.0.0.202411102158/tools/bin/../lib/gcc/arm-none-eabi/13.3.1/thumb/v7e-m+dp/hard/crti.o
                0x0800e308                _fini
 .fini          0x0800e30c        0x8 /Applications/STM32CubeIDE.app/Contents/Eclipse/plugins/com.st.stm32cube.ide.mcu.externaltools.gnu-tools-for-stm32.13.3.rel1.macos64_1.0.0.202411102158/tools/bin/../lib/gcc/arm-none-eabi/13.3.1/thumb/v7e-m+dp/hard/crtn.o
                0x0800e314                        . = ALIGN (0x4)
                0x0800e314                        _etext = .

.vfp11_veneer   0x0800e314        0x0
 .vfp11_veneer  0x0800e314        0x0 linker stubs

.v4_bx          0x0800e314        0x0
 .v4_bx         0x0800e314        0x0 linker stubs

.iplt           0x0800e314        0x0
 .iplt          0x0800e314        0x0 /Applications/STM32CubeIDE.app/Contents/Eclipse/plugins/com.st.stm32cube.ide.mcu.externaltools.gnu-tools-for-stm32.13.3.rel1.macos64_1.0.0.202411102158/tools/bin/../lib/gcc/arm-none-eabi/13.3.1/thumb/v7e-m+dp/hard/crtbegin.o

.rodata         0x0800e314       0x94
                0x0800e314                        . = ALIGN (0x4)
 *(.rodata)
 .rodata        0x0800e314       0x14 ./Core/Src/main.o
 .rodata        0x0800e328       0x46 ./USB_DEVICE/App/usbd_desc.o
 *(.rodata*)
 *fill*         0x0800e36e        0x2 
 .rodata.D1CorePrescTable
                0x0800e370       0x10 ./Core/Src/system_stm32h7xx.o
                0x0800e370                D1CorePrescTable
 .rodata.UARTPrescTable
                0x0800e380       0x18 ./Drivers/STM32H7xx_HAL_Driver/Src/stm32h7xx_hal_uart.o
                0x0800e380                UARTPrescTable
 .rodata.numerator.1
                0x0800e398        0x8 ./Drivers/STM32H7xx_HAL_Driver/Src/stm32h7xx_hal_uart_ex.o
 .rodata.denominator.0
                0x0800e3a0        0x8 ./Drivers/STM32H7xx_HAL_Driver/Src/stm32h7xx_hal_uart_ex.o
                0x0800e3a8                        . = ALIGN (0x4)

.ARM.extab
 *(.ARM.extab* .gnu.linkonce.armextab.*)

.ARM            0x0800e3a8        0x8
                0x0800e3a8                        __exidx_start = .
 *(.ARM.exidx*)
 .ARM.exidx     0x0800e3a8        0x8 /Applications/STM32CubeIDE.app/Contents/Eclipse/plugins/com.st.stm32cube.ide.mcu.externaltools.gnu-tools-for-stm32.13.3.rel1.macos64_1.0.0.202411102158/tools/bin/../lib/gcc/arm-none-eabi/13.3.1/thumb/v7e-m+dp/hard/libgcc.a(_udivmoddi4.o)
                0x0800e3b0                        __exidx_end = .

.preinit_array  0x0800e3b0        0x0
                0x0800e3b0                        PROVIDE (__preinit_array_start = .)
 *(.preinit_array*)
                0x0800e3b0                        PROVIDE (__preinit_array_end = .)

.init_array     0x0800e3b0        0x4
                0x0800e3b0                        PROVIDE (__init_array_start = .)
 *(SORT_BY_NAME(.init_array.*))
 *(.init_array*)
 .init_array    0x0800e3b0        0x4 /Applications/STM32CubeIDE.app/Contents/Eclipse/plugins/com.st.stm32cube.ide.mcu.externaltools.gnu-tools-for-stm32.13.3.rel1.macos64_1.0.0.202411102158/tools/bin/../lib/gcc/arm-none-eabi/13.3.1/thumb/v7e-m+dp/hard/crtbegin.o
                0x0800e3b4                        PROVIDE (__init_array_end = .)

.fini_array     0x0800e3b4        0x4
                [!provide]                        PROVIDE (__fini_array_start = .)
 *(SORT_BY_NAME(.fini_array.*))
 *(.fini_array*)
 .fini_array    0x0800e3b4        0x4 /Applications/STM32CubeIDE.app/Contents/Eclipse/plugins/com.st.stm32cube.ide.mcu.externaltools.gnu-tools-for-stm32.13.3.rel1.macos64_1.0.0.202411102158/tools/bin/../lib/gcc/arm-none-eabi/13.3.1/thumb/v7e-m+dp/hard/crtbegin.o
                [!provide]                        PROVIDE (__fini_array_end = .)
                0x0800e3b8                        _sidata = LOADADDR (.data)

.rel.dyn        0x0800e3b8        0x0
 .rel.iplt      0x0800e3b8        0x0 /Applications/STM32CubeIDE.app/Contents/Eclipse/plugins/com.st.stm32cube.ide.mcu.externaltools.gnu-tools-for-stm32.13.3.rel1.macos64_1.0.0.202411102158/tools/bin/../lib/gcc/arm-none-eabi/13.3.1/thumb/v7e-m+dp/hard/crtbegin.o

.data           0x24000000      0x110 load address 0x0800e3b8
                0x24000000                        . = ALIGN (0x4)
                0x24000000                        _sdata = .
 *(.data)
 *(.data*)
 .data.tx_buff  0x24000000        0xa ./Core/Src/main.o
                0x24000000                tx_buff
 *fill*         0x2400000a        0x2 
 .data.SystemCoreClock
                0x2400000c        0x4 ./Core/Src/system_stm32h7xx.o
                0x2400000c                SystemCoreClock
 .data.SystemD2Clock
                0x24000010        0x4 ./Core/Src/system_stm32h7xx.o
                0x24000010                SystemD2Clock
 .data.uwTickPrio
                0x24000014        0x4 ./Drivers/STM32H7xx_HAL_Driver/Src/stm32h7xx_hal.o
                0x24000014                uwTickPrio
 .data.uwTickFreq
                0x24000018        0x1 ./Drivers/STM32H7xx_HAL_Driver/Src/stm32h7xx_hal.o
                0x24000018                uwTickFreq
 *fill*         0x24000019        0x3 
 .data.USBD_CDC_DeviceQualifierDesc
                0x2400001c        0xa ./Middlewares/ST/STM32_USB_Device_Library/Class/CDC/Src/usbd_cdc.o
 *fill*         0x24000026        0x2 
 .data.USBD_CDC
                0x24000028       0x38 ./Middlewares/ST/STM32_USB_Device_Library/Class/CDC/Src/usbd_cdc.o
                0x24000028                USBD_CDC
 .data.USBD_CDC_CfgDesc
                0x24000060       0x43 ./Middlewares/ST/STM32_USB_Device_Library/Class/CDC/Src/usbd_cdc.o
 .data.CDCInEpAdd
                0x240000a3        0x1 ./Middlewares/ST/STM32_USB_Device_Library/Class/CDC/Src/usbd_cdc.o
 .data.CDCOutEpAdd
                0x240000a4        0x1 ./Middlewares/ST/STM32_USB_Device_Library/Class/CDC/Src/usbd_cdc.o
 .data.CDCCmdEpAdd
                0x240000a5        0x1 ./Middlewares/ST/STM32_USB_Device_Library/Class/CDC/Src/usbd_cdc.o
 *fill*         0x240000a6        0x2 
 .data.USBD_Interface_fops_FS
                0x240000a8       0x14 ./USB_DEVICE/App/usbd_cdc_if.o
                0x240000a8                USBD_Interface_fops_FS
 .data.FS_Desc  0x240000bc       0x20 ./USB_DEVICE/App/usbd_desc.o
                0x240000bc                FS_Desc
 .data.USBD_FS_DeviceDesc
                0x240000dc       0x12 ./USB_DEVICE/App/usbd_desc.o
                0x240000dc                USBD_FS_DeviceDesc
 *fill*         0x240000ee        0x2 
 .data.USBD_LangIDDesc
                0x240000f0        0x4 ./USB_DEVICE/App/usbd_desc.o
                0x240000f0                USBD_LangIDDesc
 .data.USBD_StringSerial
                0x240000f4       0x1a ./USB_DEVICE/App/usbd_desc.o
                0x240000f4                USBD_StringSerial
 *(.RamFunc)
 *(.RamFunc*)
                0x24000110                        . = ALIGN (0x4)
 *fill*         0x2400010e        0x2 
                0x24000110                        _edata = .

.igot.plt       0x24000110        0x0 load address 0x0800e4c8
 .igot.plt      0x24000110        0x0 /Applications/STM32CubeIDE.app/Contents/Eclipse/plugins/com.st.stm32cube.ide.mcu.externaltools.gnu-tools-for-stm32.13.3.rel1.macos64_1.0.0.202411102158/tools/bin/../lib/gcc/arm-none-eabi/13.3.1/thumb/v7e-m+dp/hard/crtbegin.o
                0x24000110                        . = ALIGN (0x4)

.bss            0x24000110     0x2040 load address 0x0800e4c8
                0x24000110                        _sbss = .
                0x24000110                        __bss_start__ = _sbss
 *(.bss)
 .bss           0x24000110       0x1c /Applications/STM32CubeIDE.app/Contents/Eclipse/plugins/com.st.stm32cube.ide.mcu.externaltools.gnu-tools-for-stm32.13.3.rel1.macos64_1.0.0.202411102158/tools/bin/../lib/gcc/arm-none-eabi/13.3.1/thumb/v7e-m+dp/hard/crtbegin.o
 *(.bss*)
 .bss.g_model   0x2400012c        0x1 ./Core/Src/W25X0XGV.o
 .bss.g_die     0x2400012d        0x1 ./Core/Src/W25X0XGV.o
 *fill*         0x2400012e        0x2 
 .bss.hi2c1     0x24000130       0x54 ./Core/Src/main.o
                0x24000130                hi2c1
 .bss.hi2c2     0x24000184       0x54 ./Core/Src/main.o
                0x24000184                hi2c2
 .bss.hrtc      0x240001d8       0x24 ./Core/Src/main.o
                0x240001d8                hrtc
 .bss.hspi1     0x240001fc       0x88 ./Core/Src/main.o
                0x240001fc                hspi1
 .bss.hspi2     0x24000284       0x88 ./Core/Src/main.o
                0x24000284                hspi2
 .bss.hspi4     0x2400030c       0x88 ./Core/Src/main.o
                0x2400030c                hspi4
 .bss.huart1    0x24000394       0x94 ./Core/Src/main.o
                0x24000394                huart1
 .bss.huart2    0x24000428       0x94 ./Core/Src/main.o
                0x24000428                huart2
 .bss.huart3    0x240004bc       0x94 ./Core/Src/main.o
                0x240004bc                huart3
 .bss.servos    0x24000550       0x18 ./Core/Src/main.o
                0x24000550                servos
 .bss.uwTick    0x24000568        0x4 ./Drivers/STM32H7xx_HAL_Driver/Src/stm32h7xx_hal.o
                0x24000568                uwTick
 .bss.cfgidx.0  0x2400056c        0x1 ./Middlewares/ST/STM32_USB_Device_Library/Core/Src/usbd_ctlreq.o
 *fill*         0x2400056d        0x3 
 .bss.hUsbDeviceFS
                0x24000570      0x2dc ./USB_DEVICE/App/usb_device.o
                0x24000570                hUsbDeviceFS
 .bss.UserRxBufferFS
                0x2400084c      0x800 ./USB_DEVICE/App/usbd_cdc_if.o
                0x2400084c                UserRxBufferFS
 .bss.UserTxBufferFS
                0x2400104c      0x800 ./USB_DEVICE/App/usbd_cdc_if.o
                0x2400104c                UserTxBufferFS
 .bss.USBD_StrDesc
                0x2400184c      0x200 ./USB_DEVICE/App/usbd_desc.o
                0x2400184c                USBD_StrDesc
 .bss.hpcd_USB_OTG_FS
                0x24001a4c      0x4e4 ./USB_DEVICE/Target/usbd_conf.o
                0x24001a4c                hpcd_USB_OTG_FS
 .bss.mem.0     0x24001f30      0x220 ./USB_DEVICE/Target/usbd_conf.o
 *(COMMON)
                0x24002150                        . = ALIGN (0x4)
                0x24002150                        _ebss = .
                0x24002150                        __bss_end__ = _ebss

._user_heap_stack
                0x24002150      0x600 load address 0x0800e4c8
                0x24002150                        . = ALIGN (0x8)
                [!provide]                        PROVIDE (end = .)
                0x24002150                        PROVIDE (_end = .)
                0x24002350                        . = (. + _Min_Heap_Size)
 *fill*         0x24002150      0x200 
                0x24002750                        . = (. + _Min_Stack_Size)
 *fill*         0x24002350      0x400 
                0x24002750                        . = ALIGN (0x8)

/DISCARD/
 libc.a(*)
 libm.a(*)
 libgcc.a(*)

.ARM.attributes
                0x00000000       0x2e
 *(.ARM.attributes)
 .ARM.attributes
                0x00000000       0x20 /Applications/STM32CubeIDE.app/Contents/Eclipse/plugins/com.st.stm32cube.ide.mcu.externaltools.gnu-tools-for-stm32.13.3.rel1.macos64_1.0.0.202411102158/tools/bin/../lib/gcc/arm-none-eabi/13.3.1/thumb/v7e-m+dp/hard/crti.o
 .ARM.attributes
                0x00000020       0x32 /Applications/STM32CubeIDE.app/Contents/Eclipse/plugins/com.st.stm32cube.ide.mcu.externaltools.gnu-tools-for-stm32.13.3.rel1.macos64_1.0.0.202411102158/tools/bin/../lib/gcc/arm-none-eabi/13.3.1/thumb/v7e-m+dp/hard/crtbegin.o
 .ARM.attributes
                0x00000052       0x32 ./Core/Src/PCA9685.o
 .ARM.attributes
                0x00000084       0x32 ./Core/Src/W25X0XGV.o
 .ARM.attributes
                0x000000b6       0x32 ./Core/Src/main.o
 .ARM.attributes
                0x000000e8       0x32 ./Core/Src/rfm95.o
 .ARM.attributes
                0x0000011a       0x32 ./Core/Src/stm32h7xx_hal_msp.o
 .ARM.attributes
                0x0000014c       0x32 ./Core/Src/stm32h7xx_it.o
 .ARM.attributes
                0x0000017e       0x32 ./Core/Src/system_stm32h7xx.o
 .ARM.attributes
                0x000001b0       0x21 ./Core/Startup/startup_stm32h753vitx.o
 .ARM.attributes
                0x000001d1       0x32 ./Drivers/STM32H7xx_HAL_Driver/Src/stm32h7xx_hal.o
 .ARM.attributes
                0x00000203       0x32 ./Drivers/STM32H7xx_HAL_Driver/Src/stm32h7xx_hal_cortex.o
 .ARM.attributes
                0x00000235       0x32 ./Drivers/STM32H7xx_HAL_Driver/Src/stm32h7xx_hal_gpio.o
 .ARM.attributes
                0x00000267       0x32 ./Drivers/STM32H7xx_HAL_Driver/Src/stm32h7xx_hal_i2c.o
 .ARM.attributes
                0x00000299       0x32 ./Drivers/STM32H7xx_HAL_Driver/Src/stm32h7xx_hal_i2c_ex.o
 .ARM.attributes
                0x000002cb       0x32 ./Drivers/STM32H7xx_HAL_Driver/Src/stm32h7xx_hal_pcd.o
 .ARM.attributes
                0x000002fd       0x32 ./Drivers/STM32H7xx_HAL_Driver/Src/stm32h7xx_hal_pcd_ex.o
 .ARM.attributes
                0x0000032f       0x32 ./Drivers/STM32H7xx_HAL_Driver/Src/stm32h7xx_hal_pwr_ex.o
 .ARM.attributes
                0x00000361       0x32 ./Drivers/STM32H7xx_HAL_Driver/Src/stm32h7xx_hal_rcc.o
 .ARM.attributes
                0x00000393       0x32 ./Drivers/STM32H7xx_HAL_Driver/Src/stm32h7xx_hal_rcc_ex.o
 .ARM.attributes
                0x000003c5       0x32 ./Drivers/STM32H7xx_HAL_Driver/Src/stm32h7xx_hal_rtc.o
 .ARM.attributes
                0x000003f7       0x32 ./Drivers/STM32H7xx_HAL_Driver/Src/stm32h7xx_hal_spi.o
 .ARM.attributes
                0x00000429       0x32 ./Drivers/STM32H7xx_HAL_Driver/Src/stm32h7xx_hal_uart.o
 .ARM.attributes
                0x0000045b       0x32 ./Drivers/STM32H7xx_HAL_Driver/Src/stm32h7xx_hal_uart_ex.o
 .ARM.attributes
                0x0000048d       0x32 ./Drivers/STM32H7xx_HAL_Driver/Src/stm32h7xx_ll_usb.o
 .ARM.attributes
                0x000004bf       0x32 ./Middlewares/ST/STM32_USB_Device_Library/Class/CDC/Src/usbd_cdc.o
 .ARM.attributes
                0x000004f1       0x32 ./Middlewares/ST/STM32_USB_Device_Library/Core/Src/usbd_core.o
 .ARM.attributes
                0x00000523       0x32 ./Middlewares/ST/STM32_USB_Device_Library/Core/Src/usbd_ctlreq.o
 .ARM.attributes
                0x00000555       0x32 ./Middlewares/ST/STM32_USB_Device_Library/Core/Src/usbd_ioreq.o
 .ARM.attributes
                0x00000587       0x32 ./USB_DEVICE/App/usb_device.o
 .ARM.attributes
                0x000005b9       0x32 ./USB_DEVICE/App/usbd_cdc_if.o
 .ARM.attributes
                0x000005eb       0x32 ./USB_DEVICE/App/usbd_desc.o
 .ARM.attributes
                0x0000061d       0x32 ./USB_DEVICE/Target/usbd_conf.o
 .ARM.attributes
                0x0000064f       0x32 /Applications/STM32CubeIDE.app/Contents/Eclipse/plugins/com.st.stm32cube.ide.mcu.externaltools.gnu-tools-for-stm32.13.3.rel1.macos64_1.0.0.202411102158/tools/bin/../lib/gcc/arm-none-eabi/13.3.1/../../../../arm-none-eabi/lib/thumb/v7e-m+dp/hard/libc_nano.a(libc_a-memset.o)
 .ARM.attributes
                0x00000681       0x32 /Applications/STM32CubeIDE.app/Contents/Eclipse/plugins/com.st.stm32cube.ide.mcu.externaltools.gnu-tools-for-stm32.13.3.rel1.macos64_1.0.0.202411102158/tools/bin/../lib/gcc/arm-none-eabi/13.3.1/../../../../arm-none-eabi/lib/thumb/v7e-m+dp/hard/libc_nano.a(libc_a-init.o)
 .ARM.attributes
                0x000006b3       0x20 /Applications/STM32CubeIDE.app/Contents/Eclipse/plugins/com.st.stm32cube.ide.mcu.externaltools.gnu-tools-for-stm32.13.3.rel1.macos64_1.0.0.202411102158/tools/bin/../lib/gcc/arm-none-eabi/13.3.1/thumb/v7e-m+dp/hard/libgcc.a(_aeabi_uldivmod.o)
 .ARM.attributes
                0x000006d3       0x32 /Applications/STM32CubeIDE.app/Contents/Eclipse/plugins/com.st.stm32cube.ide.mcu.externaltools.gnu-tools-for-stm32.13.3.rel1.macos64_1.0.0.202411102158/tools/bin/../lib/gcc/arm-none-eabi/13.3.1/thumb/v7e-m+dp/hard/libgcc.a(_udivmoddi4.o)
 .ARM.attributes
                0x00000705       0x20 /Applications/STM32CubeIDE.app/Contents/Eclipse/plugins/com.st.stm32cube.ide.mcu.externaltools.gnu-tools-for-stm32.13.3.rel1.macos64_1.0.0.202411102158/tools/bin/../lib/gcc/arm-none-eabi/13.3.1/thumb/v7e-m+dp/hard/libgcc.a(_dvmd_tls.o)
 .ARM.attributes
                0x00000725       0x20 /Applications/STM32CubeIDE.app/Contents/Eclipse/plugins/com.st.stm32cube.ide.mcu.externaltools.gnu-tools-for-stm32.13.3.rel1.macos64_1.0.0.202411102158/tools/bin/../lib/gcc/arm-none-eabi/13.3.1/thumb/v7e-m+dp/hard/crtn.o
OUTPUT(Komadori_MPU.elf elf32-littlearm)
LOAD linker stubs
LOAD /Applications/STM32CubeIDE.app/Contents/Eclipse/plugins/com.st.stm32cube.ide.mcu.externaltools.gnu-tools-for-stm32.13.3.rel1.macos64_1.0.0.202411102158/tools/bin/../lib/gcc/arm-none-eabi/13.3.1/../../../../arm-none-eabi/lib/thumb/v7e-m+dp/hard/libc.a
LOAD /Applications/STM32CubeIDE.app/Contents/Eclipse/plugins/com.st.stm32cube.ide.mcu.externaltools.gnu-tools-for-stm32.13.3.rel1.macos64_1.0.0.202411102158/tools/bin/../lib/gcc/arm-none-eabi/13.3.1/../../../../arm-none-eabi/lib/thumb/v7e-m+dp/hard/libm.a
LOAD /Applications/STM32CubeIDE.app/Contents/Eclipse/plugins/com.st.stm32cube.ide.mcu.externaltools.gnu-tools-for-stm32.13.3.rel1.macos64_1.0.0.202411102158/tools/bin/../lib/gcc/arm-none-eabi/13.3.1/thumb/v7e-m+dp/hard/libgcc.a

.debug_info     0x00000000    0x2315e
 .debug_info    0x00000000      0x921 ./Core/Src/PCA9685.o
 .debug_info    0x00000921      0xf43 ./Core/Src/W25X0XGV.o
 .debug_info    0x00001864     0x2239 ./Core/Src/main.o
 .debug_info    0x00003a9d      0xd9a ./Core/Src/rfm95.o
 .debug_info    0x00004837     0x1d87 ./Core/Src/stm32h7xx_hal_msp.o
 .debug_info    0x000065be      0x6b2 ./Core/Src/stm32h7xx_it.o
 .debug_info    0x00006c70      0xdb2 ./Core/Src/system_stm32h7xx.o
 .debug_info    0x00007a22       0x30 ./Core/Startup/startup_stm32h753vitx.o
 .debug_info    0x00007a52     0x1541 ./Drivers/STM32H7xx_HAL_Driver/Src/stm32h7xx_hal.o
 .debug_info    0x00008f93     0x10b7 ./Drivers/STM32H7xx_HAL_Driver/Src/stm32h7xx_hal_cortex.o
 .debug_info    0x0000a04a      0xc5a ./Drivers/STM32H7xx_HAL_Driver/Src/stm32h7xx_hal_gpio.o
 .debug_info    0x0000aca4     0x22c9 ./Drivers/STM32H7xx_HAL_Driver/Src/stm32h7xx_hal_i2c.o
 .debug_info    0x0000cf6d      0xd84 ./Drivers/STM32H7xx_HAL_Driver/Src/stm32h7xx_hal_i2c_ex.o
 .debug_info    0x0000dcf1     0x1561 ./Drivers/STM32H7xx_HAL_Driver/Src/stm32h7xx_hal_pcd.o
 .debug_info    0x0000f252      0x8b3 ./Drivers/STM32H7xx_HAL_Driver/Src/stm32h7xx_hal_pcd_ex.o
 .debug_info    0x0000fb05     0x1012 ./Drivers/STM32H7xx_HAL_Driver/Src/stm32h7xx_hal_pwr_ex.o
 .debug_info    0x00010b17      0xe6a ./Drivers/STM32H7xx_HAL_Driver/Src/stm32h7xx_hal_rcc.o
 .debug_info    0x00011981     0x1225 ./Drivers/STM32H7xx_HAL_Driver/Src/stm32h7xx_hal_rcc_ex.o
 .debug_info    0x00012ba6      0xe57 ./Drivers/STM32H7xx_HAL_Driver/Src/stm32h7xx_hal_rtc.o
 .debug_info    0x000139fd     0x144a ./Drivers/STM32H7xx_HAL_Driver/Src/stm32h7xx_hal_spi.o
 .debug_info    0x00014e47     0x4b1d ./Drivers/STM32H7xx_HAL_Driver/Src/stm32h7xx_hal_uart.o
 .debug_info    0x00019964      0xfbf ./Drivers/STM32H7xx_HAL_Driver/Src/stm32h7xx_hal_uart_ex.o
 .debug_info    0x0001a923     0x1a1e ./Drivers/STM32H7xx_HAL_Driver/Src/stm32h7xx_ll_usb.o
 .debug_info    0x0001c341     0x133d ./Middlewares/ST/STM32_USB_Device_Library/Class/CDC/Src/usbd_cdc.o
 .debug_info    0x0001d67e      0xe20 ./Middlewares/ST/STM32_USB_Device_Library/Core/Src/usbd_core.o
 .debug_info    0x0001e49e      0xaf9 ./Middlewares/ST/STM32_USB_Device_Library/Core/Src/usbd_ctlreq.o
 .debug_info    0x0001ef97      0x770 ./Middlewares/ST/STM32_USB_Device_Library/Core/Src/usbd_ioreq.o
 .debug_info    0x0001f707      0x725 ./USB_DEVICE/App/usb_device.o
 .debug_info    0x0001fe2c      0x915 ./USB_DEVICE/App/usbd_cdc_if.o
 .debug_info    0x00020741      0x48f ./USB_DEVICE/App/usbd_desc.o
 .debug_info    0x00020bd0     0x258e ./USB_DEVICE/Target/usbd_conf.o

.debug_abbrev   0x00000000     0x48ea
 .debug_abbrev  0x00000000      0x1b9 ./Core/Src/PCA9685.o
 .debug_abbrev  0x000001b9      0x2c3 ./Core/Src/W25X0XGV.o
 .debug_abbrev  0x0000047c      0x334 ./Core/Src/main.o
 .debug_abbrev  0x000007b0      0x21c ./Core/Src/rfm95.o
 .debug_abbrev  0x000009cc      0x26d ./Core/Src/stm32h7xx_hal_msp.o
 .debug_abbrev  0x00000c39      0x1a4 ./Core/Src/stm32h7xx_it.o
 .debug_abbrev  0x00000ddd      0x165 ./Core/Src/system_stm32h7xx.o
 .debug_abbrev  0x00000f42       0x24 ./Core/Startup/startup_stm32h753vitx.o
 .debug_abbrev  0x00000f66      0x295 ./Drivers/STM32H7xx_HAL_Driver/Src/stm32h7xx_hal.o
 .debug_abbrev  0x000011fb      0x339 ./Drivers/STM32H7xx_HAL_Driver/Src/stm32h7xx_hal_cortex.o
 .debug_abbrev  0x00001534      0x205 ./Drivers/STM32H7xx_HAL_Driver/Src/stm32h7xx_hal_gpio.o
 .debug_abbrev  0x00001739      0x25d ./Drivers/STM32H7xx_HAL_Driver/Src/stm32h7xx_hal_i2c.o
 .debug_abbrev  0x00001996      0x1f5 ./Drivers/STM32H7xx_HAL_Driver/Src/stm32h7xx_hal_i2c_ex.o
 .debug_abbrev  0x00001b8b      0x2dc ./Drivers/STM32H7xx_HAL_Driver/Src/stm32h7xx_hal_pcd.o
 .debug_abbrev  0x00001e67      0x256 ./Drivers/STM32H7xx_HAL_Driver/Src/stm32h7xx_hal_pcd_ex.o
 .debug_abbrev  0x000020bd      0x2a7 ./Drivers/STM32H7xx_HAL_Driver/Src/stm32h7xx_hal_pwr_ex.o
 .debug_abbrev  0x00002364      0x2c8 ./Drivers/STM32H7xx_HAL_Driver/Src/stm32h7xx_hal_rcc.o
 .debug_abbrev  0x0000262c      0x269 ./Drivers/STM32H7xx_HAL_Driver/Src/stm32h7xx_hal_rcc_ex.o
 .debug_abbrev  0x00002895      0x204 ./Drivers/STM32H7xx_HAL_Driver/Src/stm32h7xx_hal_rtc.o
 .debug_abbrev  0x00002a99      0x2b1 ./Drivers/STM32H7xx_HAL_Driver/Src/stm32h7xx_hal_spi.o
 .debug_abbrev  0x00002d4a      0x33d ./Drivers/STM32H7xx_HAL_Driver/Src/stm32h7xx_hal_uart.o
 .debug_abbrev  0x00003087      0x2d2 ./Drivers/STM32H7xx_HAL_Driver/Src/stm32h7xx_hal_uart_ex.o
 .debug_abbrev  0x00003359      0x2b3 ./Drivers/STM32H7xx_HAL_Driver/Src/stm32h7xx_ll_usb.o
 .debug_abbrev  0x0000360c      0x2d2 ./Middlewares/ST/STM32_USB_Device_Library/Class/CDC/Src/usbd_cdc.o
 .debug_abbrev  0x000038de      0x27c ./Middlewares/ST/STM32_USB_Device_Library/Core/Src/usbd_core.o
 .debug_abbrev  0x00003b5a      0x26f ./Middlewares/ST/STM32_USB_Device_Library/Core/Src/usbd_ctlreq.o
 .debug_abbrev  0x00003dc9      0x19a ./Middlewares/ST/STM32_USB_Device_Library/Core/Src/usbd_ioreq.o
 .debug_abbrev  0x00003f63      0x1a8 ./USB_DEVICE/App/usb_device.o
 .debug_abbrev  0x0000410b      0x29d ./USB_DEVICE/App/usbd_cdc_if.o
 .debug_abbrev  0x000043a8      0x1f3 ./USB_DEVICE/App/usbd_desc.o
 .debug_abbrev  0x0000459b      0x34f ./USB_DEVICE/Target/usbd_conf.o

.debug_aranges  0x00000000     0x18c8
 .debug_aranges
                0x00000000       0x38 ./Core/Src/PCA9685.o
 .debug_aranges
                0x00000038       0xd0 ./Core/Src/W25X0XGV.o
 .debug_aranges
                0x00000108       0x88 ./Core/Src/main.o
 .debug_aranges
                0x00000190       0x80 ./Core/Src/rfm95.o
 .debug_aranges
                0x00000210       0x60 ./Core/Src/stm32h7xx_hal_msp.o
 .debug_aranges
                0x00000270       0x68 ./Core/Src/stm32h7xx_it.o
 .debug_aranges
                0x000002d8       0x30 ./Core/Src/system_stm32h7xx.o
 .debug_aranges
                0x00000308       0x28 ./Core/Startup/startup_stm32h753vitx.o
 .debug_aranges
                0x00000330      0x198 ./Drivers/STM32H7xx_HAL_Driver/Src/stm32h7xx_hal.o
 .debug_aranges
                0x000004c8      0x130 ./Drivers/STM32H7xx_HAL_Driver/Src/stm32h7xx_hal_cortex.o
 .debug_aranges
                0x000005f8       0x58 ./Drivers/STM32H7xx_HAL_Driver/Src/stm32h7xx_hal_gpio.o
 .debug_aranges
                0x00000650      0x2a0 ./Drivers/STM32H7xx_HAL_Driver/Src/stm32h7xx_hal_i2c.o
 .debug_aranges
                0x000008f0       0x48 ./Drivers/STM32H7xx_HAL_Driver/Src/stm32h7xx_hal_i2c_ex.o
 .debug_aranges
                0x00000938      0x140 ./Drivers/STM32H7xx_HAL_Driver/Src/stm32h7xx_hal_pcd.o
 .debug_aranges
                0x00000a78       0x60 ./Drivers/STM32H7xx_HAL_Driver/Src/stm32h7xx_hal_pcd_ex.o
 .debug_aranges
                0x00000ad8      0x158 ./Drivers/STM32H7xx_HAL_Driver/Src/stm32h7xx_hal_pwr_ex.o
 .debug_aranges
                0x00000c30       0x88 ./Drivers/STM32H7xx_HAL_Driver/Src/stm32h7xx_hal_rcc.o
 .debug_aranges
                0x00000cb8       0xf8 ./Drivers/STM32H7xx_HAL_Driver/Src/stm32h7xx_hal_rcc_ex.o
 .debug_aranges
                0x00000db0       0xc0 ./Drivers/STM32H7xx_HAL_Driver/Src/stm32h7xx_hal_rtc.o
 .debug_aranges
                0x00000e70      0x1a8 ./Drivers/STM32H7xx_HAL_Driver/Src/stm32h7xx_hal_spi.o
 .debug_aranges
                0x00001018      0x248 ./Drivers/STM32H7xx_HAL_Driver/Src/stm32h7xx_hal_uart.o
 .debug_aranges
                0x00001260       0xa8 ./Drivers/STM32H7xx_HAL_Driver/Src/stm32h7xx_hal_uart_ex.o
 .debug_aranges
                0x00001308      0x1a0 ./Drivers/STM32H7xx_HAL_Driver/Src/stm32h7xx_ll_usb.o
 .debug_aranges
                0x000014a8       0x90 ./Middlewares/ST/STM32_USB_Device_Library/Class/CDC/Src/usbd_cdc.o
 .debug_aranges
                0x00001538       0xd8 ./Middlewares/ST/STM32_USB_Device_Library/Core/Src/usbd_core.o
 .debug_aranges
                0x00001610       0x90 ./Middlewares/ST/STM32_USB_Device_Library/Core/Src/usbd_ctlreq.o
 .debug_aranges
                0x000016a0       0x50 ./Middlewares/ST/STM32_USB_Device_Library/Core/Src/usbd_ioreq.o
 .debug_aranges
                0x000016f0       0x20 ./USB_DEVICE/App/usb_device.o
 .debug_aranges
                0x00001710       0x48 ./USB_DEVICE/App/usbd_cdc_if.o
 .debug_aranges
                0x00001758       0x60 ./USB_DEVICE/App/usbd_desc.o
 .debug_aranges
                0x000017b8      0x110 ./USB_DEVICE/Target/usbd_conf.o

.debug_rnglists
                0x00000000     0x130b
 .debug_rnglists
                0x00000000       0x26 ./Core/Src/PCA9685.o
 .debug_rnglists
                0x00000026       0x9a ./Core/Src/W25X0XGV.o
 .debug_rnglists
                0x000000c0       0x6c ./Core/Src/main.o
 .debug_rnglists
                0x0000012c       0x60 ./Core/Src/rfm95.o
 .debug_rnglists
                0x0000018c       0x48 ./Core/Src/stm32h7xx_hal_msp.o
 .debug_rnglists
                0x000001d4       0x49 ./Core/Src/stm32h7xx_it.o
 .debug_rnglists
                0x0000021d       0x21 ./Core/Src/system_stm32h7xx.o
 .debug_rnglists
                0x0000023e       0x19 ./Core/Startup/startup_stm32h753vitx.o
 .debug_rnglists
                0x00000257      0x131 ./Drivers/STM32H7xx_HAL_Driver/Src/stm32h7xx_hal.o
 .debug_rnglists
                0x00000388       0xe0 ./Drivers/STM32H7xx_HAL_Driver/Src/stm32h7xx_hal_cortex.o
 .debug_rnglists
                0x00000468       0x3f ./Drivers/STM32H7xx_HAL_Driver/Src/stm32h7xx_hal_gpio.o
 .debug_rnglists
                0x000004a7      0x22a ./Drivers/STM32H7xx_HAL_Driver/Src/stm32h7xx_hal_i2c.o
 .debug_rnglists
                0x000006d1       0x35 ./Drivers/STM32H7xx_HAL_Driver/Src/stm32h7xx_hal_i2c_ex.o
 .debug_rnglists
                0x00000706       0xf4 ./Drivers/STM32H7xx_HAL_Driver/Src/stm32h7xx_hal_pcd.o
 .debug_rnglists
                0x000007fa       0x45 ./Drivers/STM32H7xx_HAL_Driver/Src/stm32h7xx_hal_pcd_ex.o
 .debug_rnglists
                0x0000083f      0x103 ./Drivers/STM32H7xx_HAL_Driver/Src/stm32h7xx_hal_pwr_ex.o
 .debug_rnglists
                0x00000942       0x68 ./Drivers/STM32H7xx_HAL_Driver/Src/stm32h7xx_hal_rcc.o
 .debug_rnglists
                0x000009aa       0xc0 ./Drivers/STM32H7xx_HAL_Driver/Src/stm32h7xx_hal_rcc_ex.o
 .debug_rnglists
                0x00000a6a       0x96 ./Drivers/STM32H7xx_HAL_Driver/Src/stm32h7xx_hal_rtc.o
 .debug_rnglists
                0x00000b00      0x148 ./Drivers/STM32H7xx_HAL_Driver/Src/stm32h7xx_hal_spi.o
 .debug_rnglists
                0x00000c48      0x1fa ./Drivers/STM32H7xx_HAL_Driver/Src/stm32h7xx_hal_uart.o
 .debug_rnglists
                0x00000e42       0x7f ./Drivers/STM32H7xx_HAL_Driver/Src/stm32h7xx_hal_uart_ex.o
 .debug_rnglists
                0x00000ec1      0x147 ./Drivers/STM32H7xx_HAL_Driver/Src/stm32h7xx_ll_usb.o
 .debug_rnglists
                0x00001008       0x6c ./Middlewares/ST/STM32_USB_Device_Library/Class/CDC/Src/usbd_cdc.o
 .debug_rnglists
                0x00001074       0xa1 ./Middlewares/ST/STM32_USB_Device_Library/Core/Src/usbd_core.o
 .debug_rnglists
                0x00001115       0x6e ./Middlewares/ST/STM32_USB_Device_Library/Core/Src/usbd_ctlreq.o
 .debug_rnglists
                0x00001183       0x37 ./Middlewares/ST/STM32_USB_Device_Library/Core/Src/usbd_ioreq.o
 .debug_rnglists
                0x000011ba       0x13 ./USB_DEVICE/App/usb_device.o
 .debug_rnglists
                0x000011cd       0x32 ./USB_DEVICE/App/usbd_cdc_if.o
 .debug_rnglists
                0x000011ff       0x43 ./USB_DEVICE/App/usbd_desc.o
 .debug_rnglists
                0x00001242       0xc9 ./USB_DEVICE/Target/usbd_conf.o

.debug_macro    0x00000000    0x3c5e1
 .debug_macro   0x00000000      0x2fa ./Core/Src/PCA9685.o
 .debug_macro   0x000002fa      0xaf6 ./Core/Src/PCA9685.o
 .debug_macro   0x00000df0      0x244 ./Core/Src/PCA9685.o
 .debug_macro   0x00001034       0x2e ./Core/Src/PCA9685.o
 .debug_macro   0x00001062       0x3b ./Core/Src/PCA9685.o
 .debug_macro   0x0000109d       0x22 ./Core/Src/PCA9685.o
 .debug_macro   0x000010bf       0x8e ./Core/Src/PCA9685.o
 .debug_macro   0x0000114d       0x51 ./Core/Src/PCA9685.o
 .debug_macro   0x0000119e      0x103 ./Core/Src/PCA9685.o
 .debug_macro   0x000012a1       0x6a ./Core/Src/PCA9685.o
 .debug_macro   0x0000130b      0x1df ./Core/Src/PCA9685.o
 .debug_macro   0x000014ea       0x1c ./Core/Src/PCA9685.o
 .debug_macro   0x00001506       0x22 ./Core/Src/PCA9685.o
 .debug_macro   0x00001528       0xfb ./Core/Src/PCA9685.o
 .debug_macro   0x00001623     0x1305 ./Core/Src/PCA9685.o
 .debug_macro   0x00002928      0x11f ./Core/Src/PCA9685.o
 .debug_macro   0x00002a47       0x27 ./Core/Src/PCA9685.o
 .debug_macro   0x00002a6e    0x261cc ./Core/Src/PCA9685.o
 .debug_macro   0x00028c3a       0x6d ./Core/Src/PCA9685.o
 .debug_macro   0x00028ca7     0x3d79 ./Core/Src/PCA9685.o
 .debug_macro   0x0002ca20      0x190 ./Core/Src/PCA9685.o
 .debug_macro   0x0002cbb0       0x61 ./Core/Src/PCA9685.o
 .debug_macro   0x0002cc11       0x29 ./Core/Src/PCA9685.o
 .debug_macro   0x0002cc3a       0x43 ./Core/Src/PCA9685.o
 .debug_macro   0x0002cc7d       0x34 ./Core/Src/PCA9685.o
 .debug_macro   0x0002ccb1      0x370 ./Core/Src/PCA9685.o
 .debug_macro   0x0002d021       0x16 ./Core/Src/PCA9685.o
 .debug_macro   0x0002d037       0x4a ./Core/Src/PCA9685.o
 .debug_macro   0x0002d081       0x34 ./Core/Src/PCA9685.o
 .debug_macro   0x0002d0b5       0x10 ./Core/Src/PCA9685.o
 .debug_macro   0x0002d0c5       0x58 ./Core/Src/PCA9685.o
 .debug_macro   0x0002d11d       0x8e ./Core/Src/PCA9685.o
 .debug_macro   0x0002d1ab       0x1c ./Core/Src/PCA9685.o
 .debug_macro   0x0002d1c7      0x185 ./Core/Src/PCA9685.o
 .debug_macro   0x0002d34c      0x19b ./Core/Src/PCA9685.o
 .debug_macro   0x0002d4e7       0x5d ./Core/Src/PCA9685.o
 .debug_macro   0x0002d544     0x240e ./Core/Src/PCA9685.o
 .debug_macro   0x0002f952     0x102c ./Core/Src/PCA9685.o
 .debug_macro   0x0003097e      0x154 ./Core/Src/PCA9685.o
 .debug_macro   0x00030ad2      0x114 ./Core/Src/PCA9685.o
 .debug_macro   0x00030be6      0x3b6 ./Core/Src/PCA9685.o
 .debug_macro   0x00030f9c       0xac ./Core/Src/PCA9685.o
 .debug_macro   0x00031048      0x72d ./Core/Src/PCA9685.o
 .debug_macro   0x00031775      0x228 ./Core/Src/PCA9685.o
 .debug_macro   0x0003199d       0x66 ./Core/Src/PCA9685.o
 .debug_macro   0x00031a03      0x3bb ./Core/Src/PCA9685.o
 .debug_macro   0x00031dbe      0x3e4 ./Core/Src/PCA9685.o
 .debug_macro   0x000321a2      0x275 ./Core/Src/PCA9685.o
 .debug_macro   0x00032417      0x3ca ./Core/Src/PCA9685.o
 .debug_macro   0x000327e1      0x408 ./Core/Src/PCA9685.o
 .debug_macro   0x00032be9       0x51 ./Core/Src/PCA9685.o
 .debug_macro   0x00032c3a       0x4a ./Core/Src/PCA9685.o
 .debug_macro   0x00032c84      0x22c ./Core/Src/PCA9685.o
 .debug_macro   0x00032eb0       0x67 ./Core/Src/PCA9685.o
 .debug_macro   0x00032f17       0xa5 ./Core/Src/PCA9685.o
 .debug_macro   0x00032fbc      0x1c4 ./Core/Src/PCA9685.o