Archive member included to satisfy reference by file (symbol)

/Applications/STM32CubeIDE.app/Contents/Eclipse/plugins/com.st.stm32cube.ide.mcu.externaltools.gnu-tools-for-stm32.13.3.rel1.macos64_1.0.0.202411102158/tools/bin/../lib/gcc/arm-none-eabi/13.3.1/../../../../arm-none-eabi/lib/thumb/v7e-m+fp/hard/libc_nano.a(libc_a-exit.o)
                              /Applications/STM32CubeIDE.app/Contents/Eclipse/plugins/com.st.stm32cube.ide.mcu.externaltools.gnu-tools-for-stm32.13.3.rel1.macos64_1.0.0.202411102158/tools/bin/../lib/gcc/arm-none-eabi/13.3.1/../../../../arm-none-eabi/lib/thumb/v7e-m+fp/hard/crt0.o (exit)
/Applications/STM32CubeIDE.app/Contents/Eclipse/plugins/com.st.stm32cube.ide.mcu.externaltools.gnu-tools-for-stm32.13.3.rel1.macos64_1.0.0.202411102158/tools/bin/../lib/gcc/arm-none-eabi/13.3.1/../../../../arm-none-eabi/lib/thumb/v7e-m+fp/hard/libc_nano.a(libc_a-nano-vfprintf_float.o)
                              (_printf_float)
/Applications/STM32CubeIDE.app/Contents/Eclipse/plugins/com.st.stm32cube.ide.mcu.externaltools.gnu-tools-for-stm32.13.3.rel1.macos64_1.0.0.202411102158/tools/bin/../lib/gcc/arm-none-eabi/13.3.1/../../../../arm-none-eabi/lib/thumb/v7e-m+fp/hard/libc_nano.a(libc_a-nano-vfprintf_i.o)
                              /Applications/STM32CubeIDE.app/Contents/Eclipse/plugins/com.st.stm32cube.ide.mcu.externaltools.gnu-tools-for-stm32.13.3.rel1.macos64_1.0.0.202411102158/tools/bin/../lib/gcc/arm-none-eabi/13.3.1/../../../../arm-none-eabi/lib/thumb/v7e-m+fp/hard/libc_nano.a(libc_a-nano-vfprintf_float.o) (_printf_common)
/Applications/STM32CubeIDE.app/Contents/Eclipse/plugins/com.st.stm32cube.ide.mcu.externaltools.gnu-tools-for-stm32.13.3.rel1.macos64_1.0.0.202411102158/tools/bin/../lib/gcc/arm-none-eabi/13.3.1/../../../../arm-none-eabi/lib/thumb/v7e-m+fp/hard/libc_nano.a(libc_a-snprintf.o)
                              ./Core/Src/main.o (snprintf)
/Applications/STM32CubeIDE.app/Contents/Eclipse/plugins/com.st.stm32cube.ide.mcu.externaltools.gnu-tools-for-stm32.13.3.rel1.macos64_1.0.0.202411102158/tools/bin/../lib/gcc/arm-none-eabi/13.3.1/../../../../arm-none-eabi/lib/thumb/v7e-m+fp/hard/libc_nano.a(libc_a-findfp.o)
                              /Applications/STM32CubeIDE.app/Contents/Eclipse/plugins/com.st.stm32cube.ide.mcu.externaltools.gnu-tools-for-stm32.13.3.rel1.macos64_1.0.0.202411102158/tools/bin/../lib/gcc/arm-none-eabi/13.3.1/../../../../arm-none-eabi/lib/thumb/v7e-m+fp/hard/libc_nano.a(libc_a-exit.o) (__stdio_exit_handler)
/Applications/STM32CubeIDE.app/Contents/Eclipse/plugins/com.st.stm32cube.ide.mcu.externaltools.gnu-tools-for-stm32.13.3.rel1.macos64_1.0.0.202411102158/tools/bin/../lib/gcc/arm-none-eabi/13.3.1/../../../../arm-none-eabi/lib/thumb/v7e-m+fp/hard/libc_nano.a(libc_a-fwalk.o)
                              /Applications/STM32CubeIDE.app/Contents/Eclipse/plugins/com.st.stm32cube.ide.mcu.externaltools.gnu-tools-for-stm32.13.3.rel1.macos64_1.0.0.202411102158/tools/bin/../lib/gcc/arm-none-eabi/13.3.1/../../../../arm-none-eabi/lib/thumb/v7e-m+fp/hard/libc_nano.a(libc_a-findfp.o) (_fwalk_sglue)
/Applications/STM32CubeIDE.app/Contents/Eclipse/plugins/com.st.stm32cube.ide.mcu.externaltools.gnu-tools-for-stm32.13.3.rel1.macos64_1.0.0.202411102158/tools/bin/../lib/gcc/arm-none-eabi/13.3.1/../../../../arm-none-eabi/lib/thumb/v7e-m+fp/hard/libc_nano.a(libc_a-memset.o)
                              /Applications/STM32CubeIDE.app/Contents/Eclipse/plugins/com.st.stm32cube.ide.mcu.externaltools.gnu-tools-for-stm32.13.3.rel1.macos64_1.0.0.202411102158/tools/bin/../lib/gcc/arm-none-eabi/13.3.1/../../../../arm-none-eabi/lib/thumb/v7e-m+fp/hard/crt0.o (memset)
/Applications/STM32CubeIDE.app/Contents/Eclipse/plugins/com.st.stm32cube.ide.mcu.externaltools.gnu-tools-for-stm32.13.3.rel1.macos64_1.0.0.202411102158/tools/bin/../lib/gcc/arm-none-eabi/13.3.1/../../../../arm-none-eabi/lib/thumb/v7e-m+fp/hard/libc_nano.a(libc_a-errno.o)
                              ./Core/Src/syscalls.o (__errno)
/Applications/STM32CubeIDE.app/Contents/Eclipse/plugins/com.st.stm32cube.ide.mcu.externaltools.gnu-tools-for-stm32.13.3.rel1.macos64_1.0.0.202411102158/tools/bin/../lib/gcc/arm-none-eabi/13.3.1/../../../../arm-none-eabi/lib/thumb/v7e-m+fp/hard/libc_nano.a(libc_a-init.o)
                              /Applications/STM32CubeIDE.app/Contents/Eclipse/plugins/com.st.stm32cube.ide.mcu.externaltools.gnu-tools-for-stm32.13.3.rel1.macos64_1.0.0.202411102158/tools/bin/../lib/gcc/arm-none-eabi/13.3.1/../../../../arm-none-eabi/lib/thumb/v7e-m+fp/hard/crt0.o (__libc_init_array)
/Applications/STM32CubeIDE.app/Contents/Eclipse/plugins/com.st.stm32cube.ide.mcu.externaltools.gnu-tools-for-stm32.13.3.rel1.macos64_1.0.0.202411102158/tools/bin/../lib/gcc/arm-none-eabi/13.3.1/../../../../arm-none-eabi/lib/thumb/v7e-m+fp/hard/libc_nano.a(libc_a-lock.o)
[...]
Memory Configuration

Name             Origin             Length             Attributes
CCMRAM           0x10000000         0x00010000         xrw
RAM              0x20000000         0x00020000         xrw
FLASH            0x08000000         0x00100000         xr
*default*        0x00000000         0xffffffff

Linker script and memory map

LOAD /Applications/STM32CubeIDE.app/Contents/Eclipse/plugins/com.st.stm32cube.ide.mcu.externaltools.gnu-tools-for-stm32.13.3.rel1.macos64_1.0.0.202411102158/tools/bin/../lib/gcc/arm-none-eabi/13.3.1/thumb/v7e-m+fp/hard/crti.o
LOAD /Applications/STM32CubeIDE.app/Contents/Eclipse/plugins/com.st.stm32cube.ide.mcu.externaltools.gnu-tools-for-stm32.13.3.rel1.macos64_1.0.0.202411102158/tools/bin/../lib/gcc/arm-none-eabi/13.3.1/thumb/v7e-m+fp/hard/crtbegin.o
LOAD /Applications/STM32CubeIDE.app/Contents/Eclipse/plugins/com.st.stm32cube.ide.mcu.externaltools.gnu-tools-for-stm32.13.3.rel1.macos64_1.0.0.202411102158/tools/bin/../lib/gcc/arm-none-eabi/13.3.1/../../../../arm-none-eabi/lib/thumb/v7e-m+fp/hard/crt0.o
LOAD ./Core/Src/BMI088.o
LOAD ./Core/Src/BMM150.o
LOAD ./Core/Src/BMP390.o
LOAD ./Core/Src/Kalman.o
LOAD ./Core/Src/LSM6DSLTR.o
LOAD ./Core/Src/RocketModel.o
LOAD ./Core/Src/main.o
LOAD ./Core/Src/stm32f4xx_hal_msp.o
LOAD ./Core/Src/stm32f4xx_it.o
LOAD ./Core/Src/syscalls.o
LOAD ./Core/Src/sysmem.o
LOAD ./Core/Src/system_stm32f4xx.o
LOAD ./Core/Startup/startup_stm32f405rgtx.o
LOAD ./Drivers/STM32F4xx_HAL_Driver/Src/stm32f4xx_hal.o
LOAD ./Drivers/STM32F4xx_HAL_Driver/Src/stm32f4xx_hal_cortex.o
LOAD ./Drivers/STM32F4xx_HAL_Driver/Src/stm32f4xx_hal_dma.o
LOAD ./Drivers/STM32F4xx_HAL_Driver/Src/stm32f4xx_hal_dma_ex.o
LOAD ./Drivers/STM32F4xx_HAL_Driver/Src/stm32f4xx_hal_exti.o
LOAD ./Drivers/STM32F4xx_HAL_Driver/Src/stm32f4xx_hal_flash.o
LOAD ./Drivers/STM32F4xx_HAL_Driver/Src/stm32f4xx_hal_flash_ex.o
LOAD ./Drivers/STM32F4xx_HAL_Driver/Src/stm32f4xx_hal_flash_ramfunc.o
LOAD ./Drivers/STM32F4xx_HAL_Driver/Src/stm32f4xx_hal_gpio.o
LOAD ./Drivers/STM32F4xx_HAL_Driver/Src/stm32f4xx_hal_i2c.o
LOAD ./Drivers/STM32F4xx_HAL_Driver/Src/stm32f4xx_hal_i2c_ex.o
LOAD ./Drivers/STM32F4xx_HAL_Driver/Src/stm32f4xx_hal_pcd.o
LOAD ./Drivers/STM32F4xx_HAL_Driver/Src/stm32f4xx_hal_pcd_ex.o
LOAD ./Drivers/STM32F4xx_HAL_Driver/Src/stm32f4xx_hal_pwr.o
LOAD ./Drivers/STM32F4xx_HAL_Driver/Src/stm32f4xx_hal_pwr_ex.o
LOAD ./Drivers/STM32F4xx_HAL_Driver/Src/stm32f4xx_hal_rcc.o
LOAD ./Drivers/STM32F4xx_HAL_Driver/Src/stm32f4xx_hal_rcc_ex.o
LOAD ./Drivers/STM32F4xx_HAL_Driver/Src/stm32f4xx_hal_rtc.o
LOAD ./Drivers/STM32F4xx_HAL_Driver/Src/stm32f4xx_hal_rtc_ex.o
LOAD ./Drivers/STM32F4xx_HAL_Driver/Src/stm32f4xx_hal_spi.o
LOAD ./Drivers/STM32F4xx_HAL_Driver/Src/stm32f4xx_hal_uart.o
LOAD ./Drivers/STM32F4xx_HAL_Driver/Src/stm32f4xx_ll_usb.o
LOAD ./Middlewares/ST/STM32_USB_Device_Library/Class/CDC/Src/usbd_cdc.o
LOAD ./Middlewares/ST/STM32_USB_Device_Library/Core/Src/usbd_core.o
LOAD ./Middlewares/ST/STM32_USB_Device_Library/Core/Src/usbd_ctlreq.o
LOAD ./Middlewares/ST/STM32_USB_Device_Library/Core/Src/usbd_ioreq.o
LOAD ./USB_DEVICE/App/usb_device.o
LOAD ./USB_DEVICE/App/usbd_cdc_if.o
LOAD ./USB_DEVICE/App/usbd_desc.o
LOAD ./USB_DEVICE/Target/usbd_conf.o
START GROUP
LOAD /Applications/STM32CubeIDE.app/Contents/Eclipse/plugins/com.st.stm32cube.ide.mcu.externaltools.gnu-tools-for-stm32.13.3.rel1.macos64_1.0.0.202411102158/tools/bin/../lib/gcc/arm-none-eabi/13.3.1/../../../../arm-none-eabi/lib/thumb/v7e-m+fp/hard/libc_nano.a
LOAD /Applications/STM32CubeIDE.app/Contents/Eclipse/plugins/com.st.stm32cube.ide.mcu.externaltools.gnu-tools-for-stm32.13.3.rel1.macos64_1.0.0.202411102158/tools/bin/../lib/gcc/arm-none-eabi/13.3.1/../../../../arm-none-eabi/lib/thumb/v7e-m+fp/hard/libm.a
END GROUP
START GROUP
LOAD /Applications/STM32CubeIDE.app/Contents/Eclipse/plugins/com.st.stm32cube.ide.mcu.externaltools.gnu-tools-for-stm32.13.3.rel1.macos64_1.0.0.202411102158/tools/bin/../lib/gcc/arm-none-eabi/13.3.1/thumb/v7e-m+fp/hard/libgcc.a
LOAD /Applications/STM32CubeIDE.app/Contents/Eclipse/plugins/com.st.stm32cube.ide.mcu.externaltools.gnu-tools-for-stm32.13.3.rel1.macos64_1.0.0.202411102158/tools/bin/../lib/gcc/arm-none-eabi/13.3.1/../../../../arm-none-eabi/lib/thumb/v7e-m+fp/hard/libc_nano.a
END GROUP
START GROUP
LOAD /Applications/STM32CubeIDE.app/Contents/Eclipse/plugins/com.st.stm32cube.ide.mcu.externaltools.gnu-tools-for-stm32.13.3.rel1.macos64_1.0.0.202411102158/tools/bin/../lib/gcc/arm-none-eabi/13.3.1/thumb/v7e-m+fp/hard/libgcc.a
LOAD /Applications/STM32CubeIDE.app/Contents/Eclipse/plugins/com.st.stm32cube.ide.mcu.externaltools.gnu-tools-for-stm32.13.3.rel1.macos64_1.0.0.202411102158/tools/bin/../lib/gcc/arm-none-eabi/13.3.1/../../../../arm-none-eabi/lib/thumb/v7e-m+fp/hard/libc_nano.a
LOAD /Applications/STM32CubeIDE.app/Contents/Eclipse/plugins/com.st.stm32cube.ide.mcu.externaltools.gnu-tools-for-stm32.13.3.rel1.macos64_1.0.0.202411102158/tools/bin/../lib/gcc/arm-none-eabi/13.3.1/../../../../arm-none-eabi/lib/thumb/v7e-m+fp/hard/libnosys.a
END GROUP
START GROUP
LOAD /Applications/STM32CubeIDE.app/Contents/Eclipse/plugins/com.st.stm32cube.ide.mcu.externaltools.gnu-tools-for-stm32.13.3.rel1.macos64_1.0.0.202411102158/tools/bin/../lib/gcc/arm-none-eabi/13.3.1/thumb/v7e-m+fp/hard/libgcc.a
LOAD /Applications/STM32CubeIDE.app/Contents/Eclipse/plugins/com.st.stm32cube.ide.mcu.externaltools.gnu-tools-for-stm32.13.3.rel1.macos64_1.0.0.202411102158/tools/bin/../lib/gcc/arm-none-eabi/13.3.1/../../../../arm-none-eabi/lib/thumb/v7e-m+fp/hard/libc_nano.a
LOAD /Applications/STM32CubeIDE.app/Contents/Eclipse/plugins/com.st.stm32cube.ide.mcu.externaltools.gnu-tools-for-stm32.13.3.rel1.macos64_1.0.0.202411102158/tools/bin/../lib/gcc/arm-none-eabi/13.3.1/../../../../arm-none-eabi/lib/thumb/v7e-m+fp/hard/libnosys.a
END GROUP
LOAD /Applications/STM32CubeIDE.app/Contents/Eclipse/plugins/com.st.stm32cube.ide.mcu.externaltools.gnu-tools-for-stm32.13.3.rel1.macos64_1.0.0.202411102158/tools/bin/../lib/gcc/arm-none-eabi/13.3.1/thumb/v7e-m+fp/hard/crtend.o
LOAD /Applications/STM32CubeIDE.app/Contents/Eclipse/plugins/com.st.stm32cube.ide.mcu.externaltools.gnu-tools-for-stm32.13.3.rel1.macos64_1.0.0.202411102158/tools/bin/../lib/gcc/arm-none-eabi/13.3.1/thumb/v7e-m+fp/hard/crtn.o
                0x20020000                        _estack = (ORIGIN (RAM) + LENGTH (RAM))
                0x00000200                        _Min_Heap_Size = 0x200
                0x00000400                        _Min_Stack_Size = 0x400

.isr_vector     0x08000000      0x188
                0x08000000                        . = ALIGN (0x4)
 *(.isr_vector)
 .isr_vector    0x08000000      0x188 ./Core/Startup/startup_stm32f405rgtx.o
                0x08000000                g_pfnVectors
                0x08000188                        . = ALIGN (0x4)

.text           0x08000190    0x132ec
                0x08000190                        . = ALIGN (0x4)
 *(.text)
 .text          0x08000190       0x40 /Applications/STM32CubeIDE.app/Contents/Eclipse/plugins/com.st.stm32cube.ide.mcu.externaltools.gnu-tools-for-stm32.13.3.rel1.macos64_1.0.0.202411102158/tools/bin/../lib/gcc/arm-none-eabi/13.3.1/thumb/v7e-m+fp/hard/crtbegin.o
 .text          0x080001d0       0xa0 /Applications/STM32CubeIDE.app/Contents/Eclipse/plugins/com.st.stm32cube.ide.mcu.externaltools.gnu-tools-for-stm32.13.3.rel1.macos64_1.0.0.202411102158/tools/bin/../lib/gcc/arm-none-eabi/13.3.1/../../../../arm-none-eabi/lib/thumb/v7e-m+fp/hard/libc_nano.a(libc_a-memchr.o)
                0x080001d0                memchr
 .text          0x08000270       0x10 /Applications/STM32CubeIDE.app/Contents/Eclipse/plugins/com.st.stm32cube.ide.mcu.externaltools.gnu-tools-for-stm32.13.3.rel1.macos64_1.0.0.202411102158/tools/bin/../lib/gcc/arm-none-eabi/13.3.1/../../../../arm-none-eabi/lib/thumb/v7e-m+fp/hard/libc_nano.a(libc_a-strlen.o)
                0x08000270                strlen
 .text          0x08000280      0x378 /Applications/STM32CubeIDE.app/Contents/Eclipse/plugins/com.st.stm32cube.ide.mcu.externaltools.gnu-tools-for-stm32.13.3.rel1.macos64_1.0.0.202411102158/tools/bin/../lib/gcc/arm-none-eabi/13.3.1/thumb/v7e-m+fp/hard/libgcc.a(_arm_addsubdf3.o)
                0x08000280                __aeabi_drsub
                0x08000288                __subdf3
                0x08000288                __aeabi_dsub
                0x0800028c                __aeabi_dadd
                0x0800028c                __adddf3
                0x08000504                __aeabi_ui2d
                0x08000504                __floatunsidf
                0x08000524                __floatsidf
                0x08000524                __aeabi_i2d
                0x08000548                __extendsfdf2
                0x08000548                __aeabi_f2d
                0x0800058c                __aeabi_ul2d
                0x0800058c                __floatundidf
                0x0800059c                __aeabi_l2d
                0x0800059c                __floatdidf
 .text          0x080005f8      0x424 /Applications/STM32CubeIDE.app/Contents/Eclipse/plugins/com.st.stm32cube.ide.mcu.externaltools.gnu-tools-for-stm32.13.3.rel1.macos64_1.0.0.202411102158/tools/bin/../lib/gcc/arm-none-eabi/13.3.1/thumb/v7e-m+fp/hard/libgcc.a(_arm_muldivdf3.o)
                0x080005f8                __aeabi_dmul
                0x080005f8                __muldf3
                0x0800084c                __aeabi_ddiv
                0x0800084c                __divdf3
 .text          0x08000a1c      0x110 /Applications/STM32CubeIDE.app/Contents/Eclipse/plugins/com.st.stm32cube.ide.mcu.externaltools.gnu-tools-for-stm32.13.3.rel1.macos64_1.0.0.202411102158/tools/bin/../lib/gcc/arm-none-eabi/13.3.1/thumb/v7e-m+fp/hard/libgcc.a(_arm_cmpdf2.o)
                0x08000a1c                __gedf2
                0x08000a1c                __gtdf2
                0x08000a24                __ledf2
                0x08000a24                __ltdf2
                0x08000a2c                __cmpdf2
                0x08000a2c                __eqdf2
                0x08000a2c                __nedf2
                0x08000aa8                __aeabi_cdrcmple
                0x08000ab8                __aeabi_cdcmple
                0x08000ab8                __aeabi_cdcmpeq
                0x08000ac8                __aeabi_dcmpeq
                0x08000adc                __aeabi_dcmplt
                0x08000af0                __aeabi_dcmple
                0x08000b04                __aeabi_dcmpge
                0x08000b18                __aeabi_dcmpgt
 .text          0x08000b2c       0x2c /Applications/STM32CubeIDE.app/Contents/Eclipse/plugins/com.st.stm32cube.ide.mcu.externaltools.gnu-tools-for-stm32.13.3.rel1.macos64_1.0.0.202411102158/tools/bin/../lib/gcc/arm-none-eabi/13.3.1/thumb/v7e-m+fp/hard/libgcc.a(_arm_unorddf2.o)
                0x08000b2c                __aeabi_dcmpun
                0x08000b2c                __unorddf2
 .text          0x08000b58       0x50 /Applications/STM32CubeIDE.app/Contents/Eclipse/plugins/com.st.stm32cube.ide.mcu.externaltools.gnu-tools-for-stm32.13.3.rel1.macos64_1.0.0.202411102158/tools/bin/../lib/gcc/arm-none-eabi/13.3.1/thumb/v7e-m+fp/hard/libgcc.a(_arm_fixdfsi.o)
                0x08000b58                __fixdfsi
                0x08000b58                __aeabi_d2iz
 .text          0x08000ba8       0x30 /Applications/STM32CubeIDE.app/Contents/Eclipse/plugins/com.st.stm32cube.ide.mcu.externaltools.gnu-tools-for-stm32.13.3.rel1.macos64_1.0.0.202411102158/tools/bin/../lib/gcc/arm-none-eabi/13.3.1/thumb/v7e-m+fp/hard/libgcc.a(_aeabi_uldivmod.o)
                0x08000ba8                __aeabi_uldivmod
 .text          0x08000bd8      0x2f8 /Applications/STM32CubeIDE.app/Contents/Eclipse/plugins/com.st.stm32cube.ide.mcu.externaltools.gnu-tools-for-stm32.13.3.rel1.macos64_1.0.0.202411102158/tools/bin/../lib/gcc/arm-none-eabi/13.3.1/thumb/v7e-m+fp/hard/libgcc.a(_udivmoddi4.o)
                0x08000bd8                __udivmoddi4
 .text          0x08000ed0        0x4 /Applications/STM32CubeIDE.app/Contents/Eclipse/plugins/com.st.stm32cube.ide.mcu.externaltools.gnu-tools-for-stm32.13.3.rel1.macos64_1.0.0.202411102158/tools/bin/../lib/gcc/arm-none-eabi/13.3.1/thumb/v7e-m+fp/hard/libgcc.a(_dvmd_tls.o)
                0x08000ed0                __aeabi_ldiv0
                0x08000ed0                __aeabi_idiv0
 *(.text*)
 .text.BMI088_Init
                0x08000ed4      0x364 ./Core/Src/BMI088.o
                0x08000ed4                BMI088_Init
 .text.BMI088_ReadAcceleration
                0x08001238       0xc4 ./Core/Src/BMI088.o
                0x08001238                BMI088_ReadAcceleration
 .text.BMI088_ReadAngularRate
                0x080012fc       0xdc ./Core/Src/BMI088.o
                0x080012fc                BMI088_ReadAngularRate
 .text.BMI088_ReadRegister
                0x080013d8       0xbe ./Core/Src/BMI088.o
                0x080013d8                BMI088_ReadRegister
 .text.BMI088_ReadRegisters
                0x08001496       0xc4 ./Core/Src/BMI088.o
                0x08001496                BMI088_ReadRegisters
 .text.BMI088_WriteRegister
                0x0800155a       0x82 ./Core/Src/BMI088.o
                0x0800155a                BMI088_WriteRegister
 .text.BMM150_Init
                0x080015dc       0xdc ./Core/Src/BMM150.o
                0x080015dc                BMM150_Init
 .text.BMM150_ReadMagneticField
                0x080016b8       0xc8 ./Core/Src/BMM150.o
                0x080016b8                BMM150_ReadMagneticField
 .text.BMM150_ReadRegister
                0x08001780       0x36 ./Core/Src/BMM150.o
                0x08001780                BMM150_ReadRegister
 .text.BMM150_ReadRegisters
                0x080017b6       0x3e ./Core/Src/BMM150.o
                0x080017b6                BMM150_ReadRegisters
 .text.BMM150_WriteRegister
                0x080017f4       0x36 ./Core/Src/BMM150.o
                0x080017f4                BMM150_WriteRegister
 *fill*         0x0800182a        0x2 
 .text.BMP390_Init
                0x0800182c      0x170 ./Core/Src/BMP390.o
                0x0800182c                BMP390_Init
 .text.BMP390_ReadPressure
                0x0800199c       0x5a ./Core/Src/BMP390.o
                0x0800199c                BMP390_ReadPressure
 .text.BMP390_CompensateTemperature
                0x080019f6       0x6a ./Core/Src/BMP390.o
                0x080019f6                BMP390_CompensateTemperature
 .text.BMP390_CompensatePressure
                0x08001a60      0x1b8 ./Core/Src/BMP390.o
                0x08001a60                BMP390_CompensatePressure
 .text.BMP390_ReadCalibrationData
                0x08001c18      0x258 ./Core/Src/BMP390.o
                0x08001c18                BMP390_ReadCalibrationData
 .text.BMP390_ReadRegister
                0x08001e70       0x9c ./Core/Src/BMP390.o
                0x08001e70                BMP390_ReadRegister
 .text.BMP390_ReadRegisters
                0x08001f0c       0xa4 ./Core/Src/BMP390.o
                0x08001f0c                BMP390_ReadRegisters
 .text.BMP390_WriteRegister
                0x08001fb0       0x5e ./Core/Src/BMP390.o
                0x08001fb0                BMP390_WriteRegister
 .text.mat_zero
                0x0800200e       0x28 ./Core/Src/Kalman.o
 .text.mat_eye  0x08002036       0x4a ./Core/Src/Kalman.o
 .text.mat_mul  0x08002080       0xb0 ./Core/Src/Kalman.o
 .text.mat_mul_bt
                0x08002130       0xb0 ./Core/Src/Kalman.o
 .text.mat_scal
                0x080021e0       0x50 ./Core/Src/Kalman.o
 .text.mat_sym  0x08002230       0xaa ./Core/Src/Kalman.o
 *fill*         0x080022da        0x2 
 .text.inv3x3   0x080022dc      0x2a0 ./Core/Src/Kalman.o
 .text.Kalman_Init
                0x0800257c       0xda ./Core/Src/Kalman.o
                0x0800257c                Kalman_Init
 *fill*         0x08002656        0x2 
 .text.Kalman_Predict
                0x08002658      0x8a8 ./Core/Src/Kalman.o
                0x08002658                Kalman_Predict
 .text.ekf_update
                0x08002f00      0x6a4 ./Core/Src/Kalman.o
 .text.Kalman_UpdateAccel
                0x080035a4      0x308 ./Core/Src/Kalman.o
                0x080035a4                Kalman_UpdateAccel
 .text.Kalman_UpdateMag
                0x080038ac       0xb0 ./Core/Src/Kalman.o
                0x080038ac                Kalman_UpdateMag
 .text.Kalman_UpdateZUPT
                0x0800395c       0x80 ./Core/Src/Kalman.o
                0x0800395c                Kalman_UpdateZUPT
 .text.LSM6DSLTR_Init
                0x080039dc      0x136 ./Core/Src/LSM6DSLTR.o
                0x080039dc                LSM6DSLTR_Init
 .text.LSM6DSLTR_ReadRegister
                0x08003b12       0x36 ./Core/Src/LSM6DSLTR.o
                0x08003b12                LSM6DSLTR_ReadRegister
 .text.LSM6DSLTR_WriteRegister
                0x08003b48       0x36 ./Core/Src/LSM6DSLTR.o
                0x08003b48                LSM6DSLTR_WriteRegister
 *fill*         0x08003b7e        0x2 
 .text.RocketModel_DefaultParams
                0x08003b80       0xf8 ./Core/Src/RocketModel.o
                0x08003b80                RocketModel_DefaultParams
 .text.RocketModel_Init
                0x08003c78       0x40 ./Core/Src/RocketModel.o
                0x08003c78                RocketModel_Init
 .text.aero_forces
                0x08003cb8      0x238 ./Core/Src/RocketModel.o
 .text.aero_moments
                0x08003ef0      0x2f8 ./Core/Src/RocketModel.o
 .text.RocketModel_Deriv
                0x080041e8      0x428 ./Core/Src/RocketModel.o
                0x080041e8                RocketModel_Deriv
 .text.RocketModel_Step
                0x08004610       0x86 ./Core/Src/RocketModel.o
                0x08004610                RocketModel_Step
 *fill*         0x08004696        0x2 
 .text.phi_from_mag
                0x08004698      0x14c ./Core/Src/main.o
 .text.crc16_ccitt
                0x080047e4       0x7a ./Core/Src/main.o
 *fill*         0x0800485e        0x2 
 .text.app_init_sensors
                0x08004860       0x9c ./Core/Src/main.o
 .text.app_arm_uart_rx
                0x080048fc       0x28 ./Core/Src/main.o
 .text.app_handle_imu_accel
                0x08004924      0x148 ./Core/Src/main.o
 .text.app_handle_imu_gyro
                0x08004a6c      0x418 ./Core/Src/main.o
 .text.app_handle_baro
                0x08004e84       0x28 ./Core/Src/main.o
 .text.app_handle_mag
                0x08004eac      0x1dc ./Core/Src/main.o
 .text.app_handle_link_rx
                0x08005088       0x24 ./Core/Src/main.o
 .text.app_emit_telemetry
                0x080050ac      0x1a0 ./Core/Src/main.o
 .text.app_send_state
                0x0800524c       0xcc ./Core/Src/main.o
 .text.nav_send_packet
                0x08005318       0xb4 ./Core/Src/main.o
                0x08005318                nav_send_packet
 .text.main     0x080053cc       0x80 ./Core/Src/main.o
                0x080053cc                main
 .text.SystemClock_Config
                0x0800544c       0xd4 ./Core/Src/main.o
                0x0800544c                SystemClock_Config
 .text.MX_I2C1_Init
                0x08005520       0x5c ./Core/Src/main.o
 .text.MX_I2C2_Init
                0x0800557c       0x5c ./Core/Src/main.o
 .text.MX_RTC_Init
                0x080055d8       0x4c ./Core/Src/main.o
 .text.MX_SPI1_Init
                0x08005624       0x6c ./Core/Src/main.o
 .text.MX_SPI2_Init
                0x08005690       0x6c ./Core/Src/main.o
 .text.MX_USART1_UART_Init
                0x080056fc       0x54 ./Core/Src/main.o
 .text.MX_USART2_UART_Init
                0x08005750       0x54 ./Core/Src/main.o
 .text.MX_GPIO_Init
                0x080057a4      0x1d4 ./Core/Src/main.o
 .text.HAL_GPIO_EXTI_Callback
                0x08005978       0x98 ./Core/Src/main.o
                0x08005978                HAL_GPIO_EXTI_Callback
 .text.HAL_UART_RxCpltCallback
                0x08005a10       0x2c ./Core/Src/main.o
                0x08005a10                HAL_UART_RxCpltCallback
 .text.HAL_UART_TxCpltCallback
                0x08005a3c       0x2c ./Core/Src/main.o
                0x08005a3c                HAL_UART_TxCpltCallback
 .text.EXTI15_10_IRQHandler
                0x08005a68       0x10 ./Core/Src/main.o
                0x08005a68                EXTI15_10_IRQHandler
 .text.USART1_IRQHandler
                0x08005a78       0x14 ./Core/Src/main.o
                0x08005a78                USART1_IRQHandler
 .text.Error_Handler
                0x08005a8c        0xc ./Core/Src/main.o
                0x08005a8c                Error_Handler
 .text.HAL_MspInit
                0x08005a98       0x50 ./Core/Src/stm32f4xx_hal_msp.o
                0x08005a98                HAL_MspInit
 .text.HAL_I2C_MspInit
                0x08005ae8       0xfc ./Core/Src/stm32f4xx_hal_msp.o
                0x08005ae8                HAL_I2C_MspInit
 .text.HAL_RTC_MspInit
                0x08005be4       0x58 ./Core/Src/stm32f4xx_hal_msp.o
                0x08005be4                HAL_RTC_MspInit
 .text.HAL_SPI_MspInit
                0x08005c3c       0xfc ./Core/Src/stm32f4xx_hal_msp.o
                0x08005c3c                HAL_SPI_MspInit
 .text.HAL_UART_MspInit
                0x08005d38      0x138 ./Core/Src/stm32f4xx_hal_msp.o
                0x08005d38                HAL_UART_MspInit
 .text.NMI_Handler
                0x08005e70        0x8 ./Core/Src/stm32f4xx_it.o
                0x08005e70                NMI_Handler
 .text.HardFault_Handler
                0x08005e78        0x8 ./Core/Src/stm32f4xx_it.o
                0x08005e78                HardFault_Handler
 .text.MemManage_Handler
                0x08005e80        0x8 ./Core/Src/stm32f4xx_it.o
                0x08005e80                MemManage_Handler
 .text.BusFault_Handler
                0x08005e88        0x8 ./Core/Src/stm32f4xx_it.o
                0x08005e88                BusFault_Handler
 .text.UsageFault_Handler
                0x08005e90        0x8 ./Core/Src/stm32f4xx_it.o
                0x08005e90                UsageFault_Handler
 .text.SVC_Handler
                0x08005e98        0xe ./Core/Src/stm32f4xx_it.o
                0x08005e98                SVC_Handler
 .text.DebugMon_Handler
                0x08005ea6        0xe ./Core/Src/stm32f4xx_it.o
                0x08005ea6                DebugMon_Handler
 .text.PendSV_Handler
                0x08005eb4        0xe ./Core/Src/stm32f4xx_it.o
                0x08005eb4                PendSV_Handler
 .text.SysTick_Handler
                0x08005ec2        0xc ./Core/Src/stm32f4xx_it.o
                0x08005ec2                SysTick_Handler
 .text.EXTI3_IRQHandler
                0x08005ece        0xe ./Core/Src/stm32f4xx_it.o
                0x08005ece                EXTI3_IRQHandler
 .text.EXTI4_IRQHandler
                0x08005edc        0xe ./Core/Src/stm32f4xx_it.o
                0x08005edc                EXTI4_IRQHandler
 .text.EXTI9_5_IRQHandler
                0x08005eea        0xe ./Core/Src/stm32f4xx_it.o
                0x08005eea                EXTI9_5_IRQHandler
 .text.OTG_FS_IRQHandler
                0x08005ef8       0x14 ./Core/Src/stm32f4xx_it.o
                0x08005ef8                OTG_FS_IRQHandler
 .text._getpid  0x08005f0c       0x10 ./Core/Src/syscalls.o
                0x08005f0c                _getpid
 .text._kill    0x08005f1c       0x20 ./Core/Src/syscalls.o
                0x08005f1c                _kill
 .text._exit    0x08005f3c       0x16 ./Core/Src/syscalls.o
                0x08005f3c                _exit
 .text._read    0x08005f52       0x3a ./Core/Src/syscalls.o
                0x08005f52                _read
 .text._write   0x08005f8c       0x38 ./Core/Src/syscalls.o
                0x08005f8c                _write
 .text._close   0x08005fc4       0x18 ./Core/Src/syscalls.o
                0x08005fc4                _close
 .text._fstat   0x08005fdc       0x20 ./Core/Src/syscalls.o
                0x08005fdc                _fstat
 .text._isatty  0x08005ffc       0x16 ./Core/Src/syscalls.o
                0x08005ffc                _isatty
 .text._lseek   0x08006012       0x1a ./Core/Src/syscalls.o
                0x08006012                _lseek
 .text._sbrk    0x0800602c       0x6c ./Core/Src/sysmem.o
                0x0800602c                _sbrk
 .text.SystemInit
                0x08006098       0x24 ./Core/Src/system_stm32f4xx.o
                0x08006098                SystemInit
 .text.Reset_Handler
                0x080060bc       0x50 ./Core/Startup/startup_stm32f405rgtx.o
                0x080060bc                Reset_Handler
 .text.Default_Handler
                0x0800610c        0x2 ./Core/Startup/startup_stm32f405rgtx.o
                0x0800610c                DMA1_Stream3_IRQHandler
                0x0800610c                HASH_RNG_IRQHandler
                0x0800610c                EXTI2_IRQHandler
                0x0800610c                TIM8_CC_IRQHandler
                0x0800610c                TIM1_CC_IRQHandler
                0x0800610c                DMA2_Stream5_IRQHandler
                0x0800610c                DMA1_Stream5_IRQHandler
                0x0800610c                PVD_IRQHandler
                0x0800610c                SDIO_IRQHandler
                0x0800610c                TAMP_STAMP_IRQHandler
                0x0800610c                CAN2_RX1_IRQHandler
                0x0800610c                TIM8_TRG_COM_TIM14_IRQHandler
                0x0800610c                TIM1_UP_TIM10_IRQHandler
                0x0800610c                TIM8_UP_TIM13_IRQHandler
                0x0800610c                I2C3_ER_IRQHandler
                0x0800610c                EXTI0_IRQHandler
                0x0800610c                I2C2_EV_IRQHandler
                0x0800610c                DMA1_Stream2_IRQHandler
                0x0800610c                CAN1_RX0_IRQHandler
                0x0800610c                FPU_IRQHandler
                0x0800610c                OTG_HS_WKUP_IRQHandler
                0x0800610c                CAN2_SCE_IRQHandler
                0x0800610c                DMA2_Stream2_IRQHandler
                0x0800610c                SPI1_IRQHandler
                0x0800610c                TIM6_DAC_IRQHandler
                0x0800610c                TIM1_BRK_TIM9_IRQHandler
                0x0800610c                CAN2_RX0_IRQHandler
                0x0800610c                DMA2_Stream3_IRQHandler
                0x0800610c                USART6_IRQHandler
                0x0800610c                USART3_IRQHandler
                0x0800610c                CAN1_RX1_IRQHandler
                0x0800610c                UART5_IRQHandler
                0x0800610c                DMA2_Stream0_IRQHandler
                0x0800610c                TIM4_IRQHandler
                0x0800610c                I2C1_EV_IRQHandler
                0x0800610c                DMA1_Stream6_IRQHandler
                0x0800610c                DMA1_Stream1_IRQHandler
                0x0800610c                UART4_IRQHandler
                0x0800610c                TIM3_IRQHandler
                0x0800610c                RCC_IRQHandler
                0x0800610c                TIM8_BRK_TIM12_IRQHandler
                0x0800610c                Default_Handler
                0x0800610c                ADC_IRQHandler
                0x0800610c                DMA1_Stream7_IRQHandler
                0x0800610c                TIM7_IRQHandler
                0x0800610c                CAN2_TX_IRQHandler
                0x0800610c                TIM5_IRQHandler
                0x0800610c                DMA2_Stream7_IRQHandler
                0x0800610c                I2C3_EV_IRQHandler
                0x0800610c                RTC_WKUP_IRQHandler
                0x0800610c                SPI2_IRQHandler
                0x0800610c                OTG_HS_EP1_IN_IRQHandler
                0x0800610c                DMA1_Stream0_IRQHandler
                0x0800610c                CAN1_TX_IRQHandler
                0x0800610c                FSMC_IRQHandler
                0x0800610c                OTG_HS_EP1_OUT_IRQHandler
                0x0800610c                WWDG_IRQHandler
                0x0800610c                TIM2_IRQHandler
                0x0800610c                OTG_FS_WKUP_IRQHandler
                0x0800610c                TIM1_TRG_COM_TIM11_IRQHandler
                0x0800610c                OTG_HS_IRQHandler
                0x0800610c                EXTI1_IRQHandler
                0x0800610c                USART2_IRQHandler
                0x0800610c                I2C2_ER_IRQHandler
                0x0800610c                DMA2_Stream1_IRQHandler
                0x0800610c                CAN1_SCE_IRQHandler
                0x0800610c                FLASH_IRQHandler
                0x0800610c                DMA2_Stream4_IRQHandler
                0x0800610c                SPI3_IRQHandler
                0x0800610c                DMA1_Stream4_IRQHandler
                0x0800610c                I2C1_ER_IRQHandler
                0x0800610c                DMA2_Stream6_IRQHandler
                0x0800610c                RTC_Alarm_IRQHandler
 *fill*         0x0800610e        0x2 
 .text.HAL_Init
                0x08006110       0x44 ./Drivers/STM32F4xx_HAL_Driver/Src/stm32f4xx_hal.o
                0x08006110                HAL_Init
 .text.HAL_InitTick
                0x08006154       0x60 ./Drivers/STM32F4xx_HAL_Driver/Src/stm32f4xx_hal.o
                0x08006154                HAL_InitTick
 .text.HAL_IncTick
                0x080061b4       0x28 ./Drivers/STM32F4xx_HAL_Driver/Src/stm32f4xx_hal.o
                0x080061b4                HAL_IncTick
 .text.HAL_GetTick
                0x080061dc       0x18 ./Drivers/STM32F4xx_HAL_Driver/Src/stm32f4xx_hal.o
                0x080061dc                HAL_GetTick
 .text.HAL_Delay
                0x080061f4       0x48 ./Drivers/STM32F4xx_HAL_Driver/Src/stm32f4xx_hal.o
                0x080061f4                HAL_Delay
 .text.__NVIC_SetPriorityGrouping
                0x0800623c       0x48 ./Drivers/STM32F4xx_HAL_Driver/Src/stm32f4xx_hal_cortex.o
 .text.__NVIC_GetPriorityGrouping
                0x08006284       0x1c ./Drivers/STM32F4xx_HAL_Driver/Src/stm32f4xx_hal_cortex.o
 .text.__NVIC_EnableIRQ
                0x080062a0       0x3c ./Drivers/STM32F4xx_HAL_Driver/Src/stm32f4xx_hal_cortex.o
 .text.__NVIC_SetPriority
                0x080062dc       0x54 ./Drivers/STM32F4xx_HAL_Driver/Src/stm32f4xx_hal_cortex.o
 .text.NVIC_EncodePriority
                0x08006330       0x66 ./Drivers/STM32F4xx_HAL_Driver/Src/stm32f4xx_hal_cortex.o
 *fill*         0x08006396        0x2 
 .text.SysTick_Config
                0x08006398       0x44 ./Drivers/STM32F4xx_HAL_Driver/Src/stm32f4xx_hal_cortex.o
 .text.HAL_NVIC_SetPriorityGrouping
                0x080063dc       0x16 ./Drivers/STM32F4xx_HAL_Driver/Src/stm32f4xx_hal_cortex.o
                0x080063dc                HAL_NVIC_SetPriorityGrouping
 .text.HAL_NVIC_SetPriority
                0x080063f2       0x38 ./Drivers/STM32F4xx_HAL_Driver/Src/stm32f4xx_hal_cortex.o
                0x080063f2                HAL_NVIC_SetPriority
 .text.HAL_NVIC_EnableIRQ
                0x0800642a       0x1c ./Drivers/STM32F4xx_HAL_Driver/Src/stm32f4xx_hal_cortex.o
                0x0800642a                HAL_NVIC_EnableIRQ
 .text.HAL_SYSTICK_Config
                0x08006446       0x18 ./Drivers/STM32F4xx_HAL_Driver/Src/stm32f4xx_hal_cortex.o
                0x08006446                HAL_SYSTICK_Config
 .text.HAL_DMA_Abort
                0x0800645e       0xe0 ./Drivers/STM32F4xx_HAL_Driver/Src/stm32f4xx_hal_dma.o
                0x0800645e                HAL_DMA_Abort
 .text.HAL_DMA_Abort_IT
                0x0800653e       0x44 ./Drivers/STM32F4xx_HAL_Driver/Src/stm32f4xx_hal_dma.o
                0x0800653e                HAL_DMA_Abort_IT
 *fill*         0x08006582        0x2 
 .text.HAL_GPIO_Init
                0x08006584      0x338 ./Drivers/STM32F4xx_HAL_Driver/Src/stm32f4xx_hal_gpio.o
                0x08006584                HAL_GPIO_Init
 .text.HAL_GPIO_WritePin
                0x080068bc       0x32 ./Drivers/STM32F4xx_HAL_Driver/Src/stm32f4xx_hal_gpio.o
                0x080068bc                HAL_GPIO_WritePin
 *fill*         0x080068ee        0x2 
 .text.HAL_GPIO_EXTI_IRQHandler
                0x080068f0       0x30 ./Drivers/STM32F4xx_HAL_Driver/Src/stm32f4xx_hal_gpio.o
                0x080068f0                HAL_GPIO_EXTI_IRQHandler
 .text.HAL_I2C_Init
                0x08006920      0x288 ./Drivers/STM32F4xx_HAL_Driver/Src/stm32f4xx_hal_i2c.o
                0x08006920                HAL_I2C_Init
 .text.HAL_I2C_Mem_Write
                0x08006ba8      0x1f4 ./Drivers/STM32F4xx_HAL_Driver/Src/stm32f4xx_hal_i2c.o
                0x08006ba8                HAL_I2C_Mem_Write
 .text.HAL_I2C_Mem_Read
                0x08006d9c      0x464 ./Drivers/STM32F4xx_HAL_Driver/Src/stm32f4xx_hal_i2c.o
                0x08006d9c                HAL_I2C_Mem_Read
 .text.I2C_RequestMemoryWrite
                0x08007200      0x12c ./Drivers/STM32F4xx_HAL_Driver/Src/stm32f4xx_hal_i2c.o
 .text.I2C_RequestMemoryRead
                0x0800732c      0x1d0 ./Drivers/STM32F4xx_HAL_Driver/Src/stm32f4xx_hal_i2c.o
 .text.I2C_WaitOnFlagUntilTimeout
                0x080074fc       0xf4 ./Drivers/STM32F4xx_HAL_Driver/Src/stm32f4xx_hal_i2c.o
 .text.I2C_WaitOnMasterAddressFlagUntilTimeout
                0x080075f0      0x140 ./Drivers/STM32F4xx_HAL_Driver/Src/stm32f4xx_hal_i2c.o
 .text.I2C_WaitOnTXEFlagUntilTimeout
                0x08007730       0x90 ./Drivers/STM32F4xx_HAL_Driver/Src/stm32f4xx_hal_i2c.o
 .text.I2C_WaitOnBTFFlagUntilTimeout
                0x080077c0       0x90 ./Drivers/STM32F4xx_HAL_Driver/Src/stm32f4xx_hal_i2c.o
 .text.I2C_WaitOnRXNEFlagUntilTimeout
                0x08007850       0xba ./Drivers/STM32F4xx_HAL_Driver/Src/stm32f4xx_hal_i2c.o
 .text.I2C_IsAcknowledgeFailed
                0x0800790a       0x5e ./Drivers/STM32F4xx_HAL_Driver/Src/stm32f4xx_hal_i2c.o
 .text.HAL_PCD_Init
                0x08007968      0x21e ./Drivers/STM32F4xx_HAL_Driver/Src/stm32f4xx_hal_pcd.o
                0x08007968                HAL_PCD_Init
 .text.HAL_PCD_Start
                0x08007b86       0x6a ./Drivers/STM32F4xx_HAL_Driver/Src/stm32f4xx_hal_pcd.o
                0x08007b86                HAL_PCD_Start
 .text.HAL_PCD_IRQHandler
                0x08007bf0      0x942 ./Drivers/STM32F4xx_HAL_Driver/Src/stm32f4xx_hal_pcd.o
                0x08007bf0                HAL_PCD_IRQHandler
 .text.HAL_PCD_SetAddress
                0x08008532       0x48 ./Drivers/STM32F4xx_HAL_Driver/Src/stm32f4xx_hal_pcd.o
                0x08008532                HAL_PCD_SetAddress
 .text.HAL_PCD_EP_Open
                0x0800857a       0xd4 ./Drivers/STM32F4xx_HAL_Driver/Src/stm32f4xx_hal_pcd.o
                0x0800857a                HAL_PCD_EP_Open
 .text.HAL_PCD_EP_Close
                0x0800864e       0x94 ./Drivers/STM32F4xx_HAL_Driver/Src/stm32f4xx_hal_pcd.o
                0x0800864e                HAL_PCD_EP_Close
 .text.HAL_PCD_EP_Receive
                0x080086e2       0x76 ./Drivers/STM32F4xx_HAL_Driver/Src/stm32f4xx_hal_pcd.o
                0x080086e2                HAL_PCD_EP_Receive
 .text.HAL_PCD_EP_GetRxCount
                0x08008758       0x30 ./Drivers/STM32F4xx_HAL_Driver/Src/stm32f4xx_hal_pcd.o
                0x08008758                HAL_PCD_EP_GetRxCount
 .text.HAL_PCD_EP_Transmit
                0x08008788       0x74 ./Drivers/STM32F4xx_HAL_Driver/Src/stm32f4xx_hal_pcd.o
                0x08008788                HAL_PCD_EP_Transmit
 .text.HAL_PCD_EP_SetStall
                0x080087fc       0xc6 ./Drivers/STM32F4xx_HAL_Driver/Src/stm32f4xx_hal_pcd.o
                0x080087fc                HAL_PCD_EP_SetStall
 .text.HAL_PCD_EP_ClrStall
                0x080088c2       0xac ./Drivers/STM32F4xx_HAL_Driver/Src/stm32f4xx_hal_pcd.o
                0x080088c2                HAL_PCD_EP_ClrStall
 .text.HAL_PCD_EP_Abort
                0x0800896e       0x62 ./Drivers/STM32F4xx_HAL_Driver/Src/stm32f4xx_hal_pcd.o
                0x0800896e                HAL_PCD_EP_Abort
 .text.PCD_WriteEmptyTxFifo
                0x080089d0      0x118 ./Drivers/STM32F4xx_HAL_Driver/Src/stm32f4xx_hal_pcd.o
 .text.PCD_EP_OutXfrComplete_int
                0x08008ae8      0x1d0 ./Drivers/STM32F4xx_HAL_Driver/Src/stm32f4xx_hal_pcd.o
 .text.PCD_EP_OutSetupPacket_int
                0x08008cb8       0x8c ./Drivers/STM32F4xx_HAL_Driver/Src/stm32f4xx_hal_pcd.o
 .text.HAL_PCDEx_SetTxFiFo
                0x08008d44       0x8e ./Drivers/STM32F4xx_HAL_Driver/Src/stm32f4xx_hal_pcd_ex.o
                0x08008d44                HAL_PCDEx_SetTxFiFo
 .text.HAL_PCDEx_SetRxFiFo
                0x08008dd2       0x22 ./Drivers/STM32F4xx_HAL_Driver/Src/stm32f4xx_hal_pcd_ex.o
                0x08008dd2                HAL_PCDEx_SetRxFiFo
 .text.HAL_PCDEx_LPM_Callback
                0x08008df4       0x18 ./Drivers/STM32F4xx_HAL_Driver/Src/stm32f4xx_hal_pcd_ex.o
                0x08008df4                HAL_PCDEx_LPM_Callback
 .text.HAL_RCC_OscConfig
                0x08008e0c      0x4f0 ./Drivers/STM32F4xx_HAL_Driver/Src/stm32f4xx_hal_rcc.o
                0x08008e0c                HAL_RCC_OscConfig
 .text.HAL_RCC_ClockConfig
                0x080092fc      0x1cc ./Drivers/STM32F4xx_HAL_Driver/Src/stm32f4xx_hal_rcc.o
                0x080092fc                HAL_RCC_ClockConfig
 .text.HAL_RCC_GetSysClockFreq
                0x080094c8      0x208 ./Drivers/STM32F4xx_HAL_Driver/Src/stm32f4xx_hal_rcc.o
                0x080094c8                HAL_RCC_GetSysClockFreq
 .text.HAL_RCC_GetHCLKFreq
                0x080096d0       0x18 ./Drivers/STM32F4xx_HAL_Driver/Src/stm32f4xx_hal_rcc.o
                0x080096d0                HAL_RCC_GetHCLKFreq
 .text.HAL_RCC_GetPCLK1Freq
                0x080096e8       0x28 ./Drivers/STM32F4xx_HAL_Driver/Src/stm32f4xx_hal_rcc.o
                0x080096e8                HAL_RCC_GetPCLK1Freq
 .text.HAL_RCC_GetPCLK2Freq
                0x08009710       0x28 ./Drivers/STM32F4xx_HAL_Driver/Src/stm32f4xx_hal_rcc.o
                0x08009710                HAL_RCC_GetPCLK2Freq
 .text.HAL_RCCEx_PeriphCLKConfig
                0x08009738      0x1c4 ./Drivers/STM32F4xx_HAL_Driver/Src/stm32f4xx_hal_rcc_ex.o
                0x08009738                HAL_RCCEx_PeriphCLKConfig
 .text.HAL_RTC_Init
                0x080098fc      0x102 ./Drivers/STM32F4xx_HAL_Driver/Src/stm32f4xx_hal_rtc.o
                0x080098fc                HAL_RTC_Init
 *fill*         0x080099fe        0x2 
 .text.HAL_RTC_WaitForSynchro
                0x08009a00       0x4c ./Drivers/STM32F4xx_HAL_Driver/Src/stm32f4xx_hal_rtc.o
                0x08009a00                HAL_RTC_WaitForSynchro
 .text.RTC_EnterInitMode
                0x08009a4c       0x6e ./Drivers/STM32F4xx_HAL_Driver/Src/stm32f4xx_hal_rtc.o
                0x08009a4c                RTC_EnterInitMode
 .text.RTC_ExitInitMode
                0x08009aba       0x4a ./Drivers/STM32F4xx_HAL_Driver/Src/stm32f4xx_hal_rtc.o
                0x08009aba                RTC_ExitInitMode
 .text.HAL_SPI_Init
                0x08009b04      0x112 ./Drivers/STM32F4xx_HAL_Driver/Src/stm32f4xx_hal_spi.o
                0x08009b04                HAL_SPI_Init
 .text.HAL_SPI_Transmit
                0x08009c16      0x288 ./Drivers/STM32F4xx_HAL_Driver/Src/stm32f4xx_hal_spi.o
                0x08009c16                HAL_SPI_Transmit
 .text.HAL_SPI_Receive
                0x08009e9e      0x232 ./Drivers/STM32F4xx_HAL_Driver/Src/stm32f4xx_hal_spi.o
                0x08009e9e                HAL_SPI_Receive
 .text.HAL_SPI_TransmitReceive
                0x0800a0d0      0x352 ./Drivers/STM32F4xx_HAL_Driver/Src/stm32f4xx_hal_spi.o
                0x0800a0d0                HAL_SPI_TransmitReceive
 *fill*         0x0800a422        0x2 
 .text.SPI_WaitFlagStateUntilTimeout
                0x0800a424      0x110 ./Drivers/STM32F4xx_HAL_Driver/Src/stm32f4xx_hal_spi.o
 .text.SPI_EndRxTransaction
                0x0800a534       0xca ./Drivers/STM32F4xx_HAL_Driver/Src/stm32f4xx_hal_spi.o
 *fill*         0x0800a5fe        0x2 
 .text.SPI_EndRxTxTransaction
                0x0800a600       0xa8 ./Drivers/STM32F4xx_HAL_Driver/Src/stm32f4xx_hal_spi.o
 .text.HAL_UART_Init
                0x0800a6a8       0xa0 ./Drivers/STM32F4xx_HAL_Driver/Src/stm32f4xx_hal_uart.o
                0x0800a6a8                HAL_UART_Init
 .text.HAL_UART_Transmit_IT
                0x0800a748       0x6c ./Drivers/STM32F4xx_HAL_Driver/Src/stm32f4xx_hal_uart.o
                0x0800a748                HAL_UART_Transmit_IT
 .text.HAL_UART_Receive_IT
                0x0800a7b4       0x4a ./Drivers/STM32F4xx_HAL_Driver/Src/stm32f4xx_hal_uart.o
                0x0800a7b4                HAL_UART_Receive_IT
 *fill*         0x0800a7fe        0x2 
 .text.HAL_UART_IRQHandler
                0x0800a800      0x554 ./Drivers/STM32F4xx_HAL_Driver/Src/stm32f4xx_hal_uart.o
                0x0800a800                HAL_UART_IRQHandler
 .text.HAL_UART_ErrorCallback
                0x0800ad54       0x14 ./Drivers/STM32F4xx_HAL_Driver/Src/stm32f4xx_hal_uart.o
                0x0800ad54                HAL_UART_ErrorCallback
 .text.HAL_UARTEx_RxEventCallback
                0x0800ad68       0x18 ./Drivers/STM32F4xx_HAL_Driver/Src/stm32f4xx_hal_uart.o
                0x0800ad68                HAL_UARTEx_RxEventCallback
 .text.UART_Start_Receive_IT
                0x0800ad80       0x74 ./Drivers/STM32F4xx_HAL_Driver/Src/stm32f4xx_hal_uart.o
                0x0800ad80                UART_Start_Receive_IT
 .text.UART_EndRxTransfer
                0x0800adf4       0xc6 ./Drivers/STM32F4xx_HAL_Driver/Src/stm32f4xx_hal_uart.o
 .text.UART_DMAAbortOnError
                0x0800aeba       0x22 ./Drivers/STM32F4xx_HAL_Driver/Src/stm32f4xx_hal_uart.o
 .text.UART_Transmit_IT
                0x0800aedc       0xa0 ./Drivers/STM32F4xx_HAL_Driver/Src/stm32f4xx_hal_uart.o
 .text.UART_EndTransmit_IT
                0x0800af7c       0x30 ./Drivers/STM32F4xx_HAL_Driver/Src/stm32f4xx_hal_uart.o
 .text.UART_Receive_IT
                0x0800afac      0x17c ./Drivers/STM32F4xx_HAL_Driver/Src/stm32f4xx_hal_uart.o
 .text.UART_SetConfig
                0x0800b128      0x4e8 ./Drivers/STM32F4xx_HAL_Driver/Src/stm32f4xx_hal_uart.o
 .text.USB_CoreInit
                0x0800b610       0xc8 ./Drivers/STM32F4xx_HAL_Driver/Src/stm32f4xx_ll_usb.o
                0x0800b610                USB_CoreInit
 .text.USB_SetTurnaroundTime
                0x0800b6d8      0x144 ./Drivers/STM32F4xx_HAL_Driver/Src/stm32f4xx_ll_usb.o
                0x0800b6d8                USB_SetTurnaroundTime
 .text.USB_EnableGlobalInt
                0x0800b81c       0x22 ./Drivers/STM32F4xx_HAL_Driver/Src/stm32f4xx_ll_usb.o
                0x0800b81c                USB_EnableGlobalInt
 .text.USB_DisableGlobalInt
                0x0800b83e       0x22 ./Drivers/STM32F4xx_HAL_Driver/Src/stm32f4xx_ll_usb.o
                0x0800b83e                USB_DisableGlobalInt
 .text.USB_SetCurrentMode
                0x0800b860       0x98 ./Drivers/STM32F4xx_HAL_Driver/Src/stm32f4xx_ll_usb.o
                0x0800b860                USB_SetCurrentMode
 .text.USB_DevInit
                0x0800b8f8      0x2c8 ./Drivers/STM32F4xx_HAL_Driver/Src/stm32f4xx_ll_usb.o
                0x0800b8f8                USB_DevInit
 .text.USB_FlushTxFifo
                0x0800bbc0       0x64 ./Drivers/STM32F4xx_HAL_Driver/Src/stm32f4xx_ll_usb.o
                0x0800bbc0                USB_FlushTxFifo
 .text.USB_FlushRxFifo
                0x0800bc24       0x5c ./Drivers/STM32F4xx_HAL_Driver/Src/stm32f4xx_ll_usb.o
                0x0800bc24                USB_FlushRxFifo
 .text.USB_SetDevSpeed
                0x0800bc80       0x32 ./Drivers/STM32F4xx_HAL_Driver/Src/stm32f4xx_ll_usb.o
                0x0800bc80                USB_SetDevSpeed
 .text.USB_GetDevSpeed
                0x0800bcb2       0x4a ./Drivers/STM32F4xx_HAL_Driver/Src/stm32f4xx_ll_usb.o
                0x0800bcb2                USB_GetDevSpeed
 .text.USB_ActivateEndpoint
                0x0800bcfc      0x10e ./Drivers/STM32F4xx_HAL_Driver/Src/stm32f4xx_ll_usb.o
                0x0800bcfc                USB_ActivateEndpoint
 *fill*         0x0800be0a        0x2 
 .text.USB_DeactivateEndpoint
                0x0800be0c      0x1b8 ./Drivers/STM32F4xx_HAL_Driver/Src/stm32f4xx_ll_usb.o
                0x0800be0c                USB_DeactivateEndpoint
 .text.USB_EPStartXfer
                0x0800bfc4      0x53c ./Drivers/STM32F4xx_HAL_Driver/Src/stm32f4xx_ll_usb.o
                0x0800bfc4                USB_EPStartXfer
 .text.USB_EPStopXfer
                0x0800c500      0x154 ./Drivers/STM32F4xx_HAL_Driver/Src/stm32f4xx_ll_usb.o
                0x0800c500                USB_EPStopXfer
 .text.USB_WritePacket
                0x0800c654       0x7c ./Drivers/STM32F4xx_HAL_Driver/Src/stm32f4xx_ll_usb.o
                0x0800c654                USB_WritePacket
 .text.USB_ReadPacket
                0x0800c6d0       0xb0 ./Drivers/STM32F4xx_HAL_Driver/Src/stm32f4xx_ll_usb.o
                0x0800c6d0                USB_ReadPacket
 .text.USB_EPSetStall
                0x0800c780       0xdc ./Drivers/STM32F4xx_HAL_Driver/Src/stm32f4xx_ll_usb.o
                0x0800c780                USB_EPSetStall
 .text.USB_EPClearStall
                0x0800c85c       0xcc ./Drivers/STM32F4xx_HAL_Driver/Src/stm32f4xx_ll_usb.o
                0x0800c85c                USB_EPClearStall
 .text.USB_SetDevAddress
                0x0800c928       0x4c ./Drivers/STM32F4xx_HAL_Driver/Src/stm32f4xx_ll_usb.o
                0x0800c928                USB_SetDevAddress
 .text.USB_DevConnect
                0x0800c974       0x42 ./Drivers/STM32F4xx_HAL_Driver/Src/stm32f4xx_ll_usb.o
                0x0800c974                USB_DevConnect
 .text.USB_DevDisconnect
                0x0800c9b6       0x42 ./Drivers/STM32F4xx_HAL_Driver/Src/stm32f4xx_ll_usb.o
                0x0800c9b6                USB_DevDisconnect
 .text.USB_ReadInterrupts
                0x0800c9f8       0x26 ./Drivers/STM32F4xx_HAL_Driver/Src/stm32f4xx_ll_usb.o
                0x0800c9f8                USB_ReadInterrupts
 .text.USB_ReadDevAllOutEpInterrupt
                0x0800ca1e       0x34 ./Drivers/STM32F4xx_HAL_Driver/Src/stm32f4xx_ll_usb.o
                0x0800ca1e                USB_ReadDevAllOutEpInterrupt
 .text.USB_ReadDevAllInEpInterrupt
                0x0800ca52       0x34 ./Drivers/STM32F4xx_HAL_Driver/Src/stm32f4xx_ll_usb.o
                0x0800ca52                USB_ReadDevAllInEpInterrupt
 .text.USB_ReadDevOutEPInterrupt
                0x0800ca86       0x3c ./Drivers/STM32F4xx_HAL_Driver/Src/stm32f4xx_ll_usb.o
                0x0800ca86                USB_ReadDevOutEPInterrupt
 .text.USB_ReadDevInEPInterrupt
                0x0800cac2       0x5c ./Drivers/STM32F4xx_HAL_Driver/Src/stm32f4xx_ll_usb.o
                0x0800cac2                USB_ReadDevInEPInterrupt
 .text.USB_GetMode
                0x0800cb1e       0x1c ./Drivers/STM32F4xx_HAL_Driver/Src/stm32f4xx_ll_usb.o
                0x0800cb1e                USB_GetMode
 .text.USB_ActivateSetup
                0x0800cb3a       0x46 ./Drivers/STM32F4xx_HAL_Driver/Src/stm32f4xx_ll_usb.o
                0x0800cb3a                USB_ActivateSetup
 .text.USB_EP0_OutStart
                0x0800cb80       0xbc ./Drivers/STM32F4xx_HAL_Driver/Src/stm32f4xx_ll_usb.o
                0x0800cb80                USB_EP0_OutStart
 .text.USB_CoreReset
                0x0800cc3c       0x70 ./Drivers/STM32F4xx_HAL_Driver/Src/stm32f4xx_ll_usb.o
 .text.USBD_CDC_Init
                0x0800ccac      0x1f0 ./Middlewares/ST/STM32_USB_Device_Library/Class/CDC/Src/usbd_cdc.o
 .text.USBD_CDC_DeInit
                0x0800ce9c      0x104 ./Middlewares/ST/STM32_USB_Device_Library/Class/CDC/Src/usbd_cdc.o
 .text.USBD_CDC_Setup
                0x0800cfa0      0x1b8 ./Middlewares/ST/STM32_USB_Device_Library/Class/CDC/Src/usbd_cdc.o
 .text.USBD_CDC_DataIn
                0x0800d158       0xfe ./Middlewares/ST/STM32_USB_Device_Library/Class/CDC/Src/usbd_cdc.o
 .text.USBD_CDC_DataOut
                0x0800d256       0x70 ./Middlewares/ST/STM32_USB_Device_Library/Class/CDC/Src/usbd_cdc.o
 .text.USBD_CDC_EP0_RxReady
                0x0800d2c6       0x74 ./Middlewares/ST/STM32_USB_Device_Library/Class/CDC/Src/usbd_cdc.o
 *fill*         0x0800d33a        0x2 
 .text.USBD_CDC_GetFSCfgDesc
                0x0800d33c       0x70 ./Middlewares/ST/STM32_USB_Device_Library/Class/CDC/Src/usbd_cdc.o
 .text.USBD_CDC_GetHSCfgDesc
                0x0800d3ac       0x70 ./Middlewares/ST/STM32_USB_Device_Library/Class/CDC/Src/usbd_cdc.o
 .text.USBD_CDC_GetOtherSpeedCfgDesc
                0x0800d41c       0x70 ./Middlewares/ST/STM32_USB_Device_Library/Class/CDC/Src/usbd_cdc.o
 .text.USBD_CDC_GetDeviceQualifierDescriptor
                0x0800d48c       0x20 ./Middlewares/ST/STM32_USB_Device_Library/Class/CDC/Src/usbd_cdc.o
                0x0800d48c                USBD_CDC_GetDeviceQualifierDescriptor
 .text.USBD_CDC_RegisterInterface
                0x0800d4ac       0x34 ./Middlewares/ST/STM32_USB_Device_Library/Class/CDC/Src/usbd_cdc.o
                0x0800d4ac                USBD_CDC_RegisterInterface
 .text.USBD_CDC_SetTxBuffer
                0x0800d4e0       0x44 ./Middlewares/ST/STM32_USB_Device_Library/Class/CDC/Src/usbd_cdc.o
                0x0800d4e0                USBD_CDC_SetTxBuffer
 .text.USBD_CDC_SetRxBuffer
                0x0800d524       0x3a ./Middlewares/ST/STM32_USB_Device_Library/Class/CDC/Src/usbd_cdc.o
                0x0800d524                USBD_CDC_SetRxBuffer
 *fill*         0x0800d55e        0x2 
 .text.USBD_CDC_TransmitPacket
                0x0800d560       0x80 ./Middlewares/ST/STM32_USB_Device_Library/Class/CDC/Src/usbd_cdc.o
                0x0800d560                USBD_CDC_TransmitPacket
 .text.USBD_CDC_ReceivePacket
                0x0800d5e0       0x6c ./Middlewares/ST/STM32_USB_Device_Library/Class/CDC/Src/usbd_cdc.o
                0x0800d5e0                USBD_CDC_ReceivePacket
 .text.USBD_Init
                0x0800d64c       0x60 ./Middlewares/ST/STM32_USB_Device_Library/Core/Src/usbd_core.o
                0x0800d64c                USBD_Init
 .text.USBD_RegisterClass
                0x0800d6ac       0x6c ./Middlewares/ST/STM32_USB_Device_Library/Core/Src/usbd_core.o
                0x0800d6ac                USBD_RegisterClass
 .text.USBD_Start
                0x0800d718       0x18 ./Middlewares/ST/STM32_USB_Device_Library/Core/Src/usbd_core.o
                0x0800d718                USBD_Start
 .text.USBD_RunTestMode
                0x0800d730       0x16 ./Middlewares/ST/STM32_USB_Device_Library/Core/Src/usbd_core.o
                0x0800d730                USBD_RunTestMode
 .text.USBD_SetClassConfig
                0x0800d746       0x38 ./Middlewares/ST/STM32_USB_Device_Library/Core/Src/usbd_core.o
                0x0800d746                USBD_SetClassConfig
 .text.USBD_ClrClassConfig
                0x0800d77e       0x34 ./Middlewares/ST/STM32_USB_Device_Library/Core/Src/usbd_core.o
                0x0800d77e                USBD_ClrClassConfig
 .text.USBD_LL_SetupStage
                0x0800d7b2       0xaa ./Middlewares/ST/STM32_USB_Device_Library/Core/Src/usbd_core.o
                0x0800d7b2                USBD_LL_SetupStage
 .text.USBD_LL_DataOutStage
                0x0800d85c      0x178 ./Middlewares/ST/STM32_USB_Device_Library/Core/Src/usbd_core.o
                0x0800d85c                USBD_LL_DataOutStage
 .text.USBD_LL_DataInStage
                0x0800d9d4      0x176 ./Middlewares/ST/STM32_USB_Device_Library/Core/Src/usbd_core.o
                0x0800d9d4                USBD_LL_DataInStage
 .text.USBD_LL_Reset
                0x0800db4a       0xa6 ./Middlewares/ST/STM32_USB_Device_Library/Core/Src/usbd_core.o
                0x0800db4a                USBD_LL_Reset
 .text.USBD_LL_SetSpeed
                0x0800dbf0       0x20 ./Middlewares/ST/STM32_USB_Device_Library/Core/Src/usbd_core.o
                0x0800dbf0                USBD_LL_SetSpeed
 .text.USBD_LL_Suspend
                0x0800dc10       0x38 ./Middlewares/ST/STM32_USB_Device_Library/Core/Src/usbd_core.o
                0x0800dc10                USBD_LL_Suspend
 .text.USBD_LL_Resume
                0x0800dc48       0x30 ./Middlewares/ST/STM32_USB_Device_Library/Core/Src/usbd_core.o
                0x0800dc48                USBD_LL_Resume
 .text.USBD_LL_SOF
                0x0800dc78       0x40 ./Middlewares/ST/STM32_USB_Device_Library/Core/Src/usbd_core.o
                0x0800dc78                USBD_LL_SOF
 .text.USBD_LL_IsoINIncomplete
                0x0800dcb8       0x64 ./Middlewares/ST/STM32_USB_Device_Library/Core/Src/usbd_core.o
                0x0800dcb8                USBD_LL_IsoINIncomplete
 .text.USBD_LL_IsoOUTIncomplete
                0x0800dd1c       0x64 ./Middlewares/ST/STM32_USB_Device_Library/Core/Src/usbd_core.o
                0x0800dd1c                USBD_LL_IsoOUTIncomplete
 .text.USBD_LL_DevConnected
                0x0800dd80       0x16 ./Middlewares/ST/STM32_USB_Device_Library/Core/Src/usbd_core.o
                0x0800dd80                USBD_LL_DevConnected
 .text.USBD_LL_DevDisconnected
                0x0800dd96       0x46 ./Middlewares/ST/STM32_USB_Device_Library/Core/Src/usbd_core.o
                0x0800dd96                USBD_LL_DevDisconnected
 .text.USBD_CoreFindIF
                0x0800dddc       0x1a ./Middlewares/ST/STM32_USB_Device_Library/Core/Src/usbd_core.o
                0x0800dddc                USBD_CoreFindIF
 .text.USBD_CoreFindEP
                0x0800ddf6       0x1a ./Middlewares/ST/STM32_USB_Device_Library/Core/Src/usbd_core.o
                0x0800ddf6                USBD_CoreFindEP
 .text.USBD_GetEpDesc
                0x0800de10       0x70 ./Middlewares/ST/STM32_USB_Device_Library/Core/Src/usbd_core.o
                0x0800de10                USBD_GetEpDesc
 .text.USBD_GetNextDesc
                0x0800de80       0x38 ./Middlewares/ST/STM32_USB_Device_Library/Core/Src/usbd_core.o
                0x0800de80                USBD_GetNextDesc
 .text.SWAPBYTE
                0x0800deb8       0x3e ./Middlewares/ST/STM32_USB_Device_Library/Core/Src/usbd_ctlreq.o
 *fill*         0x0800def6        0x2 
 .text.USBD_StdDevReq
                0x0800def8       0xe4 ./Middlewares/ST/STM32_USB_Device_Library/Core/Src/usbd_ctlreq.o
                0x0800def8                USBD_StdDevReq
 .text.USBD_StdItfReq
                0x0800dfdc       0xd8 ./Middlewares/ST/STM32_USB_Device_Library/Core/Src/usbd_ctlreq.o
                0x0800dfdc                USBD_StdItfReq
 .text.USBD_StdEPReq
                0x0800e0b4      0x33e ./Middlewares/ST/STM32_USB_Device_Library/Core/Src/usbd_ctlreq.o
                0x0800e0b4                USBD_StdEPReq
 *fill*         0x0800e3f2        0x2 
 .text.USBD_GetDescriptor
                0x0800e3f4      0x2d4 ./Middlewares/ST/STM32_USB_Device_Library/Core/Src/usbd_ctlreq.o
 .text.USBD_SetAddress
                0x0800e6c8       0x88 ./Middlewares/ST/STM32_USB_Device_Library/Core/Src/usbd_ctlreq.o
 .text.USBD_SetConfig
                0x0800e750      0x154 ./Middlewares/ST/STM32_USB_Device_Library/Core/Src/usbd_ctlreq.o
 .text.USBD_GetConfig
                0x0800e8a4       0x6c ./Middlewares/ST/STM32_USB_Device_Library/Core/Src/usbd_ctlreq.o
 .text.USBD_GetStatus
                0x0800e910       0x68 ./Middlewares/ST/STM32_USB_Device_Library/Core/Src/usbd_ctlreq.o
 .text.USBD_SetFeature
                0x0800e978       0x52 ./Middlewares/ST/STM32_USB_Device_Library/Core/Src/usbd_ctlreq.o
 .text.USBD_ClrFeature
                0x0800e9ca       0x44 ./Middlewares/ST/STM32_USB_Device_Library/Core/Src/usbd_ctlreq.o
 .text.USBD_ParseSetupRequest
                0x0800ea0e       0x74 ./Middlewares/ST/STM32_USB_Device_Library/Core/Src/usbd_ctlreq.o
                0x0800ea0e                USBD_ParseSetupRequest
 .text.USBD_CtlError
                0x0800ea82       0x22 ./Middlewares/ST/STM32_USB_Device_Library/Core/Src/usbd_ctlreq.o
                0x0800ea82                USBD_CtlError
 .text.USBD_GetString
                0x0800eaa4       0xa4 ./Middlewares/ST/STM32_USB_Device_Library/Core/Src/usbd_ctlreq.o
                0x0800eaa4                USBD_GetString
 .text.USBD_GetLen
                0x0800eb48       0x34 ./Middlewares/ST/STM32_USB_Device_Library/Core/Src/usbd_ctlreq.o
 .text.USBD_CtlSendData
                0x0800eb7c       0x3c ./Middlewares/ST/STM32_USB_Device_Library/Core/Src/usbd_ioreq.o
                0x0800eb7c                USBD_CtlSendData
 .text.USBD_CtlContinueSendData
                0x0800ebb8       0x22 ./Middlewares/ST/STM32_USB_Device_Library/Core/Src/usbd_ioreq.o
                0x0800ebb8                USBD_CtlContinueSendData
 .text.USBD_CtlPrepareRx
                0x0800ebda       0x42 ./Middlewares/ST/STM32_USB_Device_Library/Core/Src/usbd_ioreq.o
                0x0800ebda                USBD_CtlPrepareRx
 .text.USBD_CtlContinueRx
                0x0800ec1c       0x22 ./Middlewares/ST/STM32_USB_Device_Library/Core/Src/usbd_ioreq.o
                0x0800ec1c                USBD_CtlContinueRx
 .text.USBD_CtlSendStatus
                0x0800ec3e       0x26 ./Middlewares/ST/STM32_USB_Device_Library/Core/Src/usbd_ioreq.o
                0x0800ec3e                USBD_CtlSendStatus
 .text.USBD_CtlReceiveStatus
                0x0800ec64       0x26 ./Middlewares/ST/STM32_USB_Device_Library/Core/Src/usbd_ioreq.o
                0x0800ec64                USBD_CtlReceiveStatus
 *fill*         0x0800ec8a        0x2 
 .text.MX_USB_DEVICE_Init
                0x0800ec8c       0x60 ./USB_DEVICE/App/usb_device.o
                0x0800ec8c                MX_USB_DEVICE_Init
 .text.CDC_Init_FS
                0x0800ecec       0x28 ./USB_DEVICE/App/usbd_cdc_if.o
 .text.CDC_DeInit_FS
                0x0800ed14       0x10 ./USB_DEVICE/App/usbd_cdc_if.o
 .text.CDC_Control_FS
                0x0800ed24      0x15c ./USB_DEVICE/App/usbd_cdc_if.o
 .text.CDC_Receive_FS
                0x0800ee80       0x28 ./USB_DEVICE/App/usbd_cdc_if.o
 .text.CDC_Transmit_FS
                0x0800eea8       0x4c ./USB_DEVICE/App/usbd_cdc_if.o
                0x0800eea8                CDC_Transmit_FS
 .text.CDC_TransmitCplt_FS
                0x0800eef4       0x22 ./USB_DEVICE/App/usbd_cdc_if.o
 *fill*         0x0800ef16        0x2 
 .text.USBD_FS_DeviceDescriptor
                0x0800ef18       0x24 ./USB_DEVICE/App/usbd_desc.o
                0x0800ef18                USBD_FS_DeviceDescriptor
 .text.USBD_FS_LangIDStrDescriptor
                0x0800ef3c       0x24 ./USB_DEVICE/App/usbd_desc.o
                0x0800ef3c                USBD_FS_LangIDStrDescriptor
 .text.USBD_FS_ProductStrDescriptor
                0x0800ef60       0x3c ./USB_DEVICE/App/usbd_desc.o
                0x0800ef60                USBD_FS_ProductStrDescriptor
 .text.USBD_FS_ManufacturerStrDescriptor
                0x0800ef9c       0x28 ./USB_DEVICE/App/usbd_desc.o
                0x0800ef9c                USBD_FS_ManufacturerStrDescriptor
 .text.USBD_FS_SerialStrDescriptor
                0x0800efc4       0x24 ./USB_DEVICE/App/usbd_desc.o
                0x0800efc4                USBD_FS_SerialStrDescriptor
 .text.USBD_FS_ConfigStrDescriptor
                0x0800efe8       0x3c ./USB_DEVICE/App/usbd_desc.o
                0x0800efe8                USBD_FS_ConfigStrDescriptor
 .text.USBD_FS_InterfaceStrDescriptor
                0x0800f024       0x3c ./USB_DEVICE/App/usbd_desc.o
                0x0800f024                USBD_FS_InterfaceStrDescriptor
 .text.Get_SerialNum
                0x0800f060       0x58 ./USB_DEVICE/App/usbd_desc.o
 .text.IntToUnicode
                0x0800f0b8       0x7e ./USB_DEVICE/App/usbd_desc.o
 *fill*         0x0800f136        0x2 
 .text.HAL_PCD_MspInit
                0x0800f138       0xa8 ./USB_DEVICE/Target/usbd_conf.o
                0x0800f138                HAL_PCD_MspInit
 .text.HAL_PCD_SetupStageCallback
                0x0800f1e0       0x24 ./USB_DEVICE/Target/usbd_conf.o
                0x0800f1e0                HAL_PCD_SetupStageCallback
 .text.HAL_PCD_DataOutStageCallback
                0x0800f204       0x36 ./USB_DEVICE/Target/usbd_conf.o
                0x0800f204                HAL_PCD_DataOutStageCallback
 .text.HAL_PCD_DataInStageCallback
                0x0800f23a       0x34 ./USB_DEVICE/Target/usbd_conf.o
                0x0800f23a                HAL_PCD_DataInStageCallback
 .text.HAL_PCD_SOFCallback
                0x0800f26e       0x1c ./USB_DEVICE/Target/usbd_conf.o
                0x0800f26e                HAL_PCD_SOFCallback
 .text.HAL_PCD_ResetCallback
                0x0800f28a       0x50 ./USB_DEVICE/Target/usbd_conf.o
                0x0800f28a                HAL_PCD_ResetCallback
 *fill*         0x0800f2da        0x2 
 .text.HAL_PCD_SuspendCallback
                0x0800f2dc       0x4c ./USB_DEVICE/Target/usbd_conf.o
                0x0800f2dc                HAL_PCD_SuspendCallback
 .text.HAL_PCD_ResumeCallback
                0x0800f328       0x1c ./USB_DEVICE/Target/usbd_conf.o
                0x0800f328                HAL_PCD_ResumeCallback
 .text.HAL_PCD_ISOOUTIncompleteCallback
                0x0800f344       0x24 ./USB_DEVICE/Target/usbd_conf.o
                0x0800f344                HAL_PCD_ISOOUTIncompleteCallback
 .text.HAL_PCD_ISOINIncompleteCallback
                0x0800f368       0x24 ./USB_DEVICE/Target/usbd_conf.o
                0x0800f368                HAL_PCD_ISOINIncompleteCallback
 .text.HAL_PCD_ConnectCallback
                0x0800f38c       0x1c ./USB_DEVICE/Target/usbd_conf.o
                0x0800f38c                HAL_PCD_ConnectCallback
 .text.HAL_PCD_DisconnectCallback
                0x0800f3a8       0x1c ./USB_DEVICE/Target/usbd_conf.o
                0x0800f3a8                HAL_PCD_DisconnectCallback
 .text.USBD_LL_Init
                0x0800f3c4       0x98 ./USB_DEVICE/Target/usbd_conf.o
                0x0800f3c4                USBD_LL_Init
 .text.USBD_LL_Start
                0x0800f45c       0x36 ./USB_DEVICE/Target/usbd_conf.o
                0x0800f45c                USBD_LL_Start
 .text.USBD_LL_OpenEP
                0x0800f492       0x4c ./USB_DEVICE/Target/usbd_conf.o
                0x0800f492                USBD_LL_OpenEP
 .text.USBD_LL_CloseEP
                0x0800f4de       0x3e ./USB_DEVICE/Target/usbd_conf.o
                0x0800f4de                USBD_LL_CloseEP
 .text.USBD_LL_StallEP
                0x0800f51c       0x3e ./USB_DEVICE/Target/usbd_conf.o
                0x0800f51c                USBD_LL_StallEP
 .text.USBD_LL_ClearStallEP
                0x0800f55a       0x3e ./USB_DEVICE/Target/usbd_conf.o
                0x0800f55a                USBD_LL_ClearStallEP
 .text.USBD_LL_IsStallEP
                0x0800f598       0x58 ./USB_DEVICE/Target/usbd_conf.o
                0x0800f598                USBD_LL_IsStallEP
 .text.USBD_LL_SetUSBAddress
                0x0800f5f0       0x3e ./USB_DEVICE/Target/usbd_conf.o
                0x0800f5f0                USBD_LL_SetUSBAddress
 .text.USBD_LL_Transmit
                0x0800f62e       0x42 ./USB_DEVICE/Target/usbd_conf.o
                0x0800f62e                USBD_LL_Transmit
 .text.USBD_LL_PrepareReceive
                0x0800f670       0x42 ./USB_DEVICE/Target/usbd_conf.o
                0x0800f670                USBD_LL_PrepareReceive
 .text.USBD_LL_GetRxDataSize
                0x0800f6b2       0x26 ./USB_DEVICE/Target/usbd_conf.o
                0x0800f6b2                USBD_LL_GetRxDataSize
 .text.USBD_static_malloc
                0x0800f6d8       0x1c ./USB_DEVICE/Target/usbd_conf.o
                0x0800f6d8                USBD_static_malloc
 .text.USBD_static_free
                0x0800f6f4       0x14 ./USB_DEVICE/Target/usbd_conf.o
                0x0800f6f4                USBD_static_free
 .text.USBD_Get_USB_Status
                0x0800f708       0x58 ./USB_DEVICE/Target/usbd_conf.o
                0x0800f708                USBD_Get_USB_Status
 .text.__cvt    0x0800f760       0xca /Applications/STM32CubeIDE.app/Contents/Eclipse/plugins/com.st.stm32cube.ide.mcu.externaltools.gnu-tools-for-stm32.13.3.rel1.macos64_1.0.0.202411102158/tools/bin/../lib/gcc/arm-none-eabi/13.3.1/../../../../arm-none-eabi/lib/thumb/v7e-m+fp/hard/libc_nano.a(libc_a-nano-vfprintf_float.o)
                0x0800f760                __cvt
 .text.__exponent
                0x0800f82a       0x74 /Applications/STM32CubeIDE.app/Contents/Eclipse/plugins/com.st.stm32cube.ide.mcu.externaltools.gnu-tools-for-stm32.13.3.rel1.macos64_1.0.0.202411102158/tools/bin/../lib/gcc/arm-none-eabi/13.3.1/../../../../arm-none-eabi/lib/thumb/v7e-m+fp/hard/libc_nano.a(libc_a-nano-vfprintf_float.o)
                0x0800f82a                __exponent
 *fill*         0x0800f89e        0x2 
 .text._printf_float
                0x0800f8a0      0x454 /Applications/STM32CubeIDE.app/Contents/Eclipse/plugins/com.st.stm32cube.ide.mcu.externaltools.gnu-tools-for-stm32.13.3.rel1.macos64_1.0.0.202411102158/tools/bin/../lib/gcc/arm-none-eabi/13.3.1/../../../../arm-none-eabi/lib/thumb/v7e-m+fp/hard/libc_nano.a(libc_a-nano-vfprintf_float.o)
                0x0800f8a0                _printf_float
 .text._printf_common
                0x0800fcf4       0xda /Applications/STM32CubeIDE.app/Contents/Eclipse/plugins/com.st.stm32cube.ide.mcu.externaltools.gnu-tools-for-stm32.13.3.rel1.macos64_1.0.0.202411102158/tools/bin/../lib/gcc/arm-none-eabi/13.3.1/../../../../arm-none-eabi/lib/thumb/v7e-m+fp/hard/libc_nano.a(libc_a-nano-vfprintf_i.o)
                0x0800fcf4                _printf_common
 *fill*         0x0800fdce        0x2 
 .text._printf_i
                0x0800fdd0      0x23c /Applications/STM32CubeIDE.app/Contents/Eclipse/plugins/com.st.stm32cube.ide.mcu.externaltools.gnu-tools-for-stm32.13.3.rel1.macos64_1.0.0.202411102158/tools/bin/../lib/gcc/arm-none-eabi/13.3.1/../../../../arm-none-eabi/lib/thumb/v7e-m+fp/hard/libc_nano.a(libc_a-nano-vfprintf_i.o)
                0x0800fdd0                _printf_i
 .text.snprintf
                0x0801000c       0x6c /Applications/STM32CubeIDE.app/Contents/Eclipse/plugins/com.st.stm32cube.ide.mcu.externaltools.gnu-tools-for-stm32.13.3.rel1.macos64_1.0.0.202411102158/tools/bin/../lib/gcc/arm-none-eabi/13.3.1/../../../../arm-none-eabi/lib/thumb/v7e-m+fp/hard/libc_nano.a(libc_a-snprintf.o)
                0x0801000c                snprintf
                0x0801000c                sniprintf
 .text.std      0x08010078       0x6c /Applications/STM32CubeIDE.app/Contents/Eclipse/plugins/com.st.stm32cube.ide.mcu.externaltools.gnu-tools-for-stm32.13.3.rel1.macos64_1.0.0.202411102158/tools/bin/../lib/gcc/arm-none-eabi/13.3.1/../../../../arm-none-eabi/lib/thumb/v7e-m+fp/hard/libc_nano.a(libc_a-findfp.o)
 .text.stdio_exit_handler
                0x080100e4       0x18 /Applications/STM32CubeIDE.app/Contents/Eclipse/plugins/com.st.stm32cube.ide.mcu.externaltools.gnu-tools-for-stm32.13.3.rel1.macos64_1.0.0.202411102158/tools/bin/../lib/gcc/arm-none-eabi/13.3.1/../../../../arm-none-eabi/lib/thumb/v7e-m+fp/hard/libc_nano.a(libc_a-findfp.o)
 .text.cleanup_stdio
                0x080100fc       0x40 /Applications/STM32CubeIDE.app/Contents/Eclipse/plugins/com.st.stm32cube.ide.mcu.externaltools.gnu-tools-for-stm32.13.3.rel1.macos64_1.0.0.202411102158/tools/bin/../lib/gcc/arm-none-eabi/13.3.1/../../../../arm-none-eabi/lib/thumb/v7e-m+fp/hard/libc_nano.a(libc_a-findfp.o)
 .text.global_stdio_init.part.0
                0x0801013c       0x3c /Applications/STM32CubeIDE.app/Contents/Eclipse/plugins/com.st.stm32cube.ide.mcu.externaltools.gnu-tools-for-stm32.13.3.rel1.macos64_1.0.0.202411102158/tools/bin/../lib/gcc/arm-none-eabi/13.3.1/../../../../arm-none-eabi/lib/thumb/v7e-m+fp/hard/libc_nano.a(libc_a-findfp.o)
 .text.__sfp_lock_acquire
                0x08010178        0xc /Applications/STM32CubeIDE.app/Contents/Eclipse/plugins/com.st.stm32cube.ide.mcu.externaltools.gnu-tools-for-stm32.13.3.rel1.macos64_1.0.0.202411102158/tools/bin/../lib/gcc/arm-none-eabi/13.3.1/../../../../arm-none-eabi/lib/thumb/v7e-m+fp/hard/libc_nano.a(libc_a-findfp.o)
                0x08010178                __sfp_lock_acquire
 .text.__sfp_lock_release
                0x08010184        0xc /Applications/STM32CubeIDE.app/Contents/Eclipse/plugins/com.st.stm32cube.ide.mcu.externaltools.gnu-tools-for-stm32.13.3.rel1.macos64_1.0.0.202411102158/tools/bin/../lib/gcc/arm-none-eabi/13.3.1/../../../../arm-none-eabi/lib/thumb/v7e-m+fp/hard/libc_nano.a(libc_a-findfp.o)
                0x08010184                __sfp_lock_release
 .text.__sinit  0x08010190       0x30 /Applications/STM32CubeIDE.app/Contents/Eclipse/plugins/com.st.stm32cube.ide.mcu.externaltools.gnu-tools-for-stm32.13.3.rel1.macos64_1.0.0.202411102158/tools/bin/../lib/gcc/arm-none-eabi/13.3.1/../../../../arm-none-eabi/lib/thumb/v7e-m+fp/hard/libc_nano.a(libc_a-findfp.o)
                0x08010190                __sinit
 .text._fwalk_sglue
                0x080101c0       0x3c /Applications/STM32CubeIDE.app/Contents/Eclipse/plugins/com.st.stm32cube.ide.mcu.externaltools.gnu-tools-for-stm32.13.3.rel1.macos64_1.0.0.202411102158/tools/bin/../lib/gcc/arm-none-eabi/13.3.1/../../../../arm-none-eabi/lib/thumb/v7e-m+fp/hard/libc_nano.a(libc_a-fwalk.o)
                0x080101c0                _fwalk_sglue
 .text.memset   0x080101fc       0x10 /Applications/STM32CubeIDE.app/Contents/Eclipse/plugins/com.st.stm32cube.ide.mcu.externaltools.gnu-tools-for-stm32.13.3.rel1.macos64_1.0.0.202411102158/tools/bin/../lib/gcc/arm-none-eabi/13.3.1/../../../../arm-none-eabi/lib/thumb/v7e-m+fp/hard/libc_nano.a(libc_a-memset.o)
                0x080101fc                memset
 .text.__errno  0x0801020c        0xc /Applications/STM32CubeIDE.app/Contents/Eclipse/plugins/com.st.stm32cube.ide.mcu.externaltools.gnu-tools-for-stm32.13.3.rel1.macos64_1.0.0.202411102158/tools/bin/../lib/gcc/arm-none-eabi/13.3.1/../../../../arm-none-eabi/lib/thumb/v7e-m+fp/hard/libc_nano.a(libc_a-errno.o)
                0x0801020c                __errno
 .text.__libc_init_array
                0x08010218       0x48 /Applications/STM32CubeIDE.app/Contents/Eclipse/plugins/com.st.stm32cube.ide.mcu.externaltools.gnu-tools-for-stm32.13.3.rel1.macos64_1.0.0.202411102158/tools/bin/../lib/gcc/arm-none-eabi/13.3.1/../../../../arm-none-eabi/lib/thumb/v7e-m+fp/hard/libc_nano.a(libc_a-init.o)
                0x08010218                __libc_init_array
 .text.__retarget_lock_init_recursive
                0x08010260        0x2 /Applications/STM32CubeIDE.app/Contents/Eclipse/plugins/com.st.stm32cube.ide.mcu.externaltools.gnu-tools-for-stm32.13.3.rel1.macos64_1.0.0.202411102158/tools/bin/../lib/gcc/arm-none-eabi/13.3.1/../../../../arm-none-eabi/lib/thumb/v7e-m+fp/hard/libc_nano.a(libc_a-lock.o)
                0x08010260                __retarget_lock_init_recursive
 .text.__retarget_lock_acquire_recursive
                0x08010262        0x2 /Applications/STM32CubeIDE.app/Contents/Eclipse/plugins/com.st.stm32cube.ide.mcu.externaltools.gnu-tools-for-stm32.13.3.rel1.macos64_1.0.0.202411102158/tools/bin/../lib/gcc/arm-none-eabi/13.3.1/../../../../arm-none-eabi/lib/thumb/v7e-m+fp/hard/libc_nano.a(libc_a-lock.o)
                0x08010262                __retarget_lock_acquire_recursive
 .text.__retarget_lock_release_recursive
                0x08010264        0x2 /Applications/STM32CubeIDE.app/Contents/Eclipse/plugins/com.st.stm32cube.ide.mcu.externaltools.gnu-tools-for-stm32.13.3.rel1.macos64_1.0.0.202411102158/tools/bin/../lib/gcc/arm-none-eabi/13.3.1/../../../../arm-none-eabi/lib/thumb/v7e-m+fp/hard/libc_nano.a(libc_a-lock.o)
                0x08010264                __retarget_lock_release_recursive
 *fill*         0x08010266        0x2 
 .text._localeconv_r
                0x08010268        0x8 /Applications/STM32CubeIDE.app/Contents/Eclipse/plugins/com.st.stm32cube.ide.mcu.externaltools.gnu-tools-for-stm32.13.3.rel1.macos64_1.0.0.202411102158/tools/bin/../lib/gcc/arm-none-eabi/13.3.1/../../../../arm-none-eabi/lib/thumb/v7e-m+fp/hard/libc_nano.a(libc_a-localeconv.o)
                0x08010268                _localeconv_r
 .text.memcpy   0x08010270       0x1c /Applications/STM32CubeIDE.app/Contents/Eclipse/plugins/com.st.stm32cube.ide.mcu.externaltools.gnu-tools-for-stm32.13.3.rel1.macos64_1.0.0.202411102158/tools/bin/../lib/gcc/arm-none-eabi/13.3.1/../../../../arm-none-eabi/lib/thumb/v7e-m+fp/hard/libc_nano.a(libc_a-memcpy-stub.o)
                0x08010270                memcpy
 .text.quorem   0x0801028c      0x110 /Applications/STM32CubeIDE.app/Contents/Eclipse/plugins/com.st.stm32cube.ide.mcu.externaltools.gnu-tools-for-stm32.13.3.rel1.macos64_1.0.0.202411102158/tools/bin/../lib/gcc/arm-none-eabi/13.3.1/../../../../arm-none-eabi/lib/thumb/v7e-m+fp/hard/libc_nano.a(libc_a-dtoa.o)
 *fill*         0x0801039c        0x4 
 .text._dtoa_r  0x080103a0      0xba0 /Applications/STM32CubeIDE.app/Contents/Eclipse/plugins/com.st.stm32cube.ide.mcu.externaltools.gnu-tools-for-stm32.13.3.rel1.macos64_1.0.0.202411102158/tools/bin/../lib/gcc/arm-none-eabi/13.3.1/../../../../arm-none-eabi/lib/thumb/v7e-m+fp/hard/libc_nano.a(libc_a-dtoa.o)
                0x080103a0                _dtoa_r
 .text.__ssputs_r
                0x08010f40       0xb6 /Applications/STM32CubeIDE.app/Contents/Eclipse/plugins/com.st.stm32cube.ide.mcu.externaltools.gnu-tools-for-stm32.13.3.rel1.macos64_1.0.0.202411102158/tools/bin/../lib/gcc/arm-none-eabi/13.3.1/../../../../arm-none-eabi/lib/thumb/v7e-m+fp/hard/libc_nano.a(libc_a-nano-svfprintf.o)
                0x08010f40                __ssputs_r
 *fill*         0x08010ff6        0x2 
 .text._svfprintf_r
                0x08010ff8      0x1f8 /Applications/STM32CubeIDE.app/Contents/Eclipse/plugins/com.st.stm32cube.ide.mcu.externaltools.gnu-tools-for-stm32.13.3.rel1.macos64_1.0.0.202411102158/tools/bin/../lib/gcc/arm-none-eabi/13.3.1/../../../../arm-none-eabi/lib/thumb/v7e-m+fp/hard/libc_nano.a(libc_a-nano-svfprintf.o)
                0x08010ff8                _svfprintf_r
                0x08010ff8                _svfiprintf_r
 .text.malloc   0x080111f0       0x10 /Applications/STM32CubeIDE.app/Contents/Eclipse/plugins/com.st.stm32cube.ide.mcu.externaltools.gnu-tools-for-stm32.13.3.rel1.macos64_1.0.0.202411102158/tools/bin/../lib/gcc/arm-none-eabi/13.3.1/../../../../arm-none-eabi/lib/thumb/v7e-m+fp/hard/libc_nano.a(libc_a-malloc.o)
                0x080111f0                malloc
 .text.sbrk_aligned
                0x08011200       0x44 /Applications/STM32CubeIDE.app/Contents/Eclipse/plugins/com.st.stm32cube.ide.mcu.externaltools.gnu-tools-for-stm32.13.3.rel1.macos64_1.0.0.202411102158/tools/bin/../lib/gcc/arm-none-eabi/13.3.1/../../../../arm-none-eabi/lib/thumb/v7e-m+fp/hard/libc_nano.a(libc_a-mallocr.o)
 .text._malloc_r
                0x08011244      0x100 /Applications/STM32CubeIDE.app/Contents/Eclipse/plugins/com.st.stm32cube.ide.mcu.externaltools.gnu-tools-for-stm32.13.3.rel1.macos64_1.0.0.202411102158/tools/bin/../lib/gcc/arm-none-eabi/13.3.1/../../../../arm-none-eabi/lib/thumb/v7e-m+fp/hard/libc_nano.a(libc_a-mallocr.o)
                0x08011244                _malloc_r
 .text.__sflush_r
                0x08011344      0x108 /Applications/STM32CubeIDE.app/Contents/Eclipse/plugins/com.st.stm32cube.ide.mcu.externaltools.gnu-tools-for-stm32.13.3.rel1.macos64_1.0.0.202411102158/tools/bin/../lib/gcc/arm-none-eabi/13.3.1/../../../../arm-none-eabi/lib/thumb/v7e-m+fp/hard/libc_nano.a(libc_a-fflush.o)
                0x08011344                __sflush_r
 .text._fflush_r
                0x0801144c       0x50 /Applications/STM32CubeIDE.app/Contents/Eclipse/plugins/com.st.stm32cube.ide.mcu.externaltools.gnu-tools-for-stm32.13.3.rel1.macos64_1.0.0.202411102158/tools/bin/../lib/gcc/arm-none-eabi/13.3.1/../../../../arm-none-eabi/lib/thumb/v7e-m+fp/hard/libc_nano.a(libc_a-fflush.o)
                0x0801144c                _fflush_r
 .text.__malloc_lock
                0x0801149c        0xc /Applications/STM32CubeIDE.app/Contents/Eclipse/plugins/com.st.stm32cube.ide.mcu.externaltools.gnu-tools-for-stm32.13.3.rel1.macos64_1.0.0.202411102158/tools/bin/../lib/gcc/arm-none-eabi/13.3.1/../../../../arm-none-eabi/lib/thumb/v7e-m+fp/hard/libc_nano.a(libc_a-mlock.o)
                0x0801149c                __malloc_lock
 .text.__malloc_unlock
                0x080114a8        0xc /Applications/STM32CubeIDE.app/Contents/Eclipse/plugins/com.st.stm32cube.ide.mcu.externaltools.gnu-tools-for-stm32.13.3.rel1.macos64_1.0.0.202411102158/tools/bin/../lib/gcc/arm-none-eabi/13.3.1/../../../../arm-none-eabi/lib/thumb/v7e-m+fp/hard/libc_nano.a(libc_a-mlock.o)
                0x080114a8                __malloc_unlock
 .text._Balloc  0x080114b4       0x80 /Applications/STM32CubeIDE.app/Contents/Eclipse/plugins/com.st.stm32cube.ide.mcu.externaltools.gnu-tools-for-stm32.13.3.rel1.macos64_1.0.0.202411102158/tools/bin/../lib/gcc/arm-none-eabi/13.3.1/../../../../arm-none-eabi/lib/thumb/v7e-m+fp/hard/libc_nano.a(libc_a-mprec.o)
                0x080114b4                _Balloc
 .text._Bfree   0x08011534       0x44 /Applications/STM32CubeIDE.app/Contents/Eclipse/plugins/com.st.stm32cube.ide.mcu.externaltools.gnu-tools-for-stm32.13.3.rel1.macos64_1.0.0.202411102158/tools/bin/../lib/gcc/arm-none-eabi/13.3.1/../../../../arm-none-eabi/lib/thumb/v7e-m+fp/hard/libc_nano.a(libc_a-mprec.o)
                0x08011534                _Bfree
 .text.__multadd
                0x08011578       0x8c /Applications/STM32CubeIDE.app/Contents/Eclipse/plugins/com.st.stm32cube.ide.mcu.externaltools.gnu-tools-for-stm32.13.3.rel1.macos64_1.0.0.202411102158/tools/bin/../lib/gcc/arm-none-eabi/13.3.1/../../../../arm-none-eabi/lib/thumb/v7e-m+fp/hard/libc_nano.a(libc_a-mprec.o)
                0x08011578                __multadd
 .text.__hi0bits
                0x08011604       0x3e /Applications/STM32CubeIDE.app/Contents/Eclipse/plugins/com.st.stm32cube.ide.mcu.externaltools.gnu-tools-for-stm32.13.3.rel1.macos64_1.0.0.202411102158/tools/bin/../lib/gcc/arm-none-eabi/13.3.1/../../../../arm-none-eabi/lib/thumb/v7e-m+fp/hard/libc_nano.a(libc_a-mprec.o)
                0x08011604                __hi0bits
 .text.__lo0bits
                0x08011642       0x5a /Applications/STM32CubeIDE.app/Contents/Eclipse/plugins/com.st.stm32cube.ide.mcu.externaltools.gnu-tools-for-stm32.13.3.rel1.macos64_1.0.0.202411102158/tools/bin/../lib/gcc/arm-none-eabi/13.3.1/../../../../arm-none-eabi/lib/thumb/v7e-m+fp/hard/libc_nano.a(libc_a-mprec.o)
                0x08011642                __lo0bits
 .text.__i2b    0x0801169c       0x2c /Applications/STM32CubeIDE.app/Contents/Eclipse/plugins/com.st.stm32cube.ide.mcu.externaltools.gnu-tools-for-stm32.13.3.rel1.macos64_1.0.0.202411102158/tools/bin/../lib/gcc/arm-none-eabi/13.3.1/../../../../arm-none-eabi/lib/thumb/v7e-m+fp/hard/libc_nano.a(libc_a-mprec.o)
                0x0801169c                __i2b
 .text.__multiply
                0x080116c8      0x144 /Applications/STM32CubeIDE.app/Contents/Eclipse/plugins/com.st.stm32cube.ide.mcu.externaltools.gnu-tools-for-stm32.13.3.rel1.macos64_1.0.0.202411102158/tools/bin/../lib/gcc/arm-none-eabi/13.3.1/../../../../arm-none-eabi/lib/thumb/v7e-m+fp/hard/libc_nano.a(libc_a-mprec.o)
                0x080116c8                __multiply
 .text.__pow5mult
                0x0801180c       0xb4 /Applications/STM32CubeIDE.app/Contents/Eclipse/plugins/com.st.stm32cube.ide.mcu.externaltools.gnu-tools-for-stm32.13.3.rel1.macos64_1.0.0.202411102158/tools/bin/../lib/gcc/arm-none-eabi/13.3.1/../../../../arm-none-eabi/lib/thumb/v7e-m+fp/hard/libc_nano.a(libc_a-mprec.o)
                0x0801180c                __pow5mult
 .text.__lshift
                0x080118c0       0xd8 /Applications/STM32CubeIDE.app/Contents/Eclipse/plugins/com.st.stm32cube.ide.mcu.externaltools.gnu-tools-for-stm32.13.3.rel1.macos64_1.0.0.202411102158/tools/bin/../lib/gcc/arm-none-eabi/13.3.1/../../../../arm-none-eabi/lib/thumb/v7e-m+fp/hard/libc_nano.a(libc_a-mprec.o)
                0x080118c0                __lshift
 .text.__mcmp   0x08011998       0x36 /Applications/STM32CubeIDE.app/Contents/Eclipse/plugins/com.st.stm32cube.ide.mcu.externaltools.gnu-tools-for-stm32.13.3.rel1.macos64_1.0.0.202411102158/tools/bin/../lib/gcc/arm-none-eabi/13.3.1/../../../../arm-none-eabi/lib/thumb/v7e-m+fp/hard/libc_nano.a(libc_a-mprec.o)
                0x08011998                __mcmp
 *fill*         0x080119ce        0x2 
 .text.__mdiff  0x080119d0      0x128 /Applications/STM32CubeIDE.app/Contents/Eclipse/plugins/com.st.stm32cube.ide.mcu.externaltools.gnu-tools-for-stm32.13.3.rel1.macos64_1.0.0.202411102158/tools/bin/../lib/gcc/arm-none-eabi/13.3.1/../../../../arm-none-eabi/lib/thumb/v7e-m+fp/hard/libc_nano.a(libc_a-mprec.o)
                0x080119d0                __mdiff
 .text.__d2b    0x08011af8       0xb0 /Applications/STM32CubeIDE.app/Contents/Eclipse/plugins/com.st.stm32cube.ide.mcu.externaltools.gnu-tools-for-stm32.13.3.rel1.macos64_1.0.0.202411102158/tools/bin/../lib/gcc/arm-none-eabi/13.3.1/../../../../arm-none-eabi/lib/thumb/v7e-m+fp/hard/libc_nano.a(libc_a-mprec.o)
                0x08011af8                __d2b
 .text.__sread  0x08011ba8       0x22 /Applications/STM32CubeIDE.app/Contents/Eclipse/plugins/com.st.stm32cube.ide.mcu.externaltools.gnu-tools-for-stm32.13.3.rel1.macos64_1.0.0.202411102158/tools/bin/../lib/gcc/arm-none-eabi/13.3.1/../../../../arm-none-eabi/lib/thumb/v7e-m+fp/hard/libc_nano.a(libc_a-stdio.o)
                0x08011ba8                __sread
 .text.__swrite
                0x08011bca       0x38 /Applications/STM32CubeIDE.app/Contents/Eclipse/plugins/com.st.stm32cube.ide.mcu.externaltools.gnu-tools-for-stm32.13.3.rel1.macos64_1.0.0.202411102158/tools/bin/../lib/gcc/arm-none-eabi/13.3.1/../../../../arm-none-eabi/lib/thumb/v7e-m+fp/hard/libc_nano.a(libc_a-stdio.o)
                0x08011bca                __swrite
 .text.__sseek  0x08011c02       0x24 /Applications/STM32CubeIDE.app/Contents/Eclipse/plugins/com.st.stm32cube.ide.mcu.externaltools.gnu-tools-for-stm32.13.3.rel1.macos64_1.0.0.202411102158/tools/bin/../lib/gcc/arm-none-eabi/13.3.1/../../../../arm-none-eabi/lib/thumb/v7e-m+fp/hard/libc_nano.a(libc_a-stdio.o)
                0x08011c02                __sseek
 .text.__sclose
                0x08011c26        0x8 /Applications/STM32CubeIDE.app/Contents/Eclipse/plugins/com.st.stm32cube.ide.mcu.externaltools.gnu-tools-for-stm32.13.3.rel1.macos64_1.0.0.202411102158/tools/bin/../lib/gcc/arm-none-eabi/13.3.1/../../../../arm-none-eabi/lib/thumb/v7e-m+fp/hard/libc_nano.a(libc_a-stdio.o)
                0x08011c26                __sclose
 .text._realloc_r
                0x08011c2e       0x5c /Applications/STM32CubeIDE.app/Contents/Eclipse/plugins/com.st.stm32cube.ide.mcu.externaltools.gnu-tools-for-stm32.13.3.rel1.macos64_1.0.0.202411102158/tools/bin/../lib/gcc/arm-none-eabi/13.3.1/../../../../arm-none-eabi/lib/thumb/v7e-m+fp/hard/libc_nano.a(libc_a-reallocr.o)
                0x08011c2e                _realloc_r
 .text.memmove  0x08011c8a       0x34 /Applications/STM32CubeIDE.app/Contents/Eclipse/plugins/com.st.stm32cube.ide.mcu.externaltools.gnu-tools-for-stm32.13.3.rel1.macos64_1.0.0.202411102158/tools/bin/../lib/gcc/arm-none-eabi/13.3.1/../../../../arm-none-eabi/lib/thumb/v7e-m+fp/hard/libc_nano.a(libc_a-memmove.o)
                0x08011c8a                memmove
 *fill*         0x08011cbe        0x2 
 .text._lseek_r
                0x08011cc0       0x24 /Applications/STM32CubeIDE.app/Contents/Eclipse/plugins/com.st.stm32cube.ide.mcu.externaltools.gnu-tools-for-stm32.13.3.rel1.macos64_1.0.0.202411102158/tools/bin/../lib/gcc/arm-none-eabi/13.3.1/../../../../arm-none-eabi/lib/thumb/v7e-m+fp/hard/libc_nano.a(libc_a-lseekr.o)
                0x08011cc0                _lseek_r
 .text._read_r  0x08011ce4       0x24 /Applications/STM32CubeIDE.app/Contents/Eclipse/plugins/com.st.stm32cube.ide.mcu.externaltools.gnu-tools-for-stm32.13.3.rel1.macos64_1.0.0.202411102158/tools/bin/../lib/gcc/arm-none-eabi/13.3.1/../../../../arm-none-eabi/lib/thumb/v7e-m+fp/hard/libc_nano.a(libc_a-readr.o)
                0x08011ce4                _read_r
 .text._sbrk_r  0x08011d08       0x20 /Applications/STM32CubeIDE.app/Contents/Eclipse/plugins/com.st.stm32cube.ide.mcu.externaltools.gnu-tools-for-stm32.13.3.rel1.macos64_1.0.0.202411102158/tools/bin/../lib/gcc/arm-none-eabi/13.3.1/../../../../arm-none-eabi/lib/thumb/v7e-m+fp/hard/libc_nano.a(libc_a-sbrkr.o)
                0x08011d08                _sbrk_r
 .text._write_r
                0x08011d28       0x24 /Applications/STM32CubeIDE.app/Contents/Eclipse/plugins/com.st.stm32cube.ide.mcu.externaltools.gnu-tools-for-stm32.13.3.rel1.macos64_1.0.0.202411102158/tools/bin/../lib/gcc/arm-none-eabi/13.3.1/../../../../arm-none-eabi/lib/thumb/v7e-m+fp/hard/libc_nano.a(libc_a-writer.o)
                0x08011d28                _write_r
 .text._close_r
                0x08011d4c       0x20 /Applications/STM32CubeIDE.app/Contents/Eclipse/plugins/com.st.stm32cube.ide.mcu.externaltools.gnu-tools-for-stm32.13.3.rel1.macos64_1.0.0.202411102158/tools/bin/../lib/gcc/arm-none-eabi/13.3.1/../../../../arm-none-eabi/lib/thumb/v7e-m+fp/hard/libc_nano.a(libc_a-closer.o)
                0x08011d4c                _close_r
 .text.__assert_func
                0x08011d6c       0x3c /Applications/STM32CubeIDE.app/Contents/Eclipse/plugins/com.st.stm32cube.ide.mcu.externaltools.gnu-tools-for-stm32.13.3.rel1.macos64_1.0.0.202411102158/tools/bin/../lib/gcc/arm-none-eabi/13.3.1/../../../../arm-none-eabi/lib/thumb/v7e-m+fp/hard/libc_nano.a(libc_a-assert.o)
                0x08011d6c                __assert_func
 .text._calloc_r
                0x08011da8       0x28 /Applications/STM32CubeIDE.app/Contents/Eclipse/plugins/com.st.stm32cube.ide.mcu.externaltools.gnu-tools-for-stm32.13.3.rel1.macos64_1.0.0.202411102158/tools/bin/../lib/gcc/arm-none-eabi/13.3.1/../../../../arm-none-eabi/lib/thumb/v7e-m+fp/hard/libc_nano.a(libc_a-callocr.o)
                0x08011da8                _calloc_r
 .text._free_r  0x08011dd0       0x94 /Applications/STM32CubeIDE.app/Contents/Eclipse/plugins/com.st.stm32cube.ide.mcu.externaltools.gnu-tools-for-stm32.13.3.rel1.macos64_1.0.0.202411102158/tools/bin/../lib/gcc/arm-none-eabi/13.3.1/../../../../arm-none-eabi/lib/thumb/v7e-m+fp/hard/libc_nano.a(libc_a-freer.o)
                0x08011dd0                _free_r
 .text.__ascii_mbtowc
                0x08011e64       0x24 /Applications/STM32CubeIDE.app/Contents/Eclipse/plugins/com.st.stm32cube.ide.mcu.externaltools.gnu-tools-for-stm32.13.3.rel1.macos64_1.0.0.202411102158/tools/bin/../lib/gcc/arm-none-eabi/13.3.1/../../../../arm-none-eabi/lib/thumb/v7e-m+fp/hard/libc_nano.a(libc_a-mbtowc_r.o)
                0x08011e64                __ascii_mbtowc
 .text._malloc_usable_size_r
                0x08011e88       0x10 /Applications/STM32CubeIDE.app/Contents/Eclipse/plugins/com.st.stm32cube.ide.mcu.externaltools.gnu-tools-for-stm32.13.3.rel1.macos64_1.0.0.202411102158/tools/bin/../lib/gcc/arm-none-eabi/13.3.1/../../../../arm-none-eabi/lib/thumb/v7e-m+fp/hard/libc_nano.a(libc_a-msizer.o)
                0x08011e88                _malloc_usable_size_r
 .text.fprintf  0x08011e98       0x24 /Applications/STM32CubeIDE.app/Contents/Eclipse/plugins/com.st.stm32cube.ide.mcu.externaltools.gnu-tools-for-stm32.13.3.rel1.macos64_1.0.0.202411102158/tools/bin/../lib/gcc/arm-none-eabi/13.3.1/../../../../arm-none-eabi/lib/thumb/v7e-m+fp/hard/libc_nano.a(libc_a-fprintf.o)
                0x08011e98                fprintf
                0x08011e98                fiprintf
 .text.__ascii_wctomb
                0x08011ebc       0x1a /Applications/STM32CubeIDE.app/Contents/Eclipse/plugins/com.st.stm32cube.ide.mcu.externaltools.gnu-tools-for-stm32.13.3.rel1.macos64_1.0.0.202411102158/tools/bin/../lib/gcc/arm-none-eabi/13.3.1/../../../../arm-none-eabi/lib/thumb/v7e-m+fp/hard/libc_nano.a(libc_a-wctomb_r.o)
                0x08011ebc                __ascii_wctomb
 .text.abort    0x08011ed6        0xe /Applications/STM32CubeIDE.app/Contents/Eclipse/plugins/com.st.stm32cube.ide.mcu.externaltools.gnu-tools-for-stm32.13.3.rel1.macos64_1.0.0.202411102158/tools/bin/../lib/gcc/arm-none-eabi/13.3.1/../../../../arm-none-eabi/lib/thumb/v7e-m+fp/hard/libc_nano.a(libc_a-abort.o)
                0x08011ed6                abort
 .text.__sfputc_r
                0x08011ee4       0x2e /Applications/STM32CubeIDE.app/Contents/Eclipse/plugins/com.st.stm32cube.ide.mcu.externaltools.gnu-tools-for-stm32.13.3.rel1.macos64_1.0.0.202411102158/tools/bin/../lib/gcc/arm-none-eabi/13.3.1/../../../../arm-none-eabi/lib/thumb/v7e-m+fp/hard/libc_nano.a(libc_a-nano-vfprintf.o)
 .text.__sfputs_r
                0x08011f12       0x24 /Applications/STM32CubeIDE.app/Contents/Eclipse/plugins/com.st.stm32cube.ide.mcu.externaltools.gnu-tools-for-stm32.13.3.rel1.macos64_1.0.0.202411102158/tools/bin/../lib/gcc/arm-none-eabi/13.3.1/../../../../arm-none-eabi/lib/thumb/v7e-m+fp/hard/libc_nano.a(libc_a-nano-vfprintf.o)
                0x08011f12                __sfputs_r
 *fill*         0x08011f36        0x2 
 .text._vfprintf_r
                0x08011f38      0x230 /Applications/STM32CubeIDE.app/Contents/Eclipse/plugins/com.st.stm32cube.ide.mcu.externaltools.gnu-tools-for-stm32.13.3.rel1.macos64_1.0.0.202411102158/tools/bin/../lib/gcc/arm-none-eabi/13.3.1/../../../../arm-none-eabi/lib/thumb/v7e-m+fp/hard/libc_nano.a(libc_a-nano-vfprintf.o)
                0x08011f38                _vfiprintf_r
                0x08011f38                _vfprintf_r
 .text.__swbuf_r
                0x08012168       0x7c /Applications/STM32CubeIDE.app/Contents/Eclipse/plugins/com.st.stm32cube.ide.mcu.externaltools.gnu-tools-for-stm32.13.3.rel1.macos64_1.0.0.202411102158/tools/bin/../lib/gcc/arm-none-eabi/13.3.1/../../../../arm-none-eabi/lib/thumb/v7e-m+fp/hard/libc_nano.a(libc_a-wbuf.o)
                0x08012168                __swbuf_r
 .text.__swsetup_r
                0x080121e4       0xac /Applications/STM32CubeIDE.app/Contents/Eclipse/plugins/com.st.stm32cube.ide.mcu.externaltools.gnu-tools-for-stm32.13.3.rel1.macos64_1.0.0.202411102158/tools/bin/../lib/gcc/arm-none-eabi/13.3.1/../../../../arm-none-eabi/lib/thumb/v7e-m+fp/hard/libc_nano.a(libc_a-wsetup.o)
                0x080121e4                __swsetup_r
 .text.__swhatbuf_r
                0x08012290       0x4c /Applications/STM32CubeIDE.app/Contents/Eclipse/plugins/com.st.stm32cube.ide.mcu.externaltools.gnu-tools-for-stm32.13.3.rel1.macos64_1.0.0.202411102158/tools/bin/../lib/gcc/arm-none-eabi/13.3.1/../../../../arm-none-eabi/lib/thumb/v7e-m+fp/hard/libc_nano.a(libc_a-makebuf.o)
                0x08012290                __swhatbuf_r
 .text.__smakebuf_r
                0x080122dc       0x78 /Applications/STM32CubeIDE.app/Contents/Eclipse/plugins/com.st.stm32cube.ide.mcu.externaltools.gnu-tools-for-stm32.13.3.rel1.macos64_1.0.0.202411102158/tools/bin/../lib/gcc/arm-none-eabi/13.3.1/../../../../arm-none-eabi/lib/thumb/v7e-m+fp/hard/libc_nano.a(libc_a-makebuf.o)
                0x080122dc                __smakebuf_r
 .text._raise_r
                0x08012354       0x50 /Applications/STM32CubeIDE.app/Contents/Eclipse/plugins/com.st.stm32cube.ide.mcu.externaltools.gnu-tools-for-stm32.13.3.rel1.macos64_1.0.0.202411102158/tools/bin/../lib/gcc/arm-none-eabi/13.3.1/../../../../arm-none-eabi/lib/thumb/v7e-m+fp/hard/libc_nano.a(libc_a-signal.o)
                0x08012354                _raise_r
 .text.raise    0x080123a4       0x10 /Applications/STM32CubeIDE.app/Contents/Eclipse/plugins/com.st.stm32cube.ide.mcu.externaltools.gnu-tools-for-stm32.13.3.rel1.macos64_1.0.0.202411102158/tools/bin/../lib/gcc/arm-none-eabi/13.3.1/../../../../arm-none-eabi/lib/thumb/v7e-m+fp/hard/libc_nano.a(libc_a-signal.o)
                0x080123a4                raise
 .text._isatty_r
                0x080123b4       0x20 /Applications/STM32CubeIDE.app/Contents/Eclipse/plugins/com.st.stm32cube.ide.mcu.externaltools.gnu-tools-for-stm32.13.3.rel1.macos64_1.0.0.202411102158/tools/bin/../lib/gcc/arm-none-eabi/13.3.1/../../../../arm-none-eabi/lib/thumb/v7e-m+fp/hard/libc_nano.a(libc_a-isattyr.o)
                0x080123b4                _isatty_r
 .text._kill_r  0x080123d4       0x24 /Applications/STM32CubeIDE.app/Contents/Eclipse/plugins/com.st.stm32cube.ide.mcu.externaltools.gnu-tools-for-stm32.13.3.rel1.macos64_1.0.0.202411102158/tools/bin/../lib/gcc/arm-none-eabi/13.3.1/../../../../arm-none-eabi/lib/thumb/v7e-m+fp/hard/libc_nano.a(libc_a-signalr.o)
                0x080123d4                _kill_r
 .text._getpid_r
                0x080123f8        0x4 /Applications/STM32CubeIDE.app/Contents/Eclipse/plugins/com.st.stm32cube.ide.mcu.externaltools.gnu-tools-for-stm32.13.3.rel1.macos64_1.0.0.202411102158/tools/bin/../lib/gcc/arm-none-eabi/13.3.1/../../../../arm-none-eabi/lib/thumb/v7e-m+fp/hard/libc_nano.a(libc_a-signalr.o)
                0x080123f8                _getpid_r
 .text._fstat_r
                0x080123fc       0x24 /Applications/STM32CubeIDE.app/Contents/Eclipse/plugins/com.st.stm32cube.ide.mcu.externaltools.gnu-tools-for-stm32.13.3.rel1.macos64_1.0.0.202411102158/tools/bin/../lib/gcc/arm-none-eabi/13.3.1/../../../../arm-none-eabi/lib/thumb/v7e-m+fp/hard/libc_nano.a(libc_a-fstatr.o)
                0x080123fc                _fstat_r
 .text.asinf    0x08012420       0x58 /Applications/STM32CubeIDE.app/Contents/Eclipse/plugins/com.st.stm32cube.ide.mcu.externaltools.gnu-tools-for-stm32.13.3.rel1.macos64_1.0.0.202411102158/tools/bin/../lib/gcc/arm-none-eabi/13.3.1/../../../../arm-none-eabi/lib/thumb/v7e-m+fp/hard/libm.a(libm_a-wf_asin.o)
                0x08012420                asinf
 .text.atan2f   0x08012478        0x4 /Applications/STM32CubeIDE.app/Contents/Eclipse/plugins/com.st.stm32cube.ide.mcu.externaltools.gnu-tools-for-stm32.13.3.rel1.macos64_1.0.0.202411102158/tools/bin/../lib/gcc/arm-none-eabi/13.3.1/../../../../arm-none-eabi/lib/thumb/v7e-m+fp/hard/libm.a(libm_a-wf_atan2.o)
                0x08012478                atan2f
 .text.sqrtf    0x0801247c       0x3c /Applications/STM32CubeIDE.app/Contents/Eclipse/plugins/com.st.stm32cube.ide.mcu.externaltools.gnu-tools-for-stm32.13.3.rel1.macos64_1.0.0.202411102158/tools/bin/../lib/gcc/arm-none-eabi/13.3.1/../../../../arm-none-eabi/lib/thumb/v7e-m+fp/hard/libm.a(libm_a-wf_sqrt.o)
                0x0801247c                sqrtf