Archive member included to satisfy reference by file (symbol)

/Applications/STM32CubeIDE.app/Contents/Eclipse/plugins/com.st.stm32cube.ide.mcu.externaltools.gnu-tools-for-stm32.13.3.rel1.macos64_1.0.0.202411102158/tools/bin/../lib/gcc/arm-none-eabi/13.3.1/../../../../arm-none-eabi/lib/thumb/v7e-m+fp/hard/libc_nano.a(libc_a-exit.o)
                              /Applications/STM32CubeIDE.app/Contents/Eclipse/plugins/com.st.stm32cube.ide.mcu.externaltools.gnu-tools-for-stm32.13.3.rel1.macos64_1.0.0.202411102158/tools/bin/../lib/gcc/arm-none-eabi/13.3.1/../../../../arm-none-eabi/lib/thumb/v7e-m+fp/hard/crt0.o (exit)
/Applications/STM32CubeIDE.app/Contents/Eclipse/plugins/com.st.stm32cube.ide.mcu.externaltools.gnu-tools-for-stm32.13.3.rel1.macos64_1.0.0.202411102158/tools/bin/../lib/gcc/arm-none-eabi/13.3.1/../../../../arm-none-eabi/lib/thumb/v7e-m+fp/hard/libc_nano.a(libc_a-nano-vfprintf_float.o)
                              (_printf_float)
/Applications/STM32CubeIDE.app/Contents/Eclipse/plugins/com.st.stm32cube.ide.mcu.externaltools.gnu-tools-for-stm32.13.3.rel1.macos64_1.0.0.202411102158/tools/bin/../lib/gcc/arm-none-eabi/13.3.1/../../../../arm-none-eabi/lib/thumb/v7e-m+fp/hard/libc_nano.a(libc_a-nano-vfprintf_i.o)
                              /Applications/STM32CubeIDE.app/Contents/Eclipse/plugins/com.st.stm32cube.ide.mcu.externaltools.gnu-tools-for-stm32.13.3.rel1.macos64_1.0.0.202411102158/tools/bin/../lib/gcc/arm-none-eabi/13.3.1/../../../../arm-none-eabi/lib/thumb/v7e-m+fp/hard/libc_nano.a(libc_a-nano-vfprintf_float.o) (_printf_common)
/Applications/STM32CubeIDE.app/Contents/Eclipse/plugins/com.st.stm32cube.ide.mcu.externaltools.gnu-tools-for-stm32.13.3.rel1.macos64_1.0.0.202411102158/tools/bin/../lib/gcc/arm-none-eabi/13.3.1/../../../../arm-none-eabi/lib/thumb/v7e-m+fp/hard/libc_nano.a(libc_a-snprintf.o)
                              ./Core/Src/main.o (snprintf)
/Applications/STM32CubeIDE.app/Contents/Eclipse/plugins/com.st.stm32cube.ide.mcu.externaltools.gnu-tools-for-stm32.13.3.rel1.macos64_1.0.0.202411102158/tools/bin/../lib/gcc/arm-none-eabi/13.3.1/../../../../arm-none-eabi/lib/thumb/v7e-m+fp/hard/libc_nano.a(libc_a-findfp.o)
                              /Applications/STM32CubeIDE.app/Contents/Eclipse/plugins/com.st.stm32cube.ide.mcu.externaltools.gnu-tools-for-stm32.13.3.rel1.macos64_1.0.0.202411102158/tools/bin/../lib/gcc/arm-none-eabi/13.3.1/../../../../arm-none-eabi/lib/thumb/v7e-m+fp/hard/libc_nano.a(libc_a-exit.o) (__stdio_exit_handler)
/Applications/STM32CubeIDE.app/Contents/Eclipse/plugins/com.st.stm32cube.ide.mcu.externaltools.gnu-tools-for-stm32.13.3.rel1.macos64_1.0.0.202411102158/tools/bin/../lib/gcc/arm-none-eabi/13.3.1/../../../../arm-none-eabi/lib/thumb/v7e-m+fp/hard/libc_nano.a(libc_a-fwalk.o)
                              /Applications/STM32CubeIDE.app/Contents/Eclipse/plugins/com.st.stm32cube.ide.mcu.externaltools.gnu-tools-for-stm32.13.3.rel1.macos64_1.0.0.202411102158/tools/bin/../lib/gcc/arm-none-eabi/13.3.1/../../../../arm-none-eabi/lib/thumb/v7e-m+fp/hard/libc_nano.a(libc_a-findfp.o) (_fwalk_sglue)
/Applications/STM32CubeIDE.app/Contents/Eclipse/plugins/com.st.stm32cube.ide.mcu.externaltools.gnu-tools-for-stm32.13.3.rel1.macos64_1.0.0.202411102158/tools/bin/../lib/gcc/arm-none-eabi/13.3.1/../../../../arm-none-eabi/lib/thumb/v7e-m+fp/hard/libc_nano.a(libc_a-memset.o)
                              /Applications/STM32CubeIDE.app/Contents/Eclipse/plugins/com.st.stm32cube.ide.mcu.externaltools.gnu-tools-for-stm32.13.3.rel1.macos64_1.0.0.202411102158/tools/bin/../lib/gcc/arm-none-eabi/13.3.1/../../../../arm-none-eabi/lib/thumb/v7e-m+fp/hard/crt0.o (memset)
/Applications/STM32CubeIDE.app/Contents/Eclipse/plugins/com.st.stm32cube.ide.mcu.externaltools.gnu-tools-for-stm32.13.3.rel1.macos64_1.0.0.202411102158/tools/bin/../lib/gcc/arm-none-eabi/13.3.1/../../../../arm-none-eabi/lib/thumb/v7e-m+fp/hard/libc_nano.a(libc_a-errno.o)
                              ./Core/Src/syscalls.o (__errno)
/Applications/STM32CubeIDE.app/Contents/Eclipse/plugins/com.st.stm32cube.ide.mcu.externaltools.gnu-tools-for-stm32.13.3.rel1.macos64_1.0.0.202411102158/tools/bin/../lib/gcc/arm-none-eabi/13.3.1/../../../../arm-none-eabi/lib/thumb/v7e-m+fp/hard/libc_nano.a(libc_a-init.o)
                              /Applications/STM32CubeIDE.app/Contents/Eclipse/plugins/com.st.stm32cube.ide.mcu.externaltools.gnu-tools-for-stm32.13.3.rel1.macos64_1.0.0.202411102158/tools/bin/../lib/gcc/arm-none-eabi/13.3.1/../../../../arm-none-eabi/lib/thumb/v7e-m+fp/hard/crt0.o (__libc_init_array)
/Applications/STM32CubeIDE.app/Contents/Eclipse/plugins/com.st.stm32cube.ide.mcu.externaltools.gnu-tools-for-stm32.13.3.rel1.macos64_1.0.0.202411102158/tools/bin/../lib/gcc/arm-none-eabi/13.3.1/../../../../arm-none-eabi/lib/thumb/v7e-m+fp/hard/libc_nano.a(libc_a-lock.o)
[...]
Memory Configuration

Name             Origin             Length             Attributes
CCMRAM           0x10000000         0x00010000         xrw
RAM              0x20000000         0x00020000         xrw
FLASH            0x08000000         0x00100000         xr
*default*        0x00000000         0xffffffff

Linker script and memory map

LOAD /Applications/STM32CubeIDE.app/Contents/Eclipse/plugins/com.st.stm32cube.ide.mcu.externaltools.gnu-tools-for-stm32.13.3.rel1.macos64_1.0.0.202411102158/tools/bin/../lib/gcc/arm-none-eabi/13.3.1/thumb/v7e-m+fp/hard/crti.o
LOAD /Applications/STM32CubeIDE.app/Contents/Eclipse/plugins/com.st.stm32cube.ide.mcu.externaltools.gnu-tools-for-stm32.13.3.rel1.macos64_1.0.0.202411102158/tools/bin/../lib/gcc/arm-none-eabi/13.3.1/thumb/v7e-m+fp/hard/crtbegin.o
LOAD /Applications/STM32CubeIDE.app/Contents/Eclipse/plugins/com.st.stm32cube.ide.mcu.externaltools.gnu-tools-for-stm32.13.3.rel1.macos64_1.0.0.202411102158/tools/bin/../lib/gcc/arm-none-eabi/13.3.1/../../../../arm-none-eabi/lib/thumb/v7e-m+fp/hard/crt0.o
LOAD ./Core/Src/BMI088.o
LOAD ./Core/Src/BMM150.o
LOAD ./Core/Src/BMP390.o
LOAD ./Core/Src/Kalman.o
LOAD ./Core/Src/LSM6DSLTR.o
LOAD ./Core/Src/RocketModel.o
LOAD ./Core/Src/main.o
LOAD ./Core/Src/stm32f4xx_hal_msp.o
LOAD ./Core/Src/stm32f4xx_it.o
LOAD ./Core/Src/syscalls.o
LOAD ./Core/Src/sysmem.o
LOAD ./Core/Src/system_stm32f4xx.o
LOAD ./Core/Startup/startup_stm32f405rgtx.o
LOAD ./Drivers/STM32F4xx_HAL_Driver/Src/stm32f4xx_hal.o
LOAD ./Drivers/STM32F4xx_HAL_Driver/Src/stm32f4xx_hal_cortex.o
LOAD ./Drivers/STM32F4xx_HAL_Driver/Src/stm32f4xx_hal_dma.o
LOAD ./Drivers/STM32F4xx_HAL_Driver/Src/stm32f4xx_hal_dma_ex.o
LOAD ./Drivers/STM32F4xx_HAL_Driver/Src/stm32f4xx_hal_exti.o
LOAD ./Drivers/STM32F4xx_HAL_Driver/Src/stm32f4xx_hal_flash.o
LOAD ./Drivers/STM32F4xx_HAL_Driver/Src/stm32f4xx_hal_flash_ex.o
LOAD ./Drivers/STM32F4xx_HAL_Driver/Src/stm32f4xx_hal_flash_ramfunc.o
LOAD ./Drivers/STM32F4xx_HAL_Driver/Src/stm32f4xx_hal_gpio.o
LOAD ./Drivers/STM32F4xx_HAL_Driver/Src/stm32f4xx_hal_i2c.o
LOAD ./Drivers/STM32F4xx_HAL_Driver/Src/stm32f4xx_hal_i2c_ex.o
LOAD ./Drivers/STM32F4xx_HAL_Driver/Src/stm32f4xx_hal_pcd.o
LOAD ./Drivers/STM32F4xx_HAL_Driver/Src/stm32f4xx_hal_pcd_ex.o
LOAD ./Drivers/STM32F4xx_HAL_Driver/Src/stm32f4xx_hal_pwr.o
LOAD ./Drivers/STM32F4xx_HAL_Driver/Src/stm32f4xx_hal_pwr_ex.o
LOAD ./Drivers/STM32F4xx_HAL_Driver/Src/stm32f4xx_hal_rcc.o
LOAD ./Drivers/STM32F4xx_HAL_Driver/Src/stm32f4xx_hal_rcc_ex.o
LOAD ./Drivers/STM32F4xx_HAL_Driver/Src/stm32f4xx_hal_rtc.o
LOAD ./Drivers/STM32F4xx_HAL_Driver/Src/stm32f4xx_hal_rtc_ex.o
LOAD ./Drivers/STM32F4xx_HAL_Driver/Src/stm32f4xx_hal_spi.o
LOAD ./Drivers/STM32F4xx_HAL_Driver/Src/stm32f4xx_hal_uart.o
LOAD ./Drivers/STM32F4xx_HAL_Driver/Src/stm32f4xx_ll_usb.o
LOAD ./Middlewares/ST/STM32_USB_Device_Library/Class/CDC/Src/usbd_cdc.o
LOAD ./Middlewares/ST/STM32_USB_Device_Library/Core/Src/usbd_core.o
LOAD ./Middlewares/ST/STM32_USB_Device_Library/Core/Src/usbd_ctlreq.o
LOAD ./Middlewares/ST/STM32_USB_Device_Library/Core/Src/usbd_ioreq.o
LOAD ./USB_DEVICE/App/usb_device.o
LOAD ./USB_DEVICE/App/usbd_cdc_if.o
LOAD ./USB_DEVICE/App/usbd_desc.o
LOAD ./USB_DEVICE/Target/usbd_conf.o
START GROUP
LOAD /Applications/STM32CubeIDE.app/Contents/Eclipse/plugins/com.st.stm32cube.ide.mcu.externaltools.gnu-tools-for-stm32.13.3.rel1.macos64_1.0.0.202411102158/tools/bin/../lib/gcc/arm-none-eabi/13.3.1/../../../../arm-none-eabi/lib/thumb/v7e-m+fp/hard/libc_nano.a
LOAD /Applications/STM32CubeIDE.app/Contents/Eclipse/plugins/com.st.stm32cube.ide.mcu.externaltools.gnu-tools-for-stm32.13.3.rel1.macos64_1.0.0.202411102158/tools/bin/../lib/gcc/arm-none-eabi/13.3.1/../../../../arm-none-eabi/lib/thumb/v7e-m+fp/hard/libm.a
END GROUP
START GROUP
LOAD /Applications/STM32CubeIDE.app/Contents/Eclipse/plugins/com.st.stm32cube.ide.mcu.externaltools.gnu-tools-for-stm32.13.3.rel1.macos64_1.0.0.202411102158/tools/bin/../lib/gcc/arm-none-eabi/13.3.1/thumb/v7e-m+fp/hard/libgcc.a
LOAD /Applications/STM32CubeIDE.app/Contents/Eclipse/plugins/com.st.stm32cube.ide.mcu.externaltools.gnu-tools-for-stm32.13.3.rel1.macos64_1.0.0.202411102158/tools/bin/../lib/gcc/arm-none-eabi/13.3.1/../../../../arm-none-eabi/lib/thumb/v7e-m+fp/hard/libc_nano.a
END GROUP
START GROUP
LOAD /Applications/STM32CubeIDE.app/Contents/Eclipse/plugins/com.st.stm32cube.ide.mcu.externaltools.gnu-tools-for-stm32.13.3.rel1.macos64_1.0.0.202411102158/tools/bin/../lib/gcc/arm-none-eabi/13.3.1/thumb/v7e-m+fp/hard/libgcc.a
LOAD /Applications/STM32CubeIDE.app/Contents/Eclipse/plugins/com.st.stm32cube.ide.mcu.externaltools.gnu-tools-for-stm32.13.3.rel1.macos64_1.0.0.202411102158/tools/bin/../lib/gcc/arm-none-eabi/13.3.1/../../../../arm-none-eabi/lib/thumb/v7e-m+fp/hard/libc_nano.a
LOAD /Applications/STM32CubeIDE.app/Contents/Eclipse/plugins/com.st.stm32cube.ide.mcu.externaltools.gnu-tools-for-stm32.13.3.rel1.macos64_1.0.0.202411102158/tools/bin/../lib/gcc/arm-none-eabi/13.3.1/../../../../arm-none-eabi/lib/thumb/v7e-m+fp/hard/libnosys.a
END GROUP
START GROUP
LOAD /Applications/STM32CubeIDE.app/Contents/Eclipse/plugins/com.st.stm32cube.ide.mcu.externaltools.gnu-tools-for-stm32.13.3.rel1.macos64_1.0.0.202411102158/tools/bin/../lib/gcc/arm-none-eabi/13.3.1/thumb/v7e-m+fp/hard/libgcc.a
LOAD /Applications/STM32CubeIDE.app/Contents/Eclipse/plugins/com.st.stm32cube.ide.mcu.externaltools.gnu-tools-for-stm32.13.3.rel1.macos64_1.0.0.202411102158/tools/bin/../lib/gcc/arm-none-eabi/13.3.1/../../../../arm-none-eabi/lib/thumb/v7e-m+fp/hard/libc_nano.a
LOAD /Applications/STM32CubeIDE.app/Contents/Eclipse/plugins/com.st.stm32cube.ide.mcu.externaltools.gnu-tools-for-stm32.13.3.rel1.macos64_1.0.0.202411102158/tools/bin/../lib/gcc/arm-none-eabi/13.3.1/../../../../arm-none-eabi/lib/thumb/v7e-m+fp/hard/libnosys.a
END GROUP
LOAD /Applications/STM32CubeIDE.app/Contents/Eclipse/plugins/com.st.stm32cube.ide.mcu.externaltools.gnu-tools-for-stm32.13.3.rel1.macos64_1.0.0.202411102158/tools/bin/../lib/gcc/arm-none-eabi/13.3.1/thumb/v7e-m+fp/hard/crtend.o
LOAD /Applications/STM32CubeIDE.app/Contents/Eclipse/plugins/com.st.stm32cube.ide.mcu.externaltools.gnu-tools-for-stm32.13.3.rel1.macos64_1.0.0.202411102158/tools/bin/../lib/gcc/arm-none-eabi/13.3.1/thumb/v7e-m+fp/hard/crtn.o
                0x20020000                        _estack = (ORIGIN (RAM) + LENGTH (RAM))
                0x00000200                        _Min_Heap_Size = 0x200
                0x00000400                        _Min_Stack_Size = 0x400

.isr_vector     0x08000000      0x188
                0x08000000                        . = ALIGN (0x4)
 *(.isr_vector)
 .isr_vector    0x08000000      0x188 ./Core/Startup/startup_stm32f405rgtx.o
                0x08000000                g_pfnVectors
                0x08000188                        . = ALIGN (0x4)

.text           0x08000190    0x12484
                0x08000190                        . = ALIGN (0x4)
 *(.text)
 .text          0x08000190       0x40 /Applications/STM32CubeIDE.app/Contents/Eclipse/plugins/com.st.stm32cube.ide.mcu.externaltools.gnu-tools-for-stm32.13.3.rel1.macos64_1.0.0.202411102158/tools/bin/../lib/gcc/arm-none-eabi/13.3.1/thumb/v7e-m+fp/hard/crtbegin.o
 .text          0x080001d0       0xa0 /Applications/STM32CubeIDE.app/Contents/Eclipse/plugins/com.st.stm32cube.ide.mcu.externaltools.gnu-tools-for-stm32.13.3.rel1.macos64_1.0.0.202411102158/tools/bin/../lib/gcc/arm-none-eabi/13.3.1/../../../../arm-none-eabi/lib/thumb/v7e-m+fp/hard/libc_nano.a(libc_a-memchr.o)
                0x080001d0                memchr
 .text          0x08000270       0x10 /Applications/STM32CubeIDE.app/Contents/Eclipse/plugins/com.st.stm32cube.ide.mcu.externaltools.gnu-tools-for-stm32.13.3.rel1.macos64_1.0.0.202411102158/tools/bin/../lib/gcc/arm-none-eabi/13.3.1/../../../../arm-none-eabi/lib/thumb/v7e-m+fp/hard/libc_nano.a(libc_a-strlen.o)
                0x08000270                strlen
 .text          0x08000280      0x378 /Applications/STM32CubeIDE.app/Contents/Eclipse/plugins/com.st.stm32cube.ide.mcu.externaltools.gnu-tools-for-stm32.13.3.rel1.macos64_1.0.0.202411102158/tools/bin/../lib/gcc/arm-none-eabi/13.3.1/thumb/v7e-m+fp/hard/libgcc.a(_arm_addsubdf3.o)
                0x08000280                __aeabi_drsub
                0x08000288                __subdf3
                0x08000288                __aeabi_dsub
                0x0800028c                __aeabi_dadd
                0x0800028c                __adddf3
                0x08000504                __aeabi_ui2d
                0x08000504                __floatunsidf
                0x08000524                __floatsidf
                0x08000524                __aeabi_i2d
                0x08000548                __extendsfdf2
                0x08000548                __aeabi_f2d
                0x0800058c                __aeabi_ul2d
                0x0800058c                __floatundidf
                0x0800059c                __aeabi_l2d
                0x0800059c                __floatdidf
 .text          0x080005f8      0x424 /Applications/STM32CubeIDE.app/Contents/Eclipse/plugins/com.st.stm32cube.ide.mcu.externaltools.gnu-tools-for-stm32.13.3.rel1.macos64_1.0.0.202411102158/tools/bin/../lib/gcc/arm-none-eabi/13.3.1/thumb/v7e-m+fp/hard/libgcc.a(_arm_muldivdf3.o)
                0x080005f8                __aeabi_dmul
                0x080005f8                __muldf3
                0x0800084c                __aeabi_ddiv
                0x0800084c                __divdf3
 .text          0x08000a1c      0x110 /Applications/STM32CubeIDE.app/Contents/Eclipse/plugins/com.st.stm32cube.ide.mcu.externaltools.gnu-tools-for-stm32.13.3.rel1.macos64_1.0.0.202411102158/tools/bin/../lib/gcc/arm-none-eabi/13.3.1/thumb/v7e-m+fp/hard/libgcc.a(_arm_cmpdf2.o)
                0x08000a1c                __gedf2
                0x08000a1c                __gtdf2
                0x08000a24                __ledf2
                0x08000a24                __ltdf2
                0x08000a2c                __cmpdf2
                0x08000a2c                __eqdf2
                0x08000a2c                __nedf2
                0x08000aa8                __aeabi_cdrcmple
                0x08000ab8                __aeabi_cdcmple
                0x08000ab8                __aeabi_cdcmpeq
                0x08000ac8                __aeabi_dcmpeq
                0x08000adc                __aeabi_dcmplt
                0x08000af0                __aeabi_dcmple
                0x08000b04                __aeabi_dcmpge
                0x08000b18                __aeabi_dcmpgt
 .text          0x08000b2c       0x2c /Applications/STM32CubeIDE.app/Contents/Eclipse/plugins/com.st.stm32cube.ide.mcu.externaltools.gnu-tools-for-stm32.13.3.rel1.macos64_1.0.0.202411102158/tools/bin/../lib/gcc/arm-none-eabi/13.3.1/thumb/v7e-m+fp/hard/libgcc.a(_arm_unorddf2.o)
                0x08000b2c                __aeabi_dcmpun
                0x08000b2c                __unorddf2
 .text          0x08000b58       0x50 /Applications/STM32CubeIDE.app/Contents/Eclipse/plugins/com.st.stm32cube.ide.mcu.externaltools.gnu-tools-for-stm32.13.3.rel1.macos64_1.0.0.202411102158/tools/bin/../lib/gcc/arm-none-eabi/13.3.1/thumb/v7e-m+fp/hard/libgcc.a(_arm_fixdfsi.o)
                0x08000b58                __fixdfsi
                0x08000b58                __aeabi_d2iz
 .text          0x08000ba8       0x30 /Applications/STM32CubeIDE.app/Contents/Eclipse/plugins/com.st.stm32cube.ide.mcu.externaltools.gnu-tools-for-stm32.13.3.rel1.macos64_1.0.0.202411102158/tools/bin/../lib/gcc/arm-none-eabi/13.3.1/thumb/v7e-m+fp/hard/libgcc.a(_aeabi_uldivmod.o)
                0x08000ba8                __aeabi_uldivmod
 .text          0x08000bd8      0x2f8 /Applications/STM32CubeIDE.app/Contents/Eclipse/plugins/com.st.stm32cube.ide.mcu.externaltools.gnu-tools-for-stm32.13.3.rel1.macos64_1.0.0.202411102158/tools/bin/../lib/gcc/arm-none-eabi/13.3.1/thumb/v7e-m+fp/hard/libgcc.a(_udivmoddi4.o)
                0x08000bd8                __udivmoddi4
 .text          0x08000ed0        0x4 /Applications/STM32CubeIDE.app/Contents/Eclipse/plugins/com.st.stm32cube.ide.mcu.externaltools.gnu-tools-for-stm32.13.3.rel1.macos64_1.0.0.202411102158/tools/bin/../lib/gcc/arm-none-eabi/13.3.1/thumb/v7e-m+fp/hard/libgcc.a(_dvmd_tls.o)
                0x08000ed0                __aeabi_ldiv0
                0x08000ed0                __aeabi_idiv0
 *(.text*)
 .text.BMI088_Init
                0x08000ed4      0x364 ./Core/Src/BMI088.o
                0x08000ed4                BMI088_Init
 .text.BMI088_ReadAcceleration
                0x08001238       0xc4 ./Core/Src/BMI088.o
                0x08001238                BMI088_ReadAcceleration
 .text.BMI088_ReadAngularRate
                0x080012fc       0xdc ./Core/Src/BMI088.o
                0x080012fc                BMI088_ReadAngularRate
 .text.BMI088_ReadRegister
                0x080013d8       0xbe ./Core/Src/BMI088.o
                0x080013d8                BMI088_ReadRegister
 .text.BMI088_ReadRegisters
                0x08001496       0xc4 ./Core/Src/BMI088.o
                0x08001496                BMI088_ReadRegisters
 .text.BMI088_WriteRegister
                0x0800155a       0x82 ./Core/Src/BMI088.o
                0x0800155a                BMI088_WriteRegister
 .text.BMM150_Init
                0x080015dc       0xdc ./Core/Src/BMM150.o
                0x080015dc                BMM150_Init
 .text.BMM150_ReadMagneticField
                0x080016b8       0xc8 ./Core/Src/BMM150.o
                0x080016b8                BMM150_ReadMagneticField
 .text.BMM150_ReadRegister
                0x08001780       0x36 ./Core/Src/BMM150.o
                0x08001780                BMM150_ReadRegister
 .text.BMM150_ReadRegisters
                0x080017b6       0x3e ./Core/Src/BMM150.o
                0x080017b6                BMM150_ReadRegisters
 .text.BMM150_WriteRegister
                0x080017f4       0x36 ./Core/Src/BMM150.o
                0x080017f4                BMM150_WriteRegister
 *fill*         0x0800182a        0x2 
 .text.BMP390_Init
                0x0800182c      0x170 ./Core/Src/BMP390.o
                0x0800182c                BMP390_Init
 .text.BMP390_ReadPressure
                0x0800199c       0x5a ./Core/Src/BMP390.o
                0x0800199c                BMP390_ReadPressure
 .text.BMP390_CompensateTemperature
                0x080019f6       0x6a ./Core/Src/BMP390.o
                0x080019f6                BMP390_CompensateTemperature
 .text.BMP390_CompensatePressure
                0x08001a60      0x1b8 ./Core/Src/BMP390.o
                0x08001a60                BMP390_CompensatePressure
 .text.BMP390_ReadCalibrationData
                0x08001c18      0x258 ./Core/Src/BMP390.o
                0x08001c18                BMP390_ReadCalibrationData
 .text.BMP390_ReadRegister
                0x08001e70       0x9c ./Core/Src/BMP390.o
                0x08001e70                BMP390_ReadRegister
 .text.BMP390_ReadRegisters
                0x08001f0c       0xa4 ./Core/Src/BMP390.o
                0x08001f0c                BMP390_ReadRegisters
 .text.BMP390_WriteRegister
                0x08001fb0       0x5e ./Core/Src/BMP390.o
                0x08001fb0                BMP390_WriteRegister
 .text.mat_zero
                0x0800200e       0x28 ./Core/Src/Kalman.o
 .text.mat_eye  0x08002036       0x4a ./Core/Src/Kalman.o
 .text.mat_mul  0x08002080       0xb0 ./Core/Src/Kalman.o
 .text.mat_mul_bt
                0x08002130       0xb0 ./Core/Src/Kalman.o
 .text.mat_scal
                0x080021e0       0x50 ./Core/Src/Kalman.o
 .text.mat_sym  0x08002230       0xaa ./Core/Src/Kalman.o
 *fill*         0x080022da        0x2 
 .text.inv3x3   0x080022dc      0x2a0 ./Core/Src/Kalman.o
 .text.Kalman_Init
                0x0800257c       0xda ./Core/Src/Kalman.o
                0x0800257c                Kalman_Init
 *fill*         0x08002656        0x2 
 .text.Kalman_Predict
                0x08002658      0x8a8 ./Core/Src/Kalman.o
                0x08002658                Kalman_Predict
 .text.ekf_update
                0x08002f00      0x6a4 ./Core/Src/Kalman.o
 .text.Kalman_UpdateAccel
                0x080035a4      0x308 ./Core/Src/Kalman.o
                0x080035a4                Kalman_UpdateAccel
 .text.Kalman_UpdateZUPT
                0x080038ac       0x80 ./Core/Src/Kalman.o
                0x080038ac                Kalman_UpdateZUPT
 .text.LSM6DSLTR_Init
                0x0800392c      0x136 ./Core/Src/LSM6DSLTR.o
                0x0800392c                LSM6DSLTR_Init
 .text.LSM6DSLTR_ReadRegister
                0x08003a62       0x36 ./Core/Src/LSM6DSLTR.o
                0x08003a62                LSM6DSLTR_ReadRegister
 .text.LSM6DSLTR_WriteRegister
                0x08003a98       0x36 ./Core/Src/LSM6DSLTR.o
                0x08003a98                LSM6DSLTR_WriteRegister
 *fill*         0x08003ace        0x2 
 .text.RocketModel_DefaultParams
                0x08003ad0       0xf8 ./Core/Src/RocketModel.o
                0x08003ad0                RocketModel_DefaultParams
 .text.RocketModel_Init
                0x08003bc8       0x40 ./Core/Src/RocketModel.o
                0x08003bc8                RocketModel_Init
 .text.aero_forces
                0x08003c08      0x238 ./Core/Src/RocketModel.o
 .text.aero_moments
                0x08003e40      0x2f8 ./Core/Src/RocketModel.o
 .text.RocketModel_Deriv
                0x08004138      0x428 ./Core/Src/RocketModel.o
                0x08004138                RocketModel_Deriv
 .text.RocketModel_Step
                0x08004560       0x86 ./Core/Src/RocketModel.o
                0x08004560                RocketModel_Step
 *fill*         0x080045e6        0x2 
 .text.phi_from_mag
                0x080045e8      0x14c ./Core/Src/main.o
 .text.main     0x08004734      0x98c ./Core/Src/main.o
                0x08004734                main
 .text.SystemClock_Config
                0x080050c0       0xd4 ./Core/Src/main.o
                0x080050c0                SystemClock_Config
 .text.MX_I2C1_Init
                0x08005194       0x5c ./Core/Src/main.o
 .text.MX_I2C2_Init
                0x080051f0       0x5c ./Core/Src/main.o
 .text.MX_RTC_Init
                0x0800524c       0x4c ./Core/Src/main.o
 .text.MX_SPI1_Init
                0x08005298       0x6c ./Core/Src/main.o
 .text.MX_SPI2_Init
                0x08005304       0x6c ./Core/Src/main.o
 .text.MX_USART1_UART_Init
                0x08005370       0x58 ./Core/Src/main.o
 .text.MX_USART2_UART_Init
                0x080053c8       0x54 ./Core/Src/main.o
 .text.MX_GPIO_Init
                0x0800541c      0x1b4 ./Core/Src/main.o
 .text.HAL_GPIO_EXTI_Callback
                0x080055d0       0x74 ./Core/Src/main.o
                0x080055d0                HAL_GPIO_EXTI_Callback
 .text.Error_Handler
                0x08005644        0xc ./Core/Src/main.o
                0x08005644                Error_Handler
 .text.HAL_MspInit
                0x08005650       0x50 ./Core/Src/stm32f4xx_hal_msp.o
                0x08005650                HAL_MspInit
 .text.HAL_I2C_MspInit
                0x080056a0       0xfc ./Core/Src/stm32f4xx_hal_msp.o
                0x080056a0                HAL_I2C_MspInit
 .text.HAL_RTC_MspInit
                0x0800579c       0x58 ./Core/Src/stm32f4xx_hal_msp.o
                0x0800579c                HAL_RTC_MspInit
 .text.HAL_SPI_MspInit
                0x080057f4       0xfc ./Core/Src/stm32f4xx_hal_msp.o
                0x080057f4                HAL_SPI_MspInit
 .text.HAL_UART_MspInit
                0x080058f0      0x138 ./Core/Src/stm32f4xx_hal_msp.o
                0x080058f0                HAL_UART_MspInit
 .text.NMI_Handler
                0x08005a28        0x8 ./Core/Src/stm32f4xx_it.o
                0x08005a28                NMI_Handler
 .text.HardFault_Handler
                0x08005a30        0x8 ./Core/Src/stm32f4xx_it.o
                0x08005a30                HardFault_Handler
 .text.MemManage_Handler
                0x08005a38        0x8 ./Core/Src/stm32f4xx_it.o
                0x08005a38                MemManage_Handler
 .text.BusFault_Handler
                0x08005a40        0x8 ./Core/Src/stm32f4xx_it.o
                0x08005a40                BusFault_Handler
 .text.UsageFault_Handler
                0x08005a48        0x8 ./Core/Src/stm32f4xx_it.o
                0x08005a48                UsageFault_Handler
 .text.SVC_Handler
                0x08005a50        0xe ./Core/Src/stm32f4xx_it.o
                0x08005a50                SVC_Handler
 .text.DebugMon_Handler
                0x08005a5e        0xe ./Core/Src/stm32f4xx_it.o
                0x08005a5e                DebugMon_Handler
 .text.PendSV_Handler
                0x08005a6c        0xe ./Core/Src/stm32f4xx_it.o
                0x08005a6c                PendSV_Handler
 .text.SysTick_Handler
                0x08005a7a        0xc ./Core/Src/stm32f4xx_it.o
                0x08005a7a                SysTick_Handler
 .text.EXTI3_IRQHandler
                0x08005a86        0xe ./Core/Src/stm32f4xx_it.o
                0x08005a86                EXTI3_IRQHandler
 .text.EXTI4_IRQHandler
                0x08005a94        0xe ./Core/Src/stm32f4xx_it.o
                0x08005a94                EXTI4_IRQHandler
 .text.EXTI9_5_IRQHandler
                0x08005aa2        0xe ./Core/Src/stm32f4xx_it.o
                0x08005aa2                EXTI9_5_IRQHandler
 .text.OTG_FS_IRQHandler
                0x08005ab0       0x14 ./Core/Src/stm32f4xx_it.o
                0x08005ab0                OTG_FS_IRQHandler
 .text._getpid  0x08005ac4       0x10 ./Core/Src/syscalls.o
                0x08005ac4                _getpid
 .text._kill    0x08005ad4       0x20 ./Core/Src/syscalls.o
                0x08005ad4                _kill
 .text._exit    0x08005af4       0x16 ./Core/Src/syscalls.o
                0x08005af4                _exit
 .text._read    0x08005b0a       0x3a ./Core/Src/syscalls.o
                0x08005b0a                _read
 .text._write   0x08005b44       0x38 ./Core/Src/syscalls.o
                0x08005b44                _write
 .text._close   0x08005b7c       0x18 ./Core/Src/syscalls.o
                0x08005b7c                _close
 .text._fstat   0x08005b94       0x20 ./Core/Src/syscalls.o
                0x08005b94                _fstat
 .text._isatty  0x08005bb4       0x16 ./Core/Src/syscalls.o
                0x08005bb4                _isatty
 .text._lseek   0x08005bca       0x1a ./Core/Src/syscalls.o
                0x08005bca                _lseek
 .text._sbrk    0x08005be4       0x6c ./Core/Src/sysmem.o
                0x08005be4                _sbrk
 .text.SystemInit
                0x08005c50       0x24 ./Core/Src/system_stm32f4xx.o
                0x08005c50                SystemInit
 .text.Reset_Handler
                0x08005c74       0x50 ./Core/Startup/startup_stm32f405rgtx.o
                0x08005c74                Reset_Handler
 .text.Default_Handler
                0x08005cc4        0x2 ./Core/Startup/startup_stm32f405rgtx.o
                0x08005cc4                DMA1_Stream3_IRQHandler
                0x08005cc4                HASH_RNG_IRQHandler
                0x08005cc4                EXTI2_IRQHandler
                0x08005cc4                TIM8_CC_IRQHandler
                0x08005cc4                TIM1_CC_IRQHandler
                0x08005cc4                DMA2_Stream5_IRQHandler
                0x08005cc4                DMA1_Stream5_IRQHandler
                0x08005cc4                PVD_IRQHandler
                0x08005cc4                SDIO_IRQHandler
                0x08005cc4                TAMP_STAMP_IRQHandler
                0x08005cc4                CAN2_RX1_IRQHandler
                0x08005cc4                TIM8_TRG_COM_TIM14_IRQHandler
                0x08005cc4                TIM1_UP_TIM10_IRQHandler
                0x08005cc4                TIM8_UP_TIM13_IRQHandler
                0x08005cc4                I2C3_ER_IRQHandler
                0x08005cc4                EXTI0_IRQHandler
                0x08005cc4                I2C2_EV_IRQHandler
                0x08005cc4                DMA1_Stream2_IRQHandler
                0x08005cc4                CAN1_RX0_IRQHandler
                0x08005cc4                FPU_IRQHandler
                0x08005cc4                OTG_HS_WKUP_IRQHandler
                0x08005cc4                CAN2_SCE_IRQHandler
                0x08005cc4                DMA2_Stream2_IRQHandler
                0x08005cc4                SPI1_IRQHandler
                0x08005cc4                TIM6_DAC_IRQHandler
                0x08005cc4                TIM1_BRK_TIM9_IRQHandler
                0x08005cc4                CAN2_RX0_IRQHandler
                0x08005cc4                DMA2_Stream3_IRQHandler
                0x08005cc4                USART6_IRQHandler
                0x08005cc4                USART3_IRQHandler
                0x08005cc4                CAN1_RX1_IRQHandler
                0x08005cc4                UART5_IRQHandler
                0x08005cc4                DMA2_Stream0_IRQHandler
                0x08005cc4                TIM4_IRQHandler
                0x08005cc4                I2C1_EV_IRQHandler
                0x08005cc4                DMA1_Stream6_IRQHandler
                0x08005cc4                DMA1_Stream1_IRQHandler
                0x08005cc4                UART4_IRQHandler
                0x08005cc4                TIM3_IRQHandler
                0x08005cc4                RCC_IRQHandler
                0x08005cc4                TIM8_BRK_TIM12_IRQHandler
                0x08005cc4                Default_Handler
                0x08005cc4                EXTI15_10_IRQHandler
                0x08005cc4                ADC_IRQHandler
                0x08005cc4                DMA1_Stream7_IRQHandler
                0x08005cc4                TIM7_IRQHandler
                0x08005cc4                CAN2_TX_IRQHandler
                0x08005cc4                TIM5_IRQHandler
                0x08005cc4                DMA2_Stream7_IRQHandler
                0x08005cc4                I2C3_EV_IRQHandler
                0x08005cc4                RTC_WKUP_IRQHandler
                0x08005cc4                SPI2_IRQHandler
                0x08005cc4                OTG_HS_EP1_IN_IRQHandler
                0x08005cc4                DMA1_Stream0_IRQHandler
                0x08005cc4                CAN1_TX_IRQHandler
                0x08005cc4                FSMC_IRQHandler
                0x08005cc4                OTG_HS_EP1_OUT_IRQHandler
                0x08005cc4                WWDG_IRQHandler
                0x08005cc4                TIM2_IRQHandler
                0x08005cc4                OTG_FS_WKUP_IRQHandler
                0x08005cc4                TIM1_TRG_COM_TIM11_IRQHandler
                0x08005cc4                OTG_HS_IRQHandler
                0x08005cc4                EXTI1_IRQHandler
                0x08005cc4                USART2_IRQHandler
                0x08005cc4                I2C2_ER_IRQHandler
                0x08005cc4                DMA2_Stream1_IRQHandler
                0x08005cc4                CAN1_SCE_IRQHandler
                0x08005cc4                FLASH_IRQHandler
                0x08005cc4                DMA2_Stream4_IRQHandler
                0x08005cc4                USART1_IRQHandler
                0x08005cc4                SPI3_IRQHandler
                0x08005cc4                DMA1_Stream4_IRQHandler
                0x08005cc4                I2C1_ER_IRQHandler
                0x08005cc4                DMA2_Stream6_IRQHandler
                0x08005cc4                RTC_Alarm_IRQHandler
 *fill*         0x08005cc6        0x2 
 .text.HAL_Init
                0x08005cc8       0x44 ./Drivers/STM32F4xx_HAL_Driver/Src/stm32f4xx_hal.o
                0x08005cc8                HAL_Init
 .text.HAL_InitTick
                0x08005d0c       0x60 ./Drivers/STM32F4xx_HAL_Driver/Src/stm32f4xx_hal.o
                0x08005d0c                HAL_InitTick
 .text.HAL_IncTick
                0x08005d6c       0x28 ./Drivers/STM32F4xx_HAL_Driver/Src/stm32f4xx_hal.o
                0x08005d6c                HAL_IncTick
 .text.HAL_GetTick
                0x08005d94       0x18 ./Drivers/STM32F4xx_HAL_Driver/Src/stm32f4xx_hal.o
                0x08005d94                HAL_GetTick
 .text.HAL_Delay
                0x08005dac       0x48 ./Drivers/STM32F4xx_HAL_Driver/Src/stm32f4xx_hal.o
                0x08005dac                HAL_Delay
 .text.__NVIC_SetPriorityGrouping
                0x08005df4       0x48 ./Drivers/STM32F4xx_HAL_Driver/Src/stm32f4xx_hal_cortex.o
 .text.__NVIC_GetPriorityGrouping
                0x08005e3c       0x1c ./Drivers/STM32F4xx_HAL_Driver/Src/stm32f4xx_hal_cortex.o
 .text.__NVIC_EnableIRQ
                0x08005e58       0x3c ./Drivers/STM32F4xx_HAL_Driver/Src/stm32f4xx_hal_cortex.o
 .text.__NVIC_SetPriority
                0x08005e94       0x54 ./Drivers/STM32F4xx_HAL_Driver/Src/stm32f4xx_hal_cortex.o
 .text.NVIC_EncodePriority
                0x08005ee8       0x66 ./Drivers/STM32F4xx_HAL_Driver/Src/stm32f4xx_hal_cortex.o
 *fill*         0x08005f4e        0x2 
 .text.SysTick_Config
                0x08005f50       0x44 ./Drivers/STM32F4xx_HAL_Driver/Src/stm32f4xx_hal_cortex.o
 .text.HAL_NVIC_SetPriorityGrouping
                0x08005f94       0x16 ./Drivers/STM32F4xx_HAL_Driver/Src/stm32f4xx_hal_cortex.o
                0x08005f94                HAL_NVIC_SetPriorityGrouping
 .text.HAL_NVIC_SetPriority
                0x08005faa       0x38 ./Drivers/STM32F4xx_HAL_Driver/Src/stm32f4xx_hal_cortex.o
                0x08005faa                HAL_NVIC_SetPriority
 .text.HAL_NVIC_EnableIRQ
                0x08005fe2       0x1c ./Drivers/STM32F4xx_HAL_Driver/Src/stm32f4xx_hal_cortex.o
                0x08005fe2                HAL_NVIC_EnableIRQ
 .text.HAL_SYSTICK_Config
                0x08005ffe       0x18 ./Drivers/STM32F4xx_HAL_Driver/Src/stm32f4xx_hal_cortex.o
                0x08005ffe                HAL_SYSTICK_Config
 *fill*         0x08006016        0x2 
 .text.HAL_GPIO_Init
                0x08006018      0x338 ./Drivers/STM32F4xx_HAL_Driver/Src/stm32f4xx_hal_gpio.o
                0x08006018                HAL_GPIO_Init
 .text.HAL_GPIO_WritePin
                0x08006350       0x32 ./Drivers/STM32F4xx_HAL_Driver/Src/stm32f4xx_hal_gpio.o
                0x08006350                HAL_GPIO_WritePin
 *fill*         0x08006382        0x2 
 .text.HAL_GPIO_EXTI_IRQHandler
                0x08006384       0x30 ./Drivers/STM32F4xx_HAL_Driver/Src/stm32f4xx_hal_gpio.o
                0x08006384                HAL_GPIO_EXTI_IRQHandler
 .text.HAL_I2C_Init
                0x080063b4      0x288 ./Drivers/STM32F4xx_HAL_Driver/Src/stm32f4xx_hal_i2c.o
                0x080063b4                HAL_I2C_Init
 .text.HAL_I2C_Mem_Write
                0x0800663c      0x1f4 ./Drivers/STM32F4xx_HAL_Driver/Src/stm32f4xx_hal_i2c.o
                0x0800663c                HAL_I2C_Mem_Write
 .text.HAL_I2C_Mem_Read
                0x08006830      0x464 ./Drivers/STM32F4xx_HAL_Driver/Src/stm32f4xx_hal_i2c.o
                0x08006830                HAL_I2C_Mem_Read
 .text.I2C_RequestMemoryWrite
                0x08006c94      0x12c ./Drivers/STM32F4xx_HAL_Driver/Src/stm32f4xx_hal_i2c.o
 .text.I2C_RequestMemoryRead
                0x08006dc0      0x1d0 ./Drivers/STM32F4xx_HAL_Driver/Src/stm32f4xx_hal_i2c.o
 .text.I2C_WaitOnFlagUntilTimeout
                0x08006f90       0xf4 ./Drivers/STM32F4xx_HAL_Driver/Src/stm32f4xx_hal_i2c.o
 .text.I2C_WaitOnMasterAddressFlagUntilTimeout
                0x08007084      0x140 ./Drivers/STM32F4xx_HAL_Driver/Src/stm32f4xx_hal_i2c.o
 .text.I2C_WaitOnTXEFlagUntilTimeout
                0x080071c4       0x90 ./Drivers/STM32F4xx_HAL_Driver/Src/stm32f4xx_hal_i2c.o
 .text.I2C_WaitOnBTFFlagUntilTimeout
                0x08007254       0x90 ./Drivers/STM32F4xx_HAL_Driver/Src/stm32f4xx_hal_i2c.o
 .text.I2C_WaitOnRXNEFlagUntilTimeout
                0x080072e4       0xba ./Drivers/STM32F4xx_HAL_Driver/Src/stm32f4xx_hal_i2c.o
 .text.I2C_IsAcknowledgeFailed
                0x0800739e       0x5e ./Drivers/STM32F4xx_HAL_Driver/Src/stm32f4xx_hal_i2c.o
 .text.HAL_PCD_Init
                0x080073fc      0x21e ./Drivers/STM32F4xx_HAL_Driver/Src/stm32f4xx_hal_pcd.o
                0x080073fc                HAL_PCD_Init
 .text.HAL_PCD_Start
                0x0800761a       0x6a ./Drivers/STM32F4xx_HAL_Driver/Src/stm32f4xx_hal_pcd.o
                0x0800761a                HAL_PCD_Start
 .text.HAL_PCD_IRQHandler
                0x08007684      0x942 ./Drivers/STM32F4xx_HAL_Driver/Src/stm32f4xx_hal_pcd.o
                0x08007684                HAL_PCD_IRQHandler
 .text.HAL_PCD_SetAddress
                0x08007fc6       0x48 ./Drivers/STM32F4xx_HAL_Driver/Src/stm32f4xx_hal_pcd.o
                0x08007fc6                HAL_PCD_SetAddress
 .text.HAL_PCD_EP_Open
                0x0800800e       0xd4 ./Drivers/STM32F4xx_HAL_Driver/Src/stm32f4xx_hal_pcd.o
                0x0800800e                HAL_PCD_EP_Open
 .text.HAL_PCD_EP_Close
                0x080080e2       0x94 ./Drivers/STM32F4xx_HAL_Driver/Src/stm32f4xx_hal_pcd.o
                0x080080e2                HAL_PCD_EP_Close
 .text.HAL_PCD_EP_Receive
                0x08008176       0x76 ./Drivers/STM32F4xx_HAL_Driver/Src/stm32f4xx_hal_pcd.o
                0x08008176                HAL_PCD_EP_Receive
 .text.HAL_PCD_EP_GetRxCount
                0x080081ec       0x30 ./Drivers/STM32F4xx_HAL_Driver/Src/stm32f4xx_hal_pcd.o
                0x080081ec                HAL_PCD_EP_GetRxCount
 .text.HAL_PCD_EP_Transmit
                0x0800821c       0x74 ./Drivers/STM32F4xx_HAL_Driver/Src/stm32f4xx_hal_pcd.o
                0x0800821c                HAL_PCD_EP_Transmit
 .text.HAL_PCD_EP_SetStall
                0x08008290       0xc6 ./Drivers/STM32F4xx_HAL_Driver/Src/stm32f4xx_hal_pcd.o
                0x08008290                HAL_PCD_EP_SetStall
 .text.HAL_PCD_EP_ClrStall
                0x08008356       0xac ./Drivers/STM32F4xx_HAL_Driver/Src/stm32f4xx_hal_pcd.o
                0x08008356                HAL_PCD_EP_ClrStall
 .text.HAL_PCD_EP_Abort
                0x08008402       0x62 ./Drivers/STM32F4xx_HAL_Driver/Src/stm32f4xx_hal_pcd.o
                0x08008402                HAL_PCD_EP_Abort
 .text.PCD_WriteEmptyTxFifo
                0x08008464      0x118 ./Drivers/STM32F4xx_HAL_Driver/Src/stm32f4xx_hal_pcd.o
 .text.PCD_EP_OutXfrComplete_int
                0x0800857c      0x1d0 ./Drivers/STM32F4xx_HAL_Driver/Src/stm32f4xx_hal_pcd.o
 .text.PCD_EP_OutSetupPacket_int
                0x0800874c       0x8c ./Drivers/STM32F4xx_HAL_Driver/Src/stm32f4xx_hal_pcd.o
 .text.HAL_PCDEx_SetTxFiFo
                0x080087d8       0x8e ./Drivers/STM32F4xx_HAL_Driver/Src/stm32f4xx_hal_pcd_ex.o
                0x080087d8                HAL_PCDEx_SetTxFiFo
 .text.HAL_PCDEx_SetRxFiFo
                0x08008866       0x22 ./Drivers/STM32F4xx_HAL_Driver/Src/stm32f4xx_hal_pcd_ex.o
                0x08008866                HAL_PCDEx_SetRxFiFo
 .text.HAL_PCDEx_LPM_Callback
                0x08008888       0x18 ./Drivers/STM32F4xx_HAL_Driver/Src/stm32f4xx_hal_pcd_ex.o
                0x08008888                HAL_PCDEx_LPM_Callback
 .text.HAL_RCC_OscConfig
                0x080088a0      0x4f0 ./Drivers/STM32F4xx_HAL_Driver/Src/stm32f4xx_hal_rcc.o
                0x080088a0                HAL_RCC_OscConfig
 .text.HAL_RCC_ClockConfig
                0x08008d90      0x1cc ./Drivers/STM32F4xx_HAL_Driver/Src/stm32f4xx_hal_rcc.o
                0x08008d90                HAL_RCC_ClockConfig
 .text.HAL_RCC_GetSysClockFreq
                0x08008f5c      0x208 ./Drivers/STM32F4xx_HAL_Driver/Src/stm32f4xx_hal_rcc.o
                0x08008f5c                HAL_RCC_GetSysClockFreq
 .text.HAL_RCC_GetHCLKFreq
                0x08009164       0x18 ./Drivers/STM32F4xx_HAL_Driver/Src/stm32f4xx_hal_rcc.o
                0x08009164                HAL_RCC_GetHCLKFreq
 .text.HAL_RCC_GetPCLK1Freq
                0x0800917c       0x28 ./Drivers/STM32F4xx_HAL_Driver/Src/stm32f4xx_hal_rcc.o
                0x0800917c                HAL_RCC_GetPCLK1Freq
 .text.HAL_RCC_GetPCLK2Freq
                0x080091a4       0x28 ./Drivers/STM32F4xx_HAL_Driver/Src/stm32f4xx_hal_rcc.o
                0x080091a4                HAL_RCC_GetPCLK2Freq
 .text.HAL_RCCEx_PeriphCLKConfig
                0x080091cc      0x1c4 ./Drivers/STM32F4xx_HAL_Driver/Src/stm32f4xx_hal_rcc_ex.o
                0x080091cc                HAL_RCCEx_PeriphCLKConfig
 .text.HAL_RTC_Init
                0x08009390      0x102 ./Drivers/STM32F4xx_HAL_Driver/Src/stm32f4xx_hal_rtc.o
                0x08009390                HAL_RTC_Init
 *fill*         0x08009492        0x2 
 .text.HAL_RTC_WaitForSynchro
                0x08009494       0x4c ./Drivers/STM32F4xx_HAL_Driver/Src/stm32f4xx_hal_rtc.o
                0x08009494                HAL_RTC_WaitForSynchro
 .text.RTC_EnterInitMode
                0x080094e0       0x6e ./Drivers/STM32F4xx_HAL_Driver/Src/stm32f4xx_hal_rtc.o
                0x080094e0                RTC_EnterInitMode
 .text.RTC_ExitInitMode
                0x0800954e       0x4a ./Drivers/STM32F4xx_HAL_Driver/Src/stm32f4xx_hal_rtc.o
                0x0800954e                RTC_ExitInitMode
 .text.HAL_SPI_Init
                0x08009598      0x112 ./Drivers/STM32F4xx_HAL_Driver/Src/stm32f4xx_hal_spi.o
                0x08009598                HAL_SPI_Init
 .text.HAL_SPI_Transmit
                0x080096aa      0x288 ./Drivers/STM32F4xx_HAL_Driver/Src/stm32f4xx_hal_spi.o
                0x080096aa                HAL_SPI_Transmit
 .text.HAL_SPI_Receive
                0x08009932      0x232 ./Drivers/STM32F4xx_HAL_Driver/Src/stm32f4xx_hal_spi.o
                0x08009932                HAL_SPI_Receive
 .text.HAL_SPI_TransmitReceive
                0x08009b64      0x352 ./Drivers/STM32F4xx_HAL_Driver/Src/stm32f4xx_hal_spi.o
                0x08009b64                HAL_SPI_TransmitReceive
 *fill*         0x08009eb6        0x2 
 .text.SPI_WaitFlagStateUntilTimeout
                0x08009eb8      0x110 ./Drivers/STM32F4xx_HAL_Driver/Src/stm32f4xx_hal_spi.o
 .text.SPI_EndRxTransaction
                0x08009fc8       0xca ./Drivers/STM32F4xx_HAL_Driver/Src/stm32f4xx_hal_spi.o
 *fill*         0x0800a092        0x2 
 .text.SPI_EndRxTxTransaction
                0x0800a094       0xa8 ./Drivers/STM32F4xx_HAL_Driver/Src/stm32f4xx_hal_spi.o
 .text.HAL_UART_Init
                0x0800a13c       0xa0 ./Drivers/STM32F4xx_HAL_Driver/Src/stm32f4xx_hal_uart.o
                0x0800a13c                HAL_UART_Init
 .text.HAL_MultiProcessor_Init
                0x0800a1dc       0xe6 ./Drivers/STM32F4xx_HAL_Driver/Src/stm32f4xx_hal_uart.o
                0x0800a1dc                HAL_MultiProcessor_Init
 *fill*         0x0800a2c2        0x2 
 .text.UART_SetConfig
                0x0800a2c4      0x4e8 ./Drivers/STM32F4xx_HAL_Driver/Src/stm32f4xx_hal_uart.o
 .text.USB_CoreInit
                0x0800a7ac       0xc8 ./Drivers/STM32F4xx_HAL_Driver/Src/stm32f4xx_ll_usb.o
                0x0800a7ac                USB_CoreInit
 .text.USB_SetTurnaroundTime
                0x0800a874      0x144 ./Drivers/STM32F4xx_HAL_Driver/Src/stm32f4xx_ll_usb.o
                0x0800a874                USB_SetTurnaroundTime
 .text.USB_EnableGlobalInt
                0x0800a9b8       0x22 ./Drivers/STM32F4xx_HAL_Driver/Src/stm32f4xx_ll_usb.o
                0x0800a9b8                USB_EnableGlobalInt
 .text.USB_DisableGlobalInt
                0x0800a9da       0x22 ./Drivers/STM32F4xx_HAL_Driver/Src/stm32f4xx_ll_usb.o
                0x0800a9da                USB_DisableGlobalInt
 .text.USB_SetCurrentMode
                0x0800a9fc       0x98 ./Drivers/STM32F4xx_HAL_Driver/Src/stm32f4xx_ll_usb.o
                0x0800a9fc                USB_SetCurrentMode
 .text.USB_DevInit
                0x0800aa94      0x2c8 ./Drivers/STM32F4xx_HAL_Driver/Src/stm32f4xx_ll_usb.o
                0x0800aa94                USB_DevInit
 .text.USB_FlushTxFifo
                0x0800ad5c       0x64 ./Drivers/STM32F4xx_HAL_Driver/Src/stm32f4xx_ll_usb.o
                0x0800ad5c                USB_FlushTxFifo
 .text.USB_FlushRxFifo
                0x0800adc0       0x5c ./Drivers/STM32F4xx_HAL_Driver/Src/stm32f4xx_ll_usb.o
                0x0800adc0                USB_FlushRxFifo
 .text.USB_SetDevSpeed
                0x0800ae1c       0x32 ./Drivers/STM32F4xx_HAL_Driver/Src/stm32f4xx_ll_usb.o
                0x0800ae1c                USB_SetDevSpeed
 .text.USB_GetDevSpeed
                0x0800ae4e       0x4a ./Drivers/STM32F4xx_HAL_Driver/Src/stm32f4xx_ll_usb.o
                0x0800ae4e                USB_GetDevSpeed
 .text.USB_ActivateEndpoint
                0x0800ae98      0x10e ./Drivers/STM32F4xx_HAL_Driver/Src/stm32f4xx_ll_usb.o
                0x0800ae98                USB_ActivateEndpoint
 *fill*         0x0800afa6        0x2 
 .text.USB_DeactivateEndpoint
                0x0800afa8      0x1b8 ./Drivers/STM32F4xx_HAL_Driver/Src/stm32f4xx_ll_usb.o
                0x0800afa8                USB_DeactivateEndpoint
 .text.USB_EPStartXfer
                0x0800b160      0x53c ./Drivers/STM32F4xx_HAL_Driver/Src/stm32f4xx_ll_usb.o
                0x0800b160                USB_EPStartXfer
 .text.USB_EPStopXfer
                0x0800b69c      0x154 ./Drivers/STM32F4xx_HAL_Driver/Src/stm32f4xx_ll_usb.o
                0x0800b69c                USB_EPStopXfer
 .text.USB_WritePacket
                0x0800b7f0       0x7c ./Drivers/STM32F4xx_HAL_Driver/Src/stm32f4xx_ll_usb.o
                0x0800b7f0                USB_WritePacket
 .text.USB_ReadPacket
                0x0800b86c       0xb0 ./Drivers/STM32F4xx_HAL_Driver/Src/stm32f4xx_ll_usb.o
                0x0800b86c                USB_ReadPacket
 .text.USB_EPSetStall
                0x0800b91c       0xdc ./Drivers/STM32F4xx_HAL_Driver/Src/stm32f4xx_ll_usb.o
                0x0800b91c                USB_EPSetStall
 .text.USB_EPClearStall
                0x0800b9f8       0xcc ./Drivers/STM32F4xx_HAL_Driver/Src/stm32f4xx_ll_usb.o
                0x0800b9f8                USB_EPClearStall
 .text.USB_SetDevAddress
                0x0800bac4       0x4c ./Drivers/STM32F4xx_HAL_Driver/Src/stm32f4xx_ll_usb.o
                0x0800bac4                USB_SetDevAddress
 .text.USB_DevConnect
                0x0800bb10       0x42 ./Drivers/STM32F4xx_HAL_Driver/Src/stm32f4xx_ll_usb.o
                0x0800bb10                USB_DevConnect
 .text.USB_DevDisconnect
                0x0800bb52       0x42 ./Drivers/STM32F4xx_HAL_Driver/Src/stm32f4xx_ll_usb.o
                0x0800bb52                USB_DevDisconnect
 .text.USB_ReadInterrupts
                0x0800bb94       0x26 ./Drivers/STM32F4xx_HAL_Driver/Src/stm32f4xx_ll_usb.o
                0x0800bb94                USB_ReadInterrupts
 .text.USB_ReadDevAllOutEpInterrupt
                0x0800bbba       0x34 ./Drivers/STM32F4xx_HAL_Driver/Src/stm32f4xx_ll_usb.o
                0x0800bbba                USB_ReadDevAllOutEpInterrupt
 .text.USB_ReadDevAllInEpInterrupt
                0x0800bbee       0x34 ./Drivers/STM32F4xx_HAL_Driver/Src/stm32f4xx_ll_usb.o
                0x0800bbee                USB_ReadDevAllInEpInterrupt
 .text.USB_ReadDevOutEPInterrupt
                0x0800bc22       0x3c ./Drivers/STM32F4xx_HAL_Driver/Src/stm32f4xx_ll_usb.o
                0x0800bc22                USB_ReadDevOutEPInterrupt
 .text.USB_ReadDevInEPInterrupt
                0x0800bc5e       0x5c ./Drivers/STM32F4xx_HAL_Driver/Src/stm32f4xx_ll_usb.o
                0x0800bc5e                USB_ReadDevInEPInterrupt
 .text.USB_GetMode
                0x0800bcba       0x1c ./Drivers/STM32F4xx_HAL_Driver/Src/stm32f4xx_ll_usb.o
                0x0800bcba                USB_GetMode
 .text.USB_ActivateSetup
                0x0800bcd6       0x46 ./Drivers/STM32F4xx_HAL_Driver/Src/stm32f4xx_ll_usb.o
                0x0800bcd6                USB_ActivateSetup
 .text.USB_EP0_OutStart
                0x0800bd1c       0xbc ./Drivers/STM32F4xx_HAL_Driver/Src/stm32f4xx_ll_usb.o
                0x0800bd1c                USB_EP0_OutStart
 .text.USB_CoreReset
                0x0800bdd8       0x70 ./Drivers/STM32F4xx_HAL_Driver/Src/stm32f4xx_ll_usb.o
 .text.USBD_CDC_Init
                0x0800be48      0x1f0 ./Middlewares/ST/STM32_USB_Device_Library/Class/CDC/Src/usbd_cdc.o
 .text.USBD_CDC_DeInit
                0x0800c038      0x104 ./Middlewares/ST/STM32_USB_Device_Library/Class/CDC/Src/usbd_cdc.o
 .text.USBD_CDC_Setup
                0x0800c13c      0x1b8 ./Middlewares/ST/STM32_USB_Device_Library/Class/CDC/Src/usbd_cdc.o
 .text.USBD_CDC_DataIn
                0x0800c2f4       0xfe ./Middlewares/ST/STM32_USB_Device_Library/Class/CDC/Src/usbd_cdc.o
 .text.USBD_CDC_DataOut
                0x0800c3f2       0x70 ./Middlewares/ST/STM32_USB_Device_Library/Class/CDC/Src/usbd_cdc.o
 .text.USBD_CDC_EP0_RxReady
                0x0800c462       0x74 ./Middlewares/ST/STM32_USB_Device_Library/Class/CDC/Src/usbd_cdc.o
 *fill*         0x0800c4d6        0x2 
 .text.USBD_CDC_GetFSCfgDesc
                0x0800c4d8       0x70 ./Middlewares/ST/STM32_USB_Device_Library/Class/CDC/Src/usbd_cdc.o
 .text.USBD_CDC_GetHSCfgDesc
                0x0800c548       0x70 ./Middlewares/ST/STM32_USB_Device_Library/Class/CDC/Src/usbd_cdc.o
 .text.USBD_CDC_GetOtherSpeedCfgDesc
                0x0800c5b8       0x70 ./Middlewares/ST/STM32_USB_Device_Library/Class/CDC/Src/usbd_cdc.o
 .text.USBD_CDC_GetDeviceQualifierDescriptor
                0x0800c628       0x20 ./Middlewares/ST/STM32_USB_Device_Library/Class/CDC/Src/usbd_cdc.o
                0x0800c628                USBD_CDC_GetDeviceQualifierDescriptor
 .text.USBD_CDC_RegisterInterface
                0x0800c648       0x34 ./Middlewares/ST/STM32_USB_Device_Library/Class/CDC/Src/usbd_cdc.o
                0x0800c648                USBD_CDC_RegisterInterface
 .text.USBD_CDC_SetTxBuffer
                0x0800c67c       0x44 ./Middlewares/ST/STM32_USB_Device_Library/Class/CDC/Src/usbd_cdc.o
                0x0800c67c                USBD_CDC_SetTxBuffer
 .text.USBD_CDC_SetRxBuffer
                0x0800c6c0       0x3a ./Middlewares/ST/STM32_USB_Device_Library/Class/CDC/Src/usbd_cdc.o
                0x0800c6c0                USBD_CDC_SetRxBuffer
 *fill*         0x0800c6fa        0x2 
 .text.USBD_CDC_TransmitPacket
                0x0800c6fc       0x80 ./Middlewares/ST/STM32_USB_Device_Library/Class/CDC/Src/usbd_cdc.o
                0x0800c6fc                USBD_CDC_TransmitPacket
 .text.USBD_CDC_ReceivePacket
                0x0800c77c       0x6c ./Middlewares/ST/STM32_USB_Device_Library/Class/CDC/Src/usbd_cdc.o
                0x0800c77c                USBD_CDC_ReceivePacket
 .text.USBD_Init
                0x0800c7e8       0x60 ./Middlewares/ST/STM32_USB_Device_Library/Core/Src/usbd_core.o
                0x0800c7e8                USBD_Init
 .text.USBD_RegisterClass
                0x0800c848       0x6c ./Middlewares/ST/STM32_USB_Device_Library/Core/Src/usbd_core.o
                0x0800c848                USBD_RegisterClass
 .text.USBD_Start
                0x0800c8b4       0x18 ./Middlewares/ST/STM32_USB_Device_Library/Core/Src/usbd_core.o
                0x0800c8b4                USBD_Start
 .text.USBD_RunTestMode
                0x0800c8cc       0x16 ./Middlewares/ST/STM32_USB_Device_Library/Core/Src/usbd_core.o
                0x0800c8cc                USBD_RunTestMode
 .text.USBD_SetClassConfig
                0x0800c8e2       0x38 ./Middlewares/ST/STM32_USB_Device_Library/Core/Src/usbd_core.o
                0x0800c8e2                USBD_SetClassConfig
 .text.USBD_ClrClassConfig
                0x0800c91a       0x34 ./Middlewares/ST/STM32_USB_Device_Library/Core/Src/usbd_core.o
                0x0800c91a                USBD_ClrClassConfig
 .text.USBD_LL_SetupStage
                0x0800c94e       0xaa ./Middlewares/ST/STM32_USB_Device_Library/Core/Src/usbd_core.o
                0x0800c94e                USBD_LL_SetupStage
 .text.USBD_LL_DataOutStage
                0x0800c9f8      0x178 ./Middlewares/ST/STM32_USB_Device_Library/Core/Src/usbd_core.o
                0x0800c9f8                USBD_LL_DataOutStage
 .text.USBD_LL_DataInStage
                0x0800cb70      0x176 ./Middlewares/ST/STM32_USB_Device_Library/Core/Src/usbd_core.o
                0x0800cb70                USBD_LL_DataInStage
 .text.USBD_LL_Reset
                0x0800cce6       0xa6 ./Middlewares/ST/STM32_USB_Device_Library/Core/Src/usbd_core.o
                0x0800cce6                USBD_LL_Reset
 .text.USBD_LL_SetSpeed
                0x0800cd8c       0x20 ./Middlewares/ST/STM32_USB_Device_Library/Core/Src/usbd_core.o
                0x0800cd8c                USBD_LL_SetSpeed
 .text.USBD_LL_Suspend
                0x0800cdac       0x38 ./Middlewares/ST/STM32_USB_Device_Library/Core/Src/usbd_core.o
                0x0800cdac                USBD_LL_Suspend
 .text.USBD_LL_Resume
                0x0800cde4       0x30 ./Middlewares/ST/STM32_USB_Device_Library/Core/Src/usbd_core.o
                0x0800cde4                USBD_LL_Resume
 .text.USBD_LL_SOF
                0x0800ce14       0x40 ./Middlewares/ST/STM32_USB_Device_Library/Core/Src/usbd_core.o
                0x0800ce14                USBD_LL_SOF
 .text.USBD_LL_IsoINIncomplete
                0x0800ce54       0x64 ./Middlewares/ST/STM32_USB_Device_Library/Core/Src/usbd_core.o
                0x0800ce54                USBD_LL_IsoINIncomplete
 .text.USBD_LL_IsoOUTIncomplete
                0x0800ceb8       0x64 ./Middlewares/ST/STM32_USB_Device_Library/Core/Src/usbd_core.o
                0x0800ceb8                USBD_LL_IsoOUTIncomplete
 .text.USBD_LL_DevConnected
                0x0800cf1c       0x16 ./Middlewares/ST/STM32_USB_Device_Library/Core/Src/usbd_core.o
                0x0800cf1c                USBD_LL_DevConnected
 .text.USBD_LL_DevDisconnected
                0x0800cf32       0x46 ./Middlewares/ST/STM32_USB_Device_Library/Core/Src/usbd_core.o
                0x0800cf32                USBD_LL_DevDisconnected
 .text.USBD_CoreFindIF
                0x0800cf78       0x1a ./Middlewares/ST/STM32_USB_Device_Library/Core/Src/usbd_core.o
                0x0800cf78                USBD_CoreFindIF
 .text.USBD_CoreFindEP
                0x0800cf92       0x1a ./Middlewares/ST/STM32_USB_Device_Library/Core/Src/usbd_core.o
                0x0800cf92                USBD_CoreFindEP
 .text.USBD_GetEpDesc
                0x0800cfac       0x70 ./Middlewares/ST/STM32_USB_Device_Library/Core/Src/usbd_core.o
                0x0800cfac                USBD_GetEpDesc
 .text.USBD_GetNextDesc
                0x0800d01c       0x38 ./Middlewares/ST/STM32_USB_Device_Library/Core/Src/usbd_core.o
                0x0800d01c                USBD_GetNextDesc
 .text.SWAPBYTE
                0x0800d054       0x3e ./Middlewares/ST/STM32_USB_Device_Library/Core/Src/usbd_ctlreq.o
 *fill*         0x0800d092        0x2 
 .text.USBD_StdDevReq
                0x0800d094       0xe4 ./Middlewares/ST/STM32_USB_Device_Library/Core/Src/usbd_ctlreq.o
                0x0800d094                USBD_StdDevReq
 .text.USBD_StdItfReq
                0x0800d178       0xd8 ./Middlewares/ST/STM32_USB_Device_Library/Core/Src/usbd_ctlreq.o
                0x0800d178                USBD_StdItfReq
 .text.USBD_StdEPReq
                0x0800d250      0x33e ./Middlewares/ST/STM32_USB_Device_Library/Core/Src/usbd_ctlreq.o
                0x0800d250                USBD_StdEPReq
 *fill*         0x0800d58e        0x2 
 .text.USBD_GetDescriptor
                0x0800d590      0x2d4 ./Middlewares/ST/STM32_USB_Device_Library/Core/Src/usbd_ctlreq.o
 .text.USBD_SetAddress
                0x0800d864       0x88 ./Middlewares/ST/STM32_USB_Device_Library/Core/Src/usbd_ctlreq.o
 .text.USBD_SetConfig
                0x0800d8ec      0x154 ./Middlewares/ST/STM32_USB_Device_Library/Core/Src/usbd_ctlreq.o
 .text.USBD_GetConfig
                0x0800da40       0x6c ./Middlewares/ST/STM32_USB_Device_Library/Core/Src/usbd_ctlreq.o
 .text.USBD_GetStatus
                0x0800daac       0x68 ./Middlewares/ST/STM32_USB_Device_Library/Core/Src/usbd_ctlreq.o
 .text.USBD_SetFeature
                0x0800db14       0x52 ./Middlewares/ST/STM32_USB_Device_Library/Core/Src/usbd_ctlreq.o
 .text.USBD_ClrFeature
                0x0800db66       0x44 ./Middlewares/ST/STM32_USB_Device_Library/Core/Src/usbd_ctlreq.o
 .text.USBD_ParseSetupRequest
                0x0800dbaa       0x74 ./Middlewares/ST/STM32_USB_Device_Library/Core/Src/usbd_ctlreq.o
                0x0800dbaa                USBD_ParseSetupRequest
 .text.USBD_CtlError
                0x0800dc1e       0x22 ./Middlewares/ST/STM32_USB_Device_Library/Core/Src/usbd_ctlreq.o
                0x0800dc1e                USBD_CtlError
 .text.USBD_GetString
                0x0800dc40       0xa4 ./Middlewares/ST/STM32_USB_Device_Library/Core/Src/usbd_ctlreq.o
                0x0800dc40                USBD_GetString
 .text.USBD_GetLen
                0x0800dce4       0x34 ./Middlewares/ST/STM32_USB_Device_Library/Core/Src/usbd_ctlreq.o
 .text.USBD_CtlSendData
                0x0800dd18       0x3c ./Middlewares/ST/STM32_USB_Device_Library/Core/Src/usbd_ioreq.o
                0x0800dd18                USBD_CtlSendData
 .text.USBD_CtlContinueSendData
                0x0800dd54       0x22 ./Middlewares/ST/STM32_USB_Device_Library/Core/Src/usbd_ioreq.o
                0x0800dd54                USBD_CtlContinueSendData
 .text.USBD_CtlPrepareRx
                0x0800dd76       0x42 ./Middlewares/ST/STM32_USB_Device_Library/Core/Src/usbd_ioreq.o
                0x0800dd76                USBD_CtlPrepareRx
 .text.USBD_CtlContinueRx
                0x0800ddb8       0x22 ./Middlewares/ST/STM32_USB_Device_Library/Core/Src/usbd_ioreq.o
                0x0800ddb8                USBD_CtlContinueRx
 .text.USBD_CtlSendStatus
                0x0800ddda       0x26 ./Middlewares/ST/STM32_USB_Device_Library/Core/Src/usbd_ioreq.o
                0x0800ddda                USBD_CtlSendStatus
 .text.USBD_CtlReceiveStatus
                0x0800de00       0x26 ./Middlewares/ST/STM32_USB_Device_Library/Core/Src/usbd_ioreq.o
                0x0800de00                USBD_CtlReceiveStatus
 *fill*         0x0800de26        0x2 
 .text.MX_USB_DEVICE_Init
                0x0800de28       0x60 ./USB_DEVICE/App/usb_device.o
                0x0800de28                MX_USB_DEVICE_Init
 .text.CDC_Init_FS
                0x0800de88       0x28 ./USB_DEVICE/App/usbd_cdc_if.o
 .text.CDC_DeInit_FS
                0x0800deb0       0x10 ./USB_DEVICE/App/usbd_cdc_if.o
 .text.CDC_Control_FS
                0x0800dec0      0x15c ./USB_DEVICE/App/usbd_cdc_if.o
 .text.CDC_Receive_FS
                0x0800e01c       0x28 ./USB_DEVICE/App/usbd_cdc_if.o
 .text.CDC_Transmit_FS
                0x0800e044       0x4c ./USB_DEVICE/App/usbd_cdc_if.o
                0x0800e044                CDC_Transmit_FS
 .text.CDC_TransmitCplt_FS
                0x0800e090       0x22 ./USB_DEVICE/App/usbd_cdc_if.o
 *fill*         0x0800e0b2        0x2 
 .text.USBD_FS_DeviceDescriptor
                0x0800e0b4       0x24 ./USB_DEVICE/App/usbd_desc.o
                0x0800e0b4                USBD_FS_DeviceDescriptor
 .text.USBD_FS_LangIDStrDescriptor
                0x0800e0d8       0x24 ./USB_DEVICE/App/usbd_desc.o
                0x0800e0d8                USBD_FS_LangIDStrDescriptor
 .text.USBD_FS_ProductStrDescriptor
                0x0800e0fc       0x3c ./USB_DEVICE/App/usbd_desc.o
                0x0800e0fc                USBD_FS_ProductStrDescriptor
 .text.USBD_FS_ManufacturerStrDescriptor
                0x0800e138       0x28 ./USB_DEVICE/App/usbd_desc.o
                0x0800e138                USBD_FS_ManufacturerStrDescriptor
 .text.USBD_FS_SerialStrDescriptor
                0x0800e160       0x24 ./USB_DEVICE/App/usbd_desc.o
                0x0800e160                USBD_FS_SerialStrDescriptor
 .text.USBD_FS_ConfigStrDescriptor
                0x0800e184       0x3c ./USB_DEVICE/App/usbd_desc.o
                0x0800e184                USBD_FS_ConfigStrDescriptor
 .text.USBD_FS_InterfaceStrDescriptor
                0x0800e1c0       0x3c ./USB_DEVICE/App/usbd_desc.o
                0x0800e1c0                USBD_FS_InterfaceStrDescriptor
 .text.Get_SerialNum
                0x0800e1fc       0x58 ./USB_DEVICE/App/usbd_desc.o
 .text.IntToUnicode
                0x0800e254       0x7e ./USB_DEVICE/App/usbd_desc.o
 *fill*         0x0800e2d2        0x2 
 .text.HAL_PCD_MspInit
                0x0800e2d4       0xa8 ./USB_DEVICE/Target/usbd_conf.o
                0x0800e2d4                HAL_PCD_MspInit
 .text.HAL_PCD_SetupStageCallback
                0x0800e37c       0x24 ./USB_DEVICE/Target/usbd_conf.o
                0x0800e37c                HAL_PCD_SetupStageCallback
 .text.HAL_PCD_DataOutStageCallback
                0x0800e3a0       0x36 ./USB_DEVICE/Target/usbd_conf.o
                0x0800e3a0                HAL_PCD_DataOutStageCallback
 .text.HAL_PCD_DataInStageCallback
                0x0800e3d6       0x34 ./USB_DEVICE/Target/usbd_conf.o
                0x0800e3d6                HAL_PCD_DataInStageCallback
 .text.HAL_PCD_SOFCallback
                0x0800e40a       0x1c ./USB_DEVICE/Target/usbd_conf.o
                0x0800e40a                HAL_PCD_SOFCallback
 .text.HAL_PCD_ResetCallback
                0x0800e426       0x50 ./USB_DEVICE/Target/usbd_conf.o
                0x0800e426                HAL_PCD_ResetCallback
 *fill*         0x0800e476        0x2 
 .text.HAL_PCD_SuspendCallback
                0x0800e478       0x4c ./USB_DEVICE/Target/usbd_conf.o
                0x0800e478                HAL_PCD_SuspendCallback
 .text.HAL_PCD_ResumeCallback
                0x0800e4c4       0x1c ./USB_DEVICE/Target/usbd_conf.o
                0x0800e4c4                HAL_PCD_ResumeCallback
 .text.HAL_PCD_ISOOUTIncompleteCallback
                0x0800e4e0       0x24 ./USB_DEVICE/Target/usbd_conf.o
                0x0800e4e0                HAL_PCD_ISOOUTIncompleteCallback
 .text.HAL_PCD_ISOINIncompleteCallback
                0x0800e504       0x24 ./USB_DEVICE/Target/usbd_conf.o
                0x0800e504                HAL_PCD_ISOINIncompleteCallback
 .text.HAL_PCD_ConnectCallback
                0x0800e528       0x1c ./USB_DEVICE/Target/usbd_conf.o
                0x0800e528                HAL_PCD_ConnectCallback
 .text.HAL_PCD_DisconnectCallback
                0x0800e544       0x1c ./USB_DEVICE/Target/usbd_conf.o
                0x0800e544                HAL_PCD_DisconnectCallback
 .text.USBD_LL_Init
                0x0800e560       0x98 ./USB_DEVICE/Target/usbd_conf.o
                0x0800e560                USBD_LL_Init
 .text.USBD_LL_Start
                0x0800e5f8       0x36 ./USB_DEVICE/Target/usbd_conf.o
                0x0800e5f8                USBD_LL_Start
 .text.USBD_LL_OpenEP
                0x0800e62e       0x4c ./USB_DEVICE/Target/usbd_conf.o
                0x0800e62e                USBD_LL_OpenEP
 .text.USBD_LL_CloseEP
                0x0800e67a       0x3e ./USB_DEVICE/Target/usbd_conf.o
                0x0800e67a                USBD_LL_CloseEP
 .text.USBD_LL_StallEP
                0x0800e6b8       0x3e ./USB_DEVICE/Target/usbd_conf.o
                0x0800e6b8                USBD_LL_StallEP
 .text.USBD_LL_ClearStallEP
                0x0800e6f6       0x3e ./USB_DEVICE/Target/usbd_conf.o
                0x0800e6f6                USBD_LL_ClearStallEP
 .text.USBD_LL_IsStallEP
                0x0800e734       0x58 ./USB_DEVICE/Target/usbd_conf.o
                0x0800e734                USBD_LL_IsStallEP
 .text.USBD_LL_SetUSBAddress
                0x0800e78c       0x3e ./USB_DEVICE/Target/usbd_conf.o
                0x0800e78c                USBD_LL_SetUSBAddress
 .text.USBD_LL_Transmit
                0x0800e7ca       0x42 ./USB_DEVICE/Target/usbd_conf.o
                0x0800e7ca                USBD_LL_Transmit
 .text.USBD_LL_PrepareReceive
                0x0800e80c       0x42 ./USB_DEVICE/Target/usbd_conf.o
                0x0800e80c                USBD_LL_PrepareReceive
 .text.USBD_LL_GetRxDataSize
                0x0800e84e       0x26 ./USB_DEVICE/Target/usbd_conf.o
                0x0800e84e                USBD_LL_GetRxDataSize
 .text.USBD_static_malloc
                0x0800e874       0x1c ./USB_DEVICE/Target/usbd_conf.o
                0x0800e874                USBD_static_malloc
 .text.USBD_static_free
                0x0800e890       0x14 ./USB_DEVICE/Target/usbd_conf.o
                0x0800e890                USBD_static_free
 .text.USBD_Get_USB_Status
                0x0800e8a4       0x58 ./USB_DEVICE/Target/usbd_conf.o
                0x0800e8a4                USBD_Get_USB_Status
 .text.__cvt    0x0800e8fc       0xca /Applications/STM32CubeIDE.app/Contents/Eclipse/plugins/com.st.stm32cube.ide.mcu.externaltools.gnu-tools-for-stm32.13.3.rel1.macos64_1.0.0.202411102158/tools/bin/../lib/gcc/arm-none-eabi/13.3.1/../../../../arm-none-eabi/lib/thumb/v7e-m+fp/hard/libc_nano.a(libc_a-nano-vfprintf_float.o)
                0x0800e8fc                __cvt
 .text.__exponent
                0x0800e9c6       0x74 /Applications/STM32CubeIDE.app/Contents/Eclipse/plugins/com.st.stm32cube.ide.mcu.externaltools.gnu-tools-for-stm32.13.3.rel1.macos64_1.0.0.202411102158/tools/bin/../lib/gcc/arm-none-eabi/13.3.1/../../../../arm-none-eabi/lib/thumb/v7e-m+fp/hard/libc_nano.a(libc_a-nano-vfprintf_float.o)
                0x0800e9c6                __exponent
 *fill*         0x0800ea3a        0x2 
 .text._printf_float
                0x0800ea3c      0x454 /Applications/STM32CubeIDE.app/Contents/Eclipse/plugins/com.st.stm32cube.ide.mcu.externaltools.gnu-tools-for-stm32.13.3.rel1.macos64_1.0.0.202411102158/tools/bin/../lib/gcc/arm-none-eabi/13.3.1/../../../../arm-none-eabi/lib/thumb/v7e-m+fp/hard/libc_nano.a(libc_a-nano-vfprintf_float.o)
                0x0800ea3c                _printf_float
 .text._printf_common
                0x0800ee90       0xda /Applications/STM32CubeIDE.app/Contents/Eclipse/plugins/com.st.stm32cube.ide.mcu.externaltools.gnu-tools-for-stm32.13.3.rel1.macos64_1.0.0.202411102158/tools/bin/../lib/gcc/arm-none-eabi/13.3.1/../../../../arm-none-eabi/lib/thumb/v7e-m+fp/hard/libc_nano.a(libc_a-nano-vfprintf_i.o)
                0x0800ee90                _printf_common
 *fill*         0x0800ef6a        0x2 
 .text._printf_i
                0x0800ef6c      0x23c /Applications/STM32CubeIDE.app/Contents/Eclipse/plugins/com.st.stm32cube.ide.mcu.externaltools.gnu-tools-for-stm32.13.3.rel1.macos64_1.0.0.202411102158/tools/bin/../lib/gcc/arm-none-eabi/13.3.1/../../../../arm-none-eabi/lib/thumb/v7e-m+fp/hard/libc_nano.a(libc_a-nano-vfprintf_i.o)
                0x0800ef6c                _printf_i
 .text.snprintf
                0x0800f1a8       0x6c /Applications/STM32CubeIDE.app/Contents/Eclipse/plugins/com.st.stm32cube.ide.mcu.externaltools.gnu-tools-for-stm32.13.3.rel1.macos64_1.0.0.202411102158/tools/bin/../lib/gcc/arm-none-eabi/13.3.1/../../../../arm-none-eabi/lib/thumb/v7e-m+fp/hard/libc_nano.a(libc_a-snprintf.o)
                0x0800f1a8                snprintf
                0x0800f1a8                sniprintf
 .text.std      0x0800f214       0x6c /Applications/STM32CubeIDE.app/Contents/Eclipse/plugins/com.st.stm32cube.ide.mcu.externaltools.gnu-tools-for-stm32.13.3.rel1.macos64_1.0.0.202411102158/tools/bin/../lib/gcc/arm-none-eabi/13.3.1/../../../../arm-none-eabi/lib/thumb/v7e-m+fp/hard/libc_nano.a(libc_a-findfp.o)
 .text.stdio_exit_handler
                0x0800f280       0x18 /Applications/STM32CubeIDE.app/Contents/Eclipse/plugins/com.st.stm32cube.ide.mcu.externaltools.gnu-tools-for-stm32.13.3.rel1.macos64_1.0.0.202411102158/tools/bin/../lib/gcc/arm-none-eabi/13.3.1/../../../../arm-none-eabi/lib/thumb/v7e-m+fp/hard/libc_nano.a(libc_a-findfp.o)
 .text.cleanup_stdio
                0x0800f298       0x40 /Applications/STM32CubeIDE.app/Contents/Eclipse/plugins/com.st.stm32cube.ide.mcu.externaltools.gnu-tools-for-stm32.13.3.rel1.macos64_1.0.0.202411102158/tools/bin/../lib/gcc/arm-none-eabi/13.3.1/../../../../arm-none-eabi/lib/thumb/v7e-m+fp/hard/libc_nano.a(libc_a-findfp.o)
 .text.global_stdio_init.part.0
                0x0800f2d8       0x3c /Applications/STM32CubeIDE.app/Contents/Eclipse/plugins/com.st.stm32cube.ide.mcu.externaltools.gnu-tools-for-stm32.13.3.rel1.macos64_1.0.0.202411102158/tools/bin/../lib/gcc/arm-none-eabi/13.3.1/../../../../arm-none-eabi/lib/thumb/v7e-m+fp/hard/libc_nano.a(libc_a-findfp.o)
 .text.__sfp_lock_acquire
                0x0800f314        0xc /Applications/STM32CubeIDE.app/Contents/Eclipse/plugins/com.st.stm32cube.ide.mcu.externaltools.gnu-tools-for-stm32.13.3.rel1.macos64_1.0.0.202411102158/tools/bin/../lib/gcc/arm-none-eabi/13.3.1/../../../../arm-none-eabi/lib/thumb/v7e-m+fp/hard/libc_nano.a(libc_a-findfp.o)
                0x0800f314                __sfp_lock_acquire
 .text.__sfp_lock_release
                0x0800f320        0xc /Applications/STM32CubeIDE.app/Contents/Eclipse/plugins/com.st.stm32cube.ide.mcu.externaltools.gnu-tools-for-stm32.13.3.rel1.macos64_1.0.0.202411102158/tools/bin/../lib/gcc/arm-none-eabi/13.3.1/../../../../arm-none-eabi/lib/thumb/v7e-m+fp/hard/libc_nano.a(libc_a-findfp.o)
                0x0800f320                __sfp_lock_release
 .text.__sinit  0x0800f32c       0x30 /Applications/STM32CubeIDE.app/Contents/Eclipse/plugins/com.st.stm32cube.ide.mcu.externaltools.gnu-tools-for-stm32.13.3.rel1.macos64_1.0.0.202411102158/tools/bin/../lib/gcc/arm-none-eabi/13.3.1/../../../../arm-none-eabi/lib/thumb/v7e-m+fp/hard/libc_nano.a(libc_a-findfp.o)
                0x0800f32c                __sinit
 .text._fwalk_sglue
                0x0800f35c       0x3c /Applications/STM32CubeIDE.app/Contents/Eclipse/plugins/com.st.stm32cube.ide.mcu.externaltools.gnu-tools-for-stm32.13.3.rel1.macos64_1.0.0.202411102158/tools/bin/../lib/gcc/arm-none-eabi/13.3.1/../../../../arm-none-eabi/lib/thumb/v7e-m+fp/hard/libc_nano.a(libc_a-fwalk.o)
                0x0800f35c                _fwalk_sglue
 .text.memset   0x0800f398       0x10 /Applications/STM32CubeIDE.app/Contents/Eclipse/plugins/com.st.stm32cube.ide.mcu.externaltools.gnu-tools-for-stm32.13.3.rel1.macos64_1.0.0.202411102158/tools/bin/../lib/gcc/arm-none-eabi/13.3.1/../../../../arm-none-eabi/lib/thumb/v7e-m+fp/hard/libc_nano.a(libc_a-memset.o)
                0x0800f398                memset
 .text.__errno  0x0800f3a8        0xc /Applications/STM32CubeIDE.app/Contents/Eclipse/plugins/com.st.stm32cube.ide.mcu.externaltools.gnu-tools-for-stm32.13.3.rel1.macos64_1.0.0.202411102158/tools/bin/../lib/gcc/arm-none-eabi/13.3.1/../../../../arm-none-eabi/lib/thumb/v7e-m+fp/hard/libc_nano.a(libc_a-errno.o)
                0x0800f3a8                __errno
 .text.__libc_init_array
                0x0800f3b4       0x48 /Applications/STM32CubeIDE.app/Contents/Eclipse/plugins/com.st.stm32cube.ide.mcu.externaltools.gnu-tools-for-stm32.13.3.rel1.macos64_1.0.0.202411102158/tools/bin/../lib/gcc/arm-none-eabi/13.3.1/../../../../arm-none-eabi/lib/thumb/v7e-m+fp/hard/libc_nano.a(libc_a-init.o)
                0x0800f3b4                __libc_init_array
 .text.__retarget_lock_init_recursive
                0x0800f3fc        0x2 /Applications/STM32CubeIDE.app/Contents/Eclipse/plugins/com.st.stm32cube.ide.mcu.externaltools.gnu-tools-for-stm32.13.3.rel1.macos64_1.0.0.202411102158/tools/bin/../lib/gcc/arm-none-eabi/13.3.1/../../../../arm-none-eabi/lib/thumb/v7e-m+fp/hard/libc_nano.a(libc_a-lock.o)
                0x0800f3fc                __retarget_lock_init_recursive
 .text.__retarget_lock_acquire_recursive
                0x0800f3fe        0x2 /Applications/STM32CubeIDE.app/Contents/Eclipse/plugins/com.st.stm32cube.ide.mcu.externaltools.gnu-tools-for-stm32.13.3.rel1.macos64_1.0.0.202411102158/tools/bin/../lib/gcc/arm-none-eabi/13.3.1/../../../../arm-none-eabi/lib/thumb/v7e-m+fp/hard/libc_nano.a(libc_a-lock.o)
                0x0800f3fe                __retarget_lock_acquire_recursive
 .text.__retarget_lock_release_recursive
                0x0800f400        0x2 /Applications/STM32CubeIDE.app/Contents/Eclipse/plugins/com.st.stm32cube.ide.mcu.externaltools.gnu-tools-for-stm32.13.3.rel1.macos64_1.0.0.202411102158/tools/bin/../lib/gcc/arm-none-eabi/13.3.1/../../../../arm-none-eabi/lib/thumb/v7e-m+fp/hard/libc_nano.a(libc_a-lock.o)
                0x0800f400                __retarget_lock_release_recursive
 *fill*         0x0800f402        0x2 
 .text._localeconv_r
                0x0800f404        0x8 /Applications/STM32CubeIDE.app/Contents/Eclipse/plugins/com.st.stm32cube.ide.mcu.externaltools.gnu-tools-for-stm32.13.3.rel1.macos64_1.0.0.202411102158/tools/bin/../lib/gcc/arm-none-eabi/13.3.1/../../../../arm-none-eabi/lib/thumb/v7e-m+fp/hard/libc_nano.a(libc_a-localeconv.o)
                0x0800f404                _localeconv_r
 .text.memcpy   0x0800f40c       0x1c /Applications/STM32CubeIDE.app/Contents/Eclipse/plugins/com.st.stm32cube.ide.mcu.externaltools.gnu-tools-for-stm32.13.3.rel1.macos64_1.0.0.202411102158/tools/bin/../lib/gcc/arm-none-eabi/13.3.1/../../../../arm-none-eabi/lib/thumb/v7e-m+fp/hard/libc_nano.a(libc_a-memcpy-stub.o)
                0x0800f40c                memcpy
 .text.quorem   0x0800f428      0x110 /Applications/STM32CubeIDE.app/Contents/Eclipse/plugins/com.st.stm32cube.ide.mcu.externaltools.gnu-tools-for-stm32.13.3.rel1.macos64_1.0.0.202411102158/tools/bin/../lib/gcc/arm-none-eabi/13.3.1/../../../../arm-none-eabi/lib/thumb/v7e-m+fp/hard/libc_nano.a(libc_a-dtoa.o)
 .text._dtoa_r  0x0800f538      0xba0 /Applications/STM32CubeIDE.app/Contents/Eclipse/plugins/com.st.stm32cube.ide.mcu.externaltools.gnu-tools-for-stm32.13.3.rel1.macos64_1.0.0.202411102158/tools/bin/../lib/gcc/arm-none-eabi/13.3.1/../../../../arm-none-eabi/lib/thumb/v7e-m+fp/hard/libc_nano.a(libc_a-dtoa.o)
                0x0800f538                _dtoa_r
 .text.__ssputs_r
                0x080100d8       0xb6 /Applications/STM32CubeIDE.app/Contents/Eclipse/plugins/com.st.stm32cube.ide.mcu.externaltools.gnu-tools-for-stm32.13.3.rel1.macos64_1.0.0.202411102158/tools/bin/../lib/gcc/arm-none-eabi/13.3.1/../../../../arm-none-eabi/lib/thumb/v7e-m+fp/hard/libc_nano.a(libc_a-nano-svfprintf.o)
                0x080100d8                __ssputs_r
 *fill*         0x0801018e        0x2 
 .text._svfprintf_r
                0x08010190      0x1f8 /Applications/STM32CubeIDE.app/Contents/Eclipse/plugins/com.st.stm32cube.ide.mcu.externaltools.gnu-tools-for-stm32.13.3.rel1.macos64_1.0.0.202411102158/tools/bin/../lib/gcc/arm-none-eabi/13.3.1/../../../../arm-none-eabi/lib/thumb/v7e-m+fp/hard/libc_nano.a(libc_a-nano-svfprintf.o)
                0x08010190                _svfprintf_r
                0x08010190                _svfiprintf_r
 .text.malloc   0x08010388       0x10 /Applications/STM32CubeIDE.app/Contents/Eclipse/plugins/com.st.stm32cube.ide.mcu.externaltools.gnu-tools-for-stm32.13.3.rel1.macos64_1.0.0.202411102158/tools/bin/../lib/gcc/arm-none-eabi/13.3.1/../../../../arm-none-eabi/lib/thumb/v7e-m+fp/hard/libc_nano.a(libc_a-malloc.o)
                0x08010388                malloc
 .text.sbrk_aligned
                0x08010398       0x44 /Applications/STM32CubeIDE.app/Contents/Eclipse/plugins/com.st.stm32cube.ide.mcu.externaltools.gnu-tools-for-stm32.13.3.rel1.macos64_1.0.0.202411102158/tools/bin/../lib/gcc/arm-none-eabi/13.3.1/../../../../arm-none-eabi/lib/thumb/v7e-m+fp/hard/libc_nano.a(libc_a-mallocr.o)
 .text._malloc_r
                0x080103dc      0x100 /Applications/STM32CubeIDE.app/Contents/Eclipse/plugins/com.st.stm32cube.ide.mcu.externaltools.gnu-tools-for-stm32.13.3.rel1.macos64_1.0.0.202411102158/tools/bin/../lib/gcc/arm-none-eabi/13.3.1/../../../../arm-none-eabi/lib/thumb/v7e-m+fp/hard/libc_nano.a(libc_a-mallocr.o)
                0x080103dc                _malloc_r
 .text.__sflush_r
                0x080104dc      0x108 /Applications/STM32CubeIDE.app/Contents/Eclipse/plugins/com.st.stm32cube.ide.mcu.externaltools.gnu-tools-for-stm32.13.3.rel1.macos64_1.0.0.202411102158/tools/bin/../lib/gcc/arm-none-eabi/13.3.1/../../../../arm-none-eabi/lib/thumb/v7e-m+fp/hard/libc_nano.a(libc_a-fflush.o)
                0x080104dc                __sflush_r
 .text._fflush_r
                0x080105e4       0x50 /Applications/STM32CubeIDE.app/Contents/Eclipse/plugins/com.st.stm32cube.ide.mcu.externaltools.gnu-tools-for-stm32.13.3.rel1.macos64_1.0.0.202411102158/tools/bin/../lib/gcc/arm-none-eabi/13.3.1/../../../../arm-none-eabi/lib/thumb/v7e-m+fp/hard/libc_nano.a(libc_a-fflush.o)
                0x080105e4                _fflush_r
 .text.__malloc_lock
                0x08010634        0xc /Applications/STM32CubeIDE.app/Contents/Eclipse/plugins/com.st.stm32cube.ide.mcu.externaltools.gnu-tools-for-stm32.13.3.rel1.macos64_1.0.0.202411102158/tools/bin/../lib/gcc/arm-none-eabi/13.3.1/../../../../arm-none-eabi/lib/thumb/v7e-m+fp/hard/libc_nano.a(libc_a-mlock.o)
                0x08010634                __malloc_lock
 .text.__malloc_unlock
                0x08010640        0xc /Applications/STM32CubeIDE.app/Contents/Eclipse/plugins/com.st.stm32cube.ide.mcu.externaltools.gnu-tools-for-stm32.13.3.rel1.macos64_1.0.0.202411102158/tools/bin/../lib/gcc/arm-none-eabi/13.3.1/../../../../arm-none-eabi/lib/thumb/v7e-m+fp/hard/libc_nano.a(libc_a-mlock.o)
                0x08010640                __malloc_unlock
 .text._Balloc  0x0801064c       0x80 /Applications/STM32CubeIDE.app/Contents/Eclipse/plugins/com.st.stm32cube.ide.mcu.externaltools.gnu-tools-for-stm32.13.3.rel1.macos64_1.0.0.202411102158/tools/bin/../lib/gcc/arm-none-eabi/13.3.1/../../../../arm-none-eabi/lib/thumb/v7e-m+fp/hard/libc_nano.a(libc_a-mprec.o)
                0x0801064c                _Balloc
 .text._Bfree   0x080106cc       0x44 /Applications/STM32CubeIDE.app/Contents/Eclipse/plugins/com.st.stm32cube.ide.mcu.externaltools.gnu-tools-for-stm32.13.3.rel1.macos64_1.0.0.202411102158/tools/bin/../lib/gcc/arm-none-eabi/13.3.1/../../../../arm-none-eabi/lib/thumb/v7e-m+fp/hard/libc_nano.a(libc_a-mprec.o)
                0x080106cc                _Bfree
 .text.__multadd
                0x08010710       0x8c /Applications/STM32CubeIDE.app/Contents/Eclipse/plugins/com.st.stm32cube.ide.mcu.externaltools.gnu-tools-for-stm32.13.3.rel1.macos64_1.0.0.202411102158/tools/bin/../lib/gcc/arm-none-eabi/13.3.1/../../../../arm-none-eabi/lib/thumb/v7e-m+fp/hard/libc_nano.a(libc_a-mprec.o)
                0x08010710                __multadd
 .text.__hi0bits
                0x0801079c       0x3e /Applications/STM32CubeIDE.app/Contents/Eclipse/plugins/com.st.stm32cube.ide.mcu.externaltools.gnu-tools-for-stm32.13.3.rel1.macos64_1.0.0.202411102158/tools/bin/../lib/gcc/arm-none-eabi/13.3.1/../../../../arm-none-eabi/lib/thumb/v7e-m+fp/hard/libc_nano.a(libc_a-mprec.o)
                0x0801079c                __hi0bits
 .text.__lo0bits
                0x080107da       0x5a /Applications/STM32CubeIDE.app/Contents/Eclipse/plugins/com.st.stm32cube.ide.mcu.externaltools.gnu-tools-for-stm32.13.3.rel1.macos64_1.0.0.202411102158/tools/bin/../lib/gcc/arm-none-eabi/13.3.1/../../../../arm-none-eabi/lib/thumb/v7e-m+fp/hard/libc_nano.a(libc_a-mprec.o)
                0x080107da                __lo0bits
 .text.__i2b    0x08010834       0x2c /Applications/STM32CubeIDE.app/Contents/Eclipse/plugins/com.st.stm32cube.ide.mcu.externaltools.gnu-tools-for-stm32.13.3.rel1.macos64_1.0.0.202411102158/tools/bin/../lib/gcc/arm-none-eabi/13.3.1/../../../../arm-none-eabi/lib/thumb/v7e-m+fp/hard/libc_nano.a(libc_a-mprec.o)
                0x08010834                __i2b
 .text.__multiply
                0x08010860      0x144 /Applications/STM32CubeIDE.app/Contents/Eclipse/plugins/com.st.stm32cube.ide.mcu.externaltools.gnu-tools-for-stm32.13.3.rel1.macos64_1.0.0.202411102158/tools/bin/../lib/gcc/arm-none-eabi/13.3.1/../../../../arm-none-eabi/lib/thumb/v7e-m+fp/hard/libc_nano.a(libc_a-mprec.o)
                0x08010860                __multiply
 .text.__pow5mult
                0x080109a4       0xb4 /Applications/STM32CubeIDE.app/Contents/Eclipse/plugins/com.st.stm32cube.ide.mcu.externaltools.gnu-tools-for-stm32.13.3.rel1.macos64_1.0.0.202411102158/tools/bin/../lib/gcc/arm-none-eabi/13.3.1/../../../../arm-none-eabi/lib/thumb/v7e-m+fp/hard/libc_nano.a(libc_a-mprec.o)
                0x080109a4                __pow5mult
 .text.__lshift
                0x08010a58       0xd8 /Applications/STM32CubeIDE.app/Contents/Eclipse/plugins/com.st.stm32cube.ide.mcu.externaltools.gnu-tools-for-stm32.13.3.rel1.macos64_1.0.0.202411102158/tools/bin/../lib/gcc/arm-none-eabi/13.3.1/../../../../arm-none-eabi/lib/thumb/v7e-m+fp/hard/libc_nano.a(libc_a-mprec.o)
                0x08010a58                __lshift
 .text.__mcmp   0x08010b30       0x36 /Applications/STM32CubeIDE.app/Contents/Eclipse/plugins/com.st.stm32cube.ide.mcu.externaltools.gnu-tools-for-stm32.13.3.rel1.macos64_1.0.0.202411102158/tools/bin/../lib/gcc/arm-none-eabi/13.3.1/../../../../arm-none-eabi/lib/thumb/v7e-m+fp/hard/libc_nano.a(libc_a-mprec.o)
                0x08010b30                __mcmp
 *fill*         0x08010b66        0x2 
 .text.__mdiff  0x08010b68      0x128 /Applications/STM32CubeIDE.app/Contents/Eclipse/plugins/com.st.stm32cube.ide.mcu.externaltools.gnu-tools-for-stm32.13.3.rel1.macos64_1.0.0.202411102158/tools/bin/../lib/gcc/arm-none-eabi/13.3.1/../../../../arm-none-eabi/lib/thumb/v7e-m+fp/hard/libc_nano.a(libc_a-mprec.o)
                0x08010b68                __mdiff
 .text.__d2b    0x08010c90       0xb0 /Applications/STM32CubeIDE.app/Contents/Eclipse/plugins/com.st.stm32cube.ide.mcu.externaltools.gnu-tools-for-stm32.13.3.rel1.macos64_1.0.0.202411102158/tools/bin/../lib/gcc/arm-none-eabi/13.3.1/../../../../arm-none-eabi/lib/thumb/v7e-m+fp/hard/libc_nano.a(libc_a-mprec.o)
                0x08010c90                __d2b
 .text.__sread  0x08010d40       0x22 /Applications/STM32CubeIDE.app/Contents/Eclipse/plugins/com.st.stm32cube.ide.mcu.externaltools.gnu-tools-for-stm32.13.3.rel1.macos64_1.0.0.202411102158/tools/bin/../lib/gcc/arm-none-eabi/13.3.1/../../../../arm-none-eabi/lib/thumb/v7e-m+fp/hard/libc_nano.a(libc_a-stdio.o)
                0x08010d40                __sread
 .text.__swrite
                0x08010d62       0x38 /Applications/STM32CubeIDE.app/Contents/Eclipse/plugins/com.st.stm32cube.ide.mcu.externaltools.gnu-tools-for-stm32.13.3.rel1.macos64_1.0.0.202411102158/tools/bin/../lib/gcc/arm-none-eabi/13.3.1/../../../../arm-none-eabi/lib/thumb/v7e-m+fp/hard/libc_nano.a(libc_a-stdio.o)
                0x08010d62                __swrite
 .text.__sseek  0x08010d9a       0x24 /Applications/STM32CubeIDE.app/Contents/Eclipse/plugins/com.st.stm32cube.ide.mcu.externaltools.gnu-tools-for-stm32.13.3.rel1.macos64_1.0.0.202411102158/tools/bin/../lib/gcc/arm-none-eabi/13.3.1/../../../../arm-none-eabi/lib/thumb/v7e-m+fp/hard/libc_nano.a(libc_a-stdio.o)
                0x08010d9a                __sseek
 .text.__sclose
                0x08010dbe        0x8 /Applications/STM32CubeIDE.app/Contents/Eclipse/plugins/com.st.stm32cube.ide.mcu.externaltools.gnu-tools-for-stm32.13.3.rel1.macos64_1.0.0.202411102158/tools/bin/../lib/gcc/arm-none-eabi/13.3.1/../../../../arm-none-eabi/lib/thumb/v7e-m+fp/hard/libc_nano.a(libc_a-stdio.o)
                0x08010dbe                __sclose
 .text._realloc_r
                0x08010dc6       0x5c /Applications/STM32CubeIDE.app/Contents/Eclipse/plugins/com.st.stm32cube.ide.mcu.externaltools.gnu-tools-for-stm32.13.3.rel1.macos64_1.0.0.202411102158/tools/bin/../lib/gcc/arm-none-eabi/13.3.1/../../../../arm-none-eabi/lib/thumb/v7e-m+fp/hard/libc_nano.a(libc_a-reallocr.o)
                0x08010dc6                _realloc_r
 .text.memmove  0x08010e22       0x34 /Applications/STM32CubeIDE.app/Contents/Eclipse/plugins/com.st.stm32cube.ide.mcu.externaltools.gnu-tools-for-stm32.13.3.rel1.macos64_1.0.0.202411102158/tools/bin/../lib/gcc/arm-none-eabi/13.3.1/../../../../arm-none-eabi/lib/thumb/v7e-m+fp/hard/libc_nano.a(libc_a-memmove.o)
                0x08010e22                memmove
 *fill*         0x08010e56        0x2 
 .text._lseek_r
                0x08010e58       0x24 /Applications/STM32CubeIDE.app/Contents/Eclipse/plugins/com.st.stm32cube.ide.mcu.externaltools.gnu-tools-for-stm32.13.3.rel1.macos64_1.0.0.202411102158/tools/bin/../lib/gcc/arm-none-eabi/13.3.1/../../../../arm-none-eabi/lib/thumb/v7e-m+fp/hard/libc_nano.a(libc_a-lseekr.o)
                0x08010e58                _lseek_r
 .text._read_r  0x08010e7c       0x24 /Applications/STM32CubeIDE.app/Contents/Eclipse/plugins/com.st.stm32cube.ide.mcu.externaltools.gnu-tools-for-stm32.13.3.rel1.macos64_1.0.0.202411102158/tools/bin/../lib/gcc/arm-none-eabi/13.3.1/../../../../arm-none-eabi/lib/thumb/v7e-m+fp/hard/libc_nano.a(libc_a-readr.o)
                0x08010e7c                _read_r
 .text._sbrk_r  0x08010ea0       0x20 /Applications/STM32CubeIDE.app/Contents/Eclipse/plugins/com.st.stm32cube.ide.mcu.externaltools.gnu-tools-for-stm32.13.3.rel1.macos64_1.0.0.202411102158/tools/bin/../lib/gcc/arm-none-eabi/13.3.1/../../../../arm-none-eabi/lib/thumb/v7e-m+fp/hard/libc_nano.a(libc_a-sbrkr.o)
                0x08010ea0                _sbrk_r
 .text._write_r
                0x08010ec0       0x24 /Applications/STM32CubeIDE.app/Contents/Eclipse/plugins/com.st.stm32cube.ide.mcu.externaltools.gnu-tools-for-stm32.13.3.rel1.macos64_1.0.0.202411102158/tools/bin/../lib/gcc/arm-none-eabi/13.3.1/../../../../arm-none-eabi/lib/thumb/v7e-m+fp/hard/libc_nano.a(libc_a-writer.o)
                0x08010ec0                _write_r
 .text._close_r
                0x08010ee4       0x20 /Applications/STM32CubeIDE.app/Contents/Eclipse/plugins/com.st.stm32cube.ide.mcu.externaltools.gnu-tools-for-stm32.13.3.rel1.macos64_1.0.0.202411102158/tools/bin/../lib/gcc/arm-none-eabi/13.3.1/../../../../arm-none-eabi/lib/thumb/v7e-m+fp/hard/libc_nano.a(libc_a-closer.o)
                0x08010ee4                _close_r
 .text.__assert_func
                0x08010f04       0x3c /Applications/STM32CubeIDE.app/Contents/Eclipse/plugins/com.st.stm32cube.ide.mcu.externaltools.gnu-tools-for-stm32.13.3.rel1.macos64_1.0.0.202411102158/tools/bin/../lib/gcc/arm-none-eabi/13.3.1/../../../../arm-none-eabi/lib/thumb/v7e-m+fp/hard/libc_nano.a(libc_a-assert.o)
                0x08010f04                __assert_func
 .text._calloc_r
                0x08010f40       0x28 /Applications/STM32CubeIDE.app/Contents/Eclipse/plugins/com.st.stm32cube.ide.mcu.externaltools.gnu-tools-for-stm32.13.3.rel1.macos64_1.0.0.202411102158/tools/bin/../lib/gcc/arm-none-eabi/13.3.1/../../../../arm-none-eabi/lib/thumb/v7e-m+fp/hard/libc_nano.a(libc_a-callocr.o)
                0x08010f40                _calloc_r
 .text._free_r  0x08010f68       0x94 /Applications/STM32CubeIDE.app/Contents/Eclipse/plugins/com.st.stm32cube.ide.mcu.externaltools.gnu-tools-for-stm32.13.3.rel1.macos64_1.0.0.202411102158/tools/bin/../lib/gcc/arm-none-eabi/13.3.1/../../../../arm-none-eabi/lib/thumb/v7e-m+fp/hard/libc_nano.a(libc_a-freer.o)
                0x08010f68                _free_r
 .text.__ascii_mbtowc
                0x08010ffc       0x24 /Applications/STM32CubeIDE.app/Contents/Eclipse/plugins/com.st.stm32cube.ide.mcu.externaltools.gnu-tools-for-stm32.13.3.rel1.macos64_1.0.0.202411102158/tools/bin/../lib/gcc/arm-none-eabi/13.3.1/../../../../arm-none-eabi/lib/thumb/v7e-m+fp/hard/libc_nano.a(libc_a-mbtowc_r.o)
                0x08010ffc                __ascii_mbtowc
 .text._malloc_usable_size_r
                0x08011020       0x10 /Applications/STM32CubeIDE.app/Contents/Eclipse/plugins/com.st.stm32cube.ide.mcu.externaltools.gnu-tools-for-stm32.13.3.rel1.macos64_1.0.0.202411102158/tools/bin/../lib/gcc/arm-none-eabi/13.3.1/../../../../arm-none-eabi/lib/thumb/v7e-m+fp/hard/libc_nano.a(libc_a-msizer.o)
                0x08011020                _malloc_usable_size_r
 .text.fprintf  0x08011030       0x24 /Applications/STM32CubeIDE.app/Contents/Eclipse/plugins/com.st.stm32cube.ide.mcu.externaltools.gnu-tools-for-stm32.13.3.rel1.macos64_1.0.0.202411102158/tools/bin/../lib/gcc/arm-none-eabi/13.3.1/../../../../arm-none-eabi/lib/thumb/v7e-m+fp/hard/libc_nano.a(libc_a-fprintf.o)
                0x08011030                fprintf
                0x08011030                fiprintf
 .text.__ascii_wctomb
                0x08011054       0x1a /Applications/STM32CubeIDE.app/Contents/Eclipse/plugins/com.st.stm32cube.ide.mcu.externaltools.gnu-tools-for-stm32.13.3.rel1.macos64_1.0.0.202411102158/tools/bin/../lib/gcc/arm-none-eabi/13.3.1/../../../../arm-none-eabi/lib/thumb/v7e-m+fp/hard/libc_nano.a(libc_a-wctomb_r.o)
                0x08011054                __ascii_wctomb
 .text.abort    0x0801106e        0xe /Applications/STM32CubeIDE.app/Contents/Eclipse/plugins/com.st.stm32cube.ide.mcu.externaltools.gnu-tools-for-stm32.13.3.rel1.macos64_1.0.0.202411102158/tools/bin/../lib/gcc/arm-none-eabi/13.3.1/../../../../arm-none-eabi/lib/thumb/v7e-m+fp/hard/libc_nano.a(libc_a-abort.o)
                0x0801106e                abort
 .text.__sfputc_r
                0x0801107c       0x2e /Applications/STM32CubeIDE.app/Contents/Eclipse/plugins/com.st.stm32cube.ide.mcu.externaltools.gnu-tools-for-stm32.13.3.rel1.macos64_1.0.0.202411102158/tools/bin/../lib/gcc/arm-none-eabi/13.3.1/../../../../arm-none-eabi/lib/thumb/v7e-m+fp/hard/libc_nano.a(libc_a-nano-vfprintf.o)
 .text.__sfputs_r
                0x080110aa       0x24 /Applications/STM32CubeIDE.app/Contents/Eclipse/plugins/com.st.stm32cube.ide.mcu.externaltools.gnu-tools-for-stm32.13.3.rel1.macos64_1.0.0.202411102158/tools/bin/../lib/gcc/arm-none-eabi/13.3.1/../../../../arm-none-eabi/lib/thumb/v7e-m+fp/hard/libc_nano.a(libc_a-nano-vfprintf.o)
                0x080110aa                __sfputs_r
 *fill*         0x080110ce        0x2 
 .text._vfprintf_r
                0x080110d0      0x230 /Applications/STM32CubeIDE.app/Contents/Eclipse/plugins/com.st.stm32cube.ide.mcu.externaltools.gnu-tools-for-stm32.13.3.rel1.macos64_1.0.0.202411102158/tools/bin/../lib/gcc/arm-none-eabi/13.3.1/../../../../arm-none-eabi/lib/thumb/v7e-m+fp/hard/libc_nano.a(libc_a-nano-vfprintf.o)
                0x080110d0                _vfiprintf_r
                0x080110d0                _vfprintf_r
 .text.__swbuf_r
                0x08011300       0x7c /Applications/STM32CubeIDE.app/Contents/Eclipse/plugins/com.st.stm32cube.ide.mcu.externaltools.gnu-tools-for-stm32.13.3.rel1.macos64_1.0.0.202411102158/tools/bin/../lib/gcc/arm-none-eabi/13.3.1/../../../../arm-none-eabi/lib/thumb/v7e-m+fp/hard/libc_nano.a(libc_a-wbuf.o)
                0x08011300                __swbuf_r
 .text.__swsetup_r
                0x0801137c       0xac /Applications/STM32CubeIDE.app/Contents/Eclipse/plugins/com.st.stm32cube.ide.mcu.externaltools.gnu-tools-for-stm32.13.3.rel1.macos64_1.0.0.202411102158/tools/bin/../lib/gcc/arm-none-eabi/13.3.1/../../../../arm-none-eabi/lib/thumb/v7e-m+fp/hard/libc_nano.a(libc_a-wsetup.o)
                0x0801137c                __swsetup_r
 .text.__swhatbuf_r
                0x08011428       0x4c /Applications/STM32CubeIDE.app/Contents/Eclipse/plugins/com.st.stm32cube.ide.mcu.externaltools.gnu-tools-for-stm32.13.3.rel1.macos64_1.0.0.202411102158/tools/bin/../lib/gcc/arm-none-eabi/13.3.1/../../../../arm-none-eabi/lib/thumb/v7e-m+fp/hard/libc_nano.a(libc_a-makebuf.o)
                0x08011428                __swhatbuf_r
 .text.__smakebuf_r
                0x08011474       0x78 /Applications/STM32CubeIDE.app/Contents/Eclipse/plugins/com.st.stm32cube.ide.mcu.externaltools.gnu-tools-for-stm32.13.3.rel1.macos64_1.0.0.202411102158/tools/bin/../lib/gcc/arm-none-eabi/13.3.1/../../../../arm-none-eabi/lib/thumb/v7e-m+fp/hard/libc_nano.a(libc_a-makebuf.o)
                0x08011474                __smakebuf_r
 .text._raise_r
                0x080114ec       0x50 /Applications/STM32CubeIDE.app/Contents/Eclipse/plugins/com.st.stm32cube.ide.mcu.externaltools.gnu-tools-for-stm32.13.3.rel1.macos64_1.0.0.202411102158/tools/bin/../lib/gcc/arm-none-eabi/13.3.1/../../../../arm-none-eabi/lib/thumb/v7e-m+fp/hard/libc_nano.a(libc_a-signal.o)
                0x080114ec                _raise_r
 .text.raise    0x0801153c       0x10 /Applications/STM32CubeIDE.app/Contents/Eclipse/plugins/com.st.stm32cube.ide.mcu.externaltools.gnu-tools-for-stm32.13.3.rel1.macos64_1.0.0.202411102158/tools/bin/../lib/gcc/arm-none-eabi/13.3.1/../../../../arm-none-eabi/lib/thumb/v7e-m+fp/hard/libc_nano.a(libc_a-signal.o)
                0x0801153c                raise
 .text._isatty_r
                0x0801154c       0x20 /Applications/STM32CubeIDE.app/Contents/Eclipse/plugins/com.st.stm32cube.ide.mcu.externaltools.gnu-tools-for-stm32.13.3.rel1.macos64_1.0.0.202411102158/tools/bin/../lib/gcc/arm-none-eabi/13.3.1/../../../../arm-none-eabi/lib/thumb/v7e-m+fp/hard/libc_nano.a(libc_a-isattyr.o)
                0x0801154c                _isatty_r
 .text._kill_r  0x0801156c       0x24 /Applications/STM32CubeIDE.app/Contents/Eclipse/plugins/com.st.stm32cube.ide.mcu.externaltools.gnu-tools-for-stm32.13.3.rel1.macos64_1.0.0.202411102158/tools/bin/../lib/gcc/arm-none-eabi/13.3.1/../../../../arm-none-eabi/lib/thumb/v7e-m+fp/hard/libc_nano.a(libc_a-signalr.o)
                0x0801156c                _kill_r
 .text._getpid_r
                0x08011590        0x4 /Applications/STM32CubeIDE.app/Contents/Eclipse/plugins/com.st.stm32cube.ide.mcu.externaltools.gnu-tools-for-stm32.13.3.rel1.macos64_1.0.0.202411102158/tools/bin/../lib/gcc/arm-none-eabi/13.3.1/../../../../arm-none-eabi/lib/thumb/v7e-m+fp/hard/libc_nano.a(libc_a-signalr.o)
                0x08011590                _getpid_r
 .text._fstat_r
                0x08011594       0x24 /Applications/STM32CubeIDE.app/Contents/Eclipse/plugins/com.st.stm32cube.ide.mcu.externaltools.gnu-tools-for-stm32.13.3.rel1.macos64_1.0.0.202411102158/tools/bin/../lib/gcc/arm-none-eabi/13.3.1/../../../../arm-none-eabi/lib/thumb/v7e-m+fp/hard/libc_nano.a(libc_a-fstatr.o)
                0x08011594                _fstat_r
 .text.asinf    0x080115b8       0x58 /Applications/STM32CubeIDE.app/Contents/Eclipse/plugins/com.st.stm32cube.ide.mcu.externaltools.gnu-tools-for-stm32.13.3.rel1.macos64_1.0.0.202411102158/tools/bin/../lib/gcc/arm-none-eabi/13.3.1/../../../../arm-none-eabi/lib/thumb/v7e-m+fp/hard/libm.a(libm_a-wf_asin.o)
                0x080115b8                asinf
 .text.atan2f   0x08011610        0x4 /Applications/STM32CubeIDE.app/Contents/Eclipse/plugins/com.st.stm32cube.ide.mcu.externaltools.gnu-tools-for-stm32.13.3.rel1.macos64_1.0.0.202411102158/tools/bin/../lib/gcc/arm-none-eabi/13.3.1/../../../../arm-none-eabi/lib/thumb/v7e-m+fp/hard/libm.a(libm_a-wf_atan2.o)
                0x08011610                atan2f
 .text.sqrtf    0x08011614       0x3c /Applications/STM32CubeIDE.app/Contents/Eclipse/plugins/com.st.stm32cube.ide.mcu.externaltools.gnu-tools-for-stm32.13.3.rel1.macos64_1.0.0.202411102158/tools/bin/../lib/gcc/arm-none-eabi/13.3.1/../../../../arm-none-eabi/lib/thumb/v7e-m+fp/hard/libm.a(libm_a-wf_sqrt.o)
                0x08011614                sqrtf
 .text.cosf     0x08011650       0x88 /Applications/STM32CubeIDE.app/Contents/Eclipse/plugins/com.st.stm32cube.ide.mcu.externaltools.gnu-tools-for-stm32.13.3.rel1.macos64_1.0.0.202411102158/tools/bin/../lib/gcc/arm-none-eabi/13.3.1/../../../../arm-none-eabi/lib/thumb/v7e-m+fp/hard/libm.a(libm_a-sf_cos.o)
                0x08011650                cosf
 .text.fabsf    0x080116d8        0xe /Applications/STM32CubeIDE.app/Contents/Eclipse/plugins/com.st.stm32cube.ide.mcu.externaltools.gnu-tools-for-stm32.13.3.rel1.macos64_1.0.0.202411102158/tools/bin/../lib/gcc/arm-none-eabi/13.3.1/../../../../arm-none-eabi/lib/thumb/v7e-m+fp/hard/libm.a(libm_a-sf_fabs.o)
                0x080116d8                fabsf
 *fill*         0x080116e6        0x2 
 .text.nanf     0x080116e8        0xc /Applications/STM32CubeIDE.app/Contents/Eclipse/plugins/com.st.stm32cube.ide.mcu.externaltools.gnu-tools-for-stm32.13.3.rel1.macos64_1.0.0.202411102158/tools/bin/../lib/gcc/arm-none-eabi/13.3.1/../../../../arm-none-eabi/lib/thumb/v7e-m+fp/hard/libm.a(libm_a-sf_nan.o)
                0x080116e8                nanf
 .text.sinf     0x080116f4       0x8c /Applications/STM32CubeIDE.app/Contents/Eclipse/plugins/com.st.stm32cube.ide.mcu.externaltools.gnu-tools-for-stm32.13.3.rel1.macos64_1.0.0.202411102158/tools/bin/../lib/gcc/arm-none-eabi/13.3.1/../../../../arm-none-eabi/lib/thumb/v7e-m+fp/hard/libm.a(libm_a-sf_sin.o)
                0x080116f4                sinf
 .text.__kernel_cosf
                0x08011780       0xb0 /Applications/STM32CubeIDE.app/Contents/Eclipse/plugins/com.st.stm32cube.ide.mcu.externaltools.gnu-tools-for-stm32.13.3.rel1.macos64_1.0.0.202411102158/tools/bin/../lib/gcc/arm-none-eabi/13.3.1/../../../../arm-none-eabi/lib/thumb/v7e-m+fp/hard/libm.a(libm_a-kf_cos.o)
                0x08011780                __kernel_cosf
 .text.__kernel_sinf
                0x08011830       0x90 /Applications/STM32CubeIDE.app/Contents/Eclipse/plugins/com.st.stm32cube.ide.mcu.externaltools.gnu-tools-for-stm32.13.3.rel1.macos64_1.0.0.202411102158/tools/bin/../lib/gcc/arm-none-eabi/13.3.1/../../../../arm-none-eabi/lib/thumb/v7e-m+fp/hard/libm.a(libm_a-kf_sin.o)
                0x08011830                __kernel_sinf
 .text.__ieee754_asinf
                0x080118c0      0x1c8 /Applications/STM32CubeIDE.app/Contents/Eclipse/plugins/com.st.stm32cube.ide.mcu.externaltools.gnu-tools-for-stm32.13.3.rel1.macos64_1.0.0.202411102158/tools/bin/../lib/gcc/arm-none-eabi/13.3.1/../../../../arm-none-eabi/lib/thumb/v7e-m+fp/hard/libm.a(libm_a-ef_asin.o)
                0x080118c0                __ieee754_asinf
 .text.__ieee754_atan2f
                0x08011a88      0x140 /Applications/STM32CubeIDE.app/Contents/Eclipse/plugins/com.st.stm32cube.ide.mcu.externaltools.gnu-tools-for-stm32.13.3.rel1.macos64_1.0.0.202411102158/tools/bin/../lib/gcc/arm-none-eabi/13.3.1/../../../../arm-none-eabi/lib/thumb/v7e-m+fp/hard/libm.a(libm_a-ef_atan2.o)
                0x08011a88                __ieee754_atan2f
 .text.__ieee754_sqrtf
                0x08011bc8        0x6 /Applications/STM32CubeIDE.app/Contents/Eclipse/plugins/com.st.stm32cube.ide.mcu.externaltools.gnu-tools-for-stm32.13.3.rel1.macos64_1.0.0.202411102158/tools/bin/../lib/gcc/arm-none-eabi/13.3.1/../../../../arm-none-eabi/lib/thumb/v7e-m+fp/hard/libm.a(libm_a-ef_sqrt.o)
                0x08011bc8                __ieee754_sqrtf
 *fill*         0x08011bce        0x2 
 .text.__ieee754_rem_pio2f