\BOOKMARK [1][-]{section.1}{\376\377\000E\000x\000e\000c\000u\000t\000i\000v\000e\000\040\000S\000u\000m\000m\000a\000r\000y}{}% 1
\BOOKMARK [1][-]{section.2}{\376\377\000U\000n\000t\000e\000r\000n\000e\000h\000m\000e\000n\000s\000k\000o\000n\000z\000e\000p\000t}{}% 2
\BOOKMARK [2][-]{subsection.2.1}{\376\377\000G\000e\000s\000c\000h\000\344\000f\000t\000s\000i\000d\000e\000e}{section.2}% 3
\BOOKMARK [2][-]{subsection.2.2}{\376\377\000V\000i\000s\000i\000o\000n\000\040\000u\000n\000d\000\040\000M\000i\000s\000s\000i\000o\000n}{section.2}% 4
\BOOKMARK [2][-]{subsection.2.3}{\376\377\000R\000e\000c\000h\000t\000s\000f\000o\000r\000m\000\040\000u\000n\000d\000\040\000O\000r\000g\000a\000n\000i\000s\000a\000t\000i\000o\000n\000s\000s\000t\000r\000u\000k\000t\000u\000r}{section.2}% 5
\BOOKMARK [1][-]{section.3}{\376\377\000M\000a\000r\000k\000t\000a\000n\000a\000l\000y\000s\000e}{}% 6
\BOOKMARK [2][-]{subsection.3.1}{\376\377\000M\000a\000r\000k\000t\000g\000r\000\366\000\337\000e\000\040\000u\000n\000d\000\040\000M\000a\000r\000k\000t\000t\000r\000e\000n\000d\000s}{section.3}% 7
\BOOKMARK [2][-]{subsection.3.2}{\376\377\000Z\000i\000e\000l\000g\000r\000u\000p\000p\000e}{section.3}% 8
\BOOKMARK [2][-]{subsection.3.3}{\376\377\000W\000e\000t\000t\000b\000e\000w\000e\000r\000b\000s\000a\000n\000a\000l\000y\000s\000e}{section.3}% 9
\BOOKMARK [1][-]{section.4}{\376\377\000M\000a\000r\000k\000e\000t\000i\000n\000g\000-\000\040\000u\000n\000d\000\040\000V\000e\000r\000t\000r\000i\000e\000b\000s\000s\000t\000r\000a\000t\000e\000g\000i\000e}{}% 10
\BOOKMARK [2][-]{subsection.4.1}{\376\377\000P\000r\000o\000d\000u\000k\000t\000p\000o\000s\000i\000t\000i\000o\000n\000i\000e\000r\000u\000n\000g}{section.4}% 11
\BOOKMARK [2][-]{subsection.4.2}{\376\377\000M\000a\000r\000k\000e\000t\000i\000n\000g\000m\000a\000\337\000n\000a\000h\000m\000e\000n}{section.4}% 12
\BOOKMARK [2][-]{subsection.4.3}{\376\377\000V\000e\000r\000t\000r\000i\000e\000b\000s\000k\000a\000n\000\344\000l\000e}{section.4}% 13
\BOOKMARK [2][-]{subsection.4.4}{\376\377\000P\000r\000e\000i\000s\000g\000e\000s\000t\000a\000l\000t\000u\000n\000g}{section.4}% 14
\BOOKMARK [1][-]{section.5}{\376\377\000L\000e\000i\000s\000t\000u\000n\000g\000s\000e\000r\000s\000t\000e\000l\000l\000u\000n\000g}{}% 15
\BOOKMARK [2][-]{subsection.5.1}{\376\377\000P\000r\000o\000d\000u\000k\000t\000e\000n\000t\000w\000i\000c\000k\000l\000u\000n\000g}{section.5}% 16
\BOOKMARK [2][-]{subsection.5.2}{\376\377\000L\000i\000e\000f\000e\000r\000a\000n\000t\000e\000n\000\040\000u\000n\000d\000\040\000P\000a\000r\000t\000n\000e\000r\000s\000c\000h\000a\000f\000t\000e\000n}{section.5}% 17
\BOOKMARK [2][-]{subsection.5.3}{\376\377\000T\000e\000c\000h\000n\000o\000l\000o\000g\000i\000e\000\040\000u\000n\000d\000\040\000I\000n\000f\000r\000a\000s\000t\000r\000u\000k\000t\000u\000r}{section.5}% 18
\BOOKMARK [1][-]{section.6}{\376\377\000M\000a\000n\000a\000g\000e\000m\000e\000n\000t\000\040\000u\000n\000d\000\040\000O\000r\000g\000a\000n\000i\000s\000a\000t\000i\000o\000n}{}% 19
\BOOKMARK [2][-]{subsection.6.1}{\376\377\000O\000r\000g\000a\000n\000i\000s\000a\000t\000i\000o\000n\000s\000s\000t\000r\000u\000k\000t\000u\000r}{section.6}% 20
\BOOKMARK [2][-]{subsection.6.2}{\376\377\000G\000r\000\374\000n\000d\000e\000r\000t\000e\000a\000m}{section.6}% 21
\BOOKMARK [2][-]{subsection.6.3}{\376\377\000P\000e\000r\000s\000o\000n\000a\000l\000p\000l\000a\000n\000u\000n\000g}{section.6}% 22
\BOOKMARK [1][-]{section.7}{\376\377\000F\000i\000n\000a\000n\000z\000p\000l\000a\000n\000u\000n\000g}{}% 23
\BOOKMARK [2][-]{subsection.7.1}{\376\377\000K\000a\000p\000i\000t\000a\000l\000b\000e\000d\000a\000r\000f\000s\000p\000l\000a\000n}{section.7}% 24
\BOOKMARK [2][-]{subsection.7.2}{\376\377\000R\000e\000n\000t\000a\000b\000i\000l\000i\000t\000\344\000t\000s\000p\000r\000o\000g\000n\000o\000s\000e}{section.7}% 25
\BOOKMARK [2][-]{subsection.7.3}{\376\377\000B\000r\000e\000a\000k\000-\000E\000v\000e\000n\000-\000A\000n\000a\000l\000y\000s\000e}{section.7}% 26
\BOOKMARK [2][-]{subsection.7.4}{\376\377\000F\000i\000n\000a\000n\000z\000i\000e\000r\000u\000n\000g\000s\000q\000u\000e\000l\000l\000e\000n}{section.7}% 27
\BOOKMARK [1][-]{section.8}{\376\377\000R\000i\000s\000i\000k\000o\000m\000a\000n\000a\000g\000e\000m\000e\000n\000t}{}% 28
\BOOKMARK [2][-]{subsection.8.1}{\376\377\000I\000d\000e\000n\000t\000i\000f\000i\000z\000i\000e\000r\000t\000e\000\040\000R\000i\000s\000i\000k\000e\000n}{section.8}% 29
\BOOKMARK [2][-]{subsection.8.2}{\376\377\000R\000i\000s\000i\000k\000o\000m\000i\000n\000d\000e\000r\000u\000n\000g\000s\000m\000a\000\337\000n\000a\000h\000m\000e\000n}{section.8}% 30
\BOOKMARK [1][-]{section.9}{\376\377\000M\000e\000i\000l\000e\000n\000s\000t\000e\000i\000n\000e\000\040\000u\000n\000d\000\040\000Z\000e\000i\000t\000p\000l\000a\000n}{}% 31
\BOOKMARK [1][-]{section.10}{\376\377\000A\000n\000h\000a\000n\000g}{}% 32
